Archive member included to satisfy reference by file (symbol)

platform/libplatform_s.a(hw_init.o)
                              secure_fw/CMakeFiles/tfm_s.dir/__/platform/ext/target/nordic_nrf/common/core/startup.o (hw_init_reset_on_boot)
platform/libplatform_s.a(system_nrf91.o)
                              secure_fw/CMakeFiles/tfm_s.dir/__/platform/ext/target/nordic_nrf/common/core/startup.o (SystemInit)
platform/libplatform_s.a(exception_info.o)
                              secure_fw/CMakeFiles/tfm_s.dir/__/platform/ext/target/nordic_nrf/common/core/startup_nrf91.o (store_and_dump_context)
platform/libplatform_s.a(uart_stdout.o)
                              platform/libplatform_s.a(exception_info.o) (stdio_init)
platform/libplatform_s.a(tfm_hal_spm_logdev_peripheral.o)
                              platform/libplatform_s.a(exception_info.o) (tfm_hal_output_spm_log)
platform/libplatform_s.a(Driver_USART.o)
                              platform/libplatform_s.a(uart_stdout.o) (Driver_USART1)
platform/libplatform_s.a(nrfx_uarte.o)
                              platform/libplatform_s.a(Driver_USART.o) (nrfx_uarte_init)
platform/libplatform_s.a(nrfx_glue.o)
                              platform/libplatform_s.a(nrfx_uarte.o) (nrfx_critical_section_enter)
platform/libplatform_s.a(spu.o)
                              platform/libplatform_s.a(Driver_USART.o) (spu_peripheral_config_secure)
secure_fw/partitions/lib/runtime/libtfm_sprt.a(crt_memmove.o)
                              platform/libplatform_s.a(nrfx_uarte.o) (memmove)
secure_fw/partitions/lib/runtime/libtfm_sprt.a(crt_memcpy.o)
                              platform/libplatform_s.a(exception_info.o) (memcpy)
secure_fw/partitions/lib/runtime/libtfm_sprt.a(crt_memset.o)
                              c:/ncs/toolchains/0b393f9e1b/opt/zephyr-sdk/arm-zephyr-eabi/bin/../lib/gcc/arm-zephyr-eabi/12.2.0/../../../../arm-zephyr-eabi/lib/thumb/v8-m.main+fp/hard/crt0.o (memset)
secure_fw/partitions/lib/runtime/libtfm_sprt.a(psa_api_ipc.o)
                              secure_fw/CMakeFiles/tfm_s.dir/partitions/ns_agent_tz/psa_api_veneers_v80m.o (psa_framework_version)
secure_fw/partitions/lib/runtime/libtfm_sprt.a(sprt_partition_metadata_indicator.o)
                              secure_fw/partitions/lib/runtime/libtfm_sprt.a(psa_api_ipc.o) (p_partition_metadata)
secure_fw/spm/libtfm_spm.a(utilities.o)
                              secure_fw/CMakeFiles/tfm_s.dir/__/platform/ext/target/nordic_nrf/common/core/startup.o (tfm_core_panic)
secure_fw/spm/libtfm_spm.a(spm_log.o)
                              platform/libplatform_s.a(exception_info.o) (spm_log_msgval)
secure_fw/spm/libtfm_spm.a(main.o)
                              c:/ncs/toolchains/0b393f9e1b/opt/zephyr-sdk/arm-zephyr-eabi/bin/../lib/gcc/arm-zephyr-eabi/12.2.0/../../../../arm-zephyr-eabi/lib/thumb/v8-m.main+fp/hard/crt0.o (main)
secure_fw/spm/libtfm_spm.a(tfm_arch_v8m_main.o)
                              secure_fw/spm/libtfm_spm.a(main.o) (tfm_arch_set_secure_exception_priorities)
secure_fw/spm/libtfm_spm.a(ns_agent_tz_v80m.o)
                              secure_fw/CMakeFiles/tfm_s.dir/partitions/ns_agent_tz/load_info_ns_agent_tz.o (ns_agent_tz_main)
secure_fw/spm/libtfm_spm.a(tfm_hal_isolation.o)
                              secure_fw/spm/libtfm_spm.a(main.o) (tfm_hal_set_up_static_boundaries)
secure_fw/spm/libtfm_spm.a(faults.o)
                              secure_fw/CMakeFiles/tfm_s.dir/__/platform/ext/target/nordic_nrf/common/core/startup_nrf91.o (SPU_IRQHandler)
secure_fw/spm/libtfm_spm.a(target_cfg.o)
                              secure_fw/spm/libtfm_spm.a(tfm_hal_isolation.o) (sau_and_idau_cfg)
secure_fw/spm/libtfm_spm.a(tfm_boot_data.o)
                              secure_fw/spm/libtfm_spm.a(main.o) (tfm_core_validate_boot_data)
secure_fw/spm/libtfm_spm.a(spm_ipc.o)
                              secure_fw/spm/libtfm_spm.a(tfm_boot_data.o) (tfm_spm_partition_get_running_partition_id)
secure_fw/spm/libtfm_spm.a(rom_loader.o)
                              secure_fw/spm/libtfm_spm.a(spm_ipc.o) (load_a_partition_assuredly)
secure_fw/spm/libtfm_spm.a(backend_ipc.o)
                              secure_fw/spm/libtfm_spm.a(spm_ipc.o) (backend_init_comp_assuredly)
secure_fw/spm/libtfm_spm.a(tfm_svcalls.o)
                              secure_fw/spm/libtfm_spm.a(tfm_arch_v8m_main.o) (spm_svc_handler)
secure_fw/spm/libtfm_spm.a(thread.o)
                              secure_fw/spm/libtfm_spm.a(backend_ipc.o) (thrd_set_query_callback)
secure_fw/spm/libtfm_spm.a(tfm_spm_ns_ctx.o)
                              secure_fw/spm/libtfm_spm.a(backend_ipc.o) (tz_ns_agent_register_client_id_range)
secure_fw/spm/libtfm_spm.a(spm_connection_pool.o)
                              secure_fw/spm/libtfm_spm.a(spm_ipc.o) (connection_to_handle)
secure_fw/spm/libtfm_spm.a(tfm_hal_platform_common.o)
                              secure_fw/spm/libtfm_spm.a(tfm_spm_ns_ctx.o) (tfm_hal_get_ns_VTOR)
[...]
Memory Configuration

Name             Origin             Length             Attributes
FLASH            0x0000000000030200 0x0000000000017e00 xr
RAM              0x0000000020000000 0x0000000000010000 rw
*default*        0x0000000000000000 0xffffffffffffffff

Linker script and memory map

LOAD c:/ncs/toolchains/0b393f9e1b/opt/zephyr-sdk/arm-zephyr-eabi/bin/../lib/gcc/arm-zephyr-eabi/12.2.0/thumb/v8-m.main+fp/hard/crti.o
LOAD c:/ncs/toolchains/0b393f9e1b/opt/zephyr-sdk/arm-zephyr-eabi/bin/../lib/gcc/arm-zephyr-eabi/12.2.0/thumb/v8-m.main+fp/hard/crtbegin.o
LOAD c:/ncs/toolchains/0b393f9e1b/opt/zephyr-sdk/arm-zephyr-eabi/bin/../lib/gcc/arm-zephyr-eabi/12.2.0/../../../../arm-zephyr-eabi/lib/thumb/v8-m.main+fp/hard/crt0.o
LOAD secure_fw/CMakeFiles/tfm_s.dir/partitions/ns_agent_tz/psa_api_veneers_v80m.o
LOAD secure_fw/CMakeFiles/tfm_s.dir/__/platform/ext/target/nordic_nrf/common/core/startup.o
LOAD secure_fw/CMakeFiles/tfm_s.dir/__/platform/ext/target/nordic_nrf/common/core/startup_nrf91.o
LOAD secure_fw/CMakeFiles/tfm_s.dir/__/platform/ext/common/faults.o
LOAD secure_fw/CMakeFiles/tfm_s.dir/__/generated/secure_fw/partitions/crypto/auto_generated/load_info_tfm_crypto.o
LOAD secure_fw/CMakeFiles/tfm_s.dir/__/generated/secure_fw/partitions/protected_storage/auto_generated/load_info_tfm_protected_storage.o
LOAD secure_fw/CMakeFiles/tfm_s.dir/__/generated/secure_fw/partitions/internal_trusted_storage/auto_generated/load_info_tfm_internal_trusted_storage.o
LOAD secure_fw/CMakeFiles/tfm_s.dir/__/generated/secure_fw/partitions/platform/auto_generated/load_info_tfm_platform.o
LOAD secure_fw/CMakeFiles/tfm_s.dir/partitions/ns_agent_tz/load_info_ns_agent_tz.o
LOAD secure_fw/CMakeFiles/tfm_s.dir/__/platform/ext/common/syscalls_stub.o
LOAD platform/libplatform_s.a
LOAD secure_fw/partitions/lib/runtime/libtfm_sprt.a
LOAD secure_fw/spm/libtfm_spm.a
LOAD secure_fw/partitions/crypto/libtfm_psa_rot_partition_crypto.a
LOAD platform/libplatform_crypto_keys.a
LOAD secure_fw/partitions/crypto/mbedcrypto/nrf_security_src/libcrypto_service_mbedcrypto.a
LOAD secure_fw/partitions/protected_storage/libtfm_app_rot_partition_ps.a
LOAD secure_fw/partitions/internal_trusted_storage/libtfm_psa_rot_partition_its.a
LOAD secure_fw/partitions/platform/libtfm_psa_rot_partition_platform.a
LOAD secure_fw/partitions/lib/runtime/libtfm_sp_log.a
LOAD secure_fw/partitions/crypto/mbedcrypto/nrf_security_src/libmbedcrypto_base.a
LOAD secure_fw/partitions/crypto/mbedcrypto/nrf_security_src/core/nrf_oberon/liboberon_psa_core.a
LOAD secure_fw/partitions/crypto/mbedcrypto/nrf_security_src/libnrf_security_utils.a
LOAD C:/ncs/v3.0.2/nrfxlib/crypto/nrf_cc310_mbedcrypto/lib/cortex-m33/hard-float/no-interrupts/libnrf_cc310_psa_crypto_0.9.19.a
LOAD secure_fw/partitions/crypto/mbedcrypto/nrf_security_src/drivers/nrf_oberon/liboberon_psa_driver.a
LOAD C:/ncs/v3.0.2/nrfxlib/crypto/nrf_cc310_mbedcrypto/lib/cortex-m33/hard-float/no-interrupts/libnrf_cc310_legacy_crypto_0.9.19.a
LOAD C:/ncs/v3.0.2/nrfxlib/crypto/nrf_oberon/lib/cortex-m33/hard-float/liboberon_mbedtls_3.0.16.a
LOAD platform/libplatform_s.a
LOAD secure_fw/partitions/lib/runtime/libtfm_sprt.a
LOAD secure_fw/spm/libtfm_spm.a
LOAD secure_fw/partitions/crypto/libtfm_psa_rot_partition_crypto.a
LOAD platform/libplatform_crypto_keys.a
LOAD secure_fw/partitions/crypto/mbedcrypto/nrf_security_src/libcrypto_service_mbedcrypto.a
LOAD secure_fw/partitions/protected_storage/libtfm_app_rot_partition_ps.a
LOAD secure_fw/partitions/internal_trusted_storage/libtfm_psa_rot_partition_its.a
LOAD secure_fw/partitions/platform/libtfm_psa_rot_partition_platform.a
LOAD secure_fw/partitions/lib/runtime/libtfm_sp_log.a
LOAD secure_fw/partitions/crypto/mbedcrypto/nrf_security_src/libmbedcrypto_base.a
LOAD secure_fw/partitions/crypto/mbedcrypto/nrf_security_src/core/nrf_oberon/liboberon_psa_core.a
LOAD secure_fw/partitions/crypto/mbedcrypto/nrf_security_src/libnrf_security_utils.a
LOAD C:/ncs/v3.0.2/nrfxlib/crypto/nrf_cc310_mbedcrypto/lib/cortex-m33/hard-float/no-interrupts/libnrf_cc310_psa_crypto_0.9.19.a
LOAD secure_fw/partitions/crypto/mbedcrypto/nrf_security_src/drivers/nrf_oberon/liboberon_psa_driver.a
LOAD C:/ncs/v3.0.2/nrfxlib/crypto/nrf_cc310_mbedcrypto/lib/cortex-m33/hard-float/no-interrupts/libnrf_cc310_legacy_crypto_0.9.19.a
LOAD C:/ncs/v3.0.2/nrfxlib/crypto/nrf_oberon/lib/cortex-m33/hard-float/liboberon_mbedtls_3.0.16.a
LOAD platform/libplatform_s.a
LOAD secure_fw/partitions/lib/runtime/libtfm_sprt.a
LOAD secure_fw/spm/libtfm_spm.a
LOAD secure_fw/partitions/crypto/libtfm_psa_rot_partition_crypto.a
LOAD platform/libplatform_crypto_keys.a
LOAD secure_fw/partitions/crypto/mbedcrypto/nrf_security_src/libcrypto_service_mbedcrypto.a
LOAD secure_fw/partitions/protected_storage/libtfm_app_rot_partition_ps.a
LOAD secure_fw/partitions/internal_trusted_storage/libtfm_psa_rot_partition_its.a
LOAD secure_fw/partitions/platform/libtfm_psa_rot_partition_platform.a
LOAD secure_fw/partitions/lib/runtime/libtfm_sp_log.a
LOAD secure_fw/partitions/crypto/mbedcrypto/nrf_security_src/libmbedcrypto_base.a
LOAD secure_fw/partitions/crypto/mbedcrypto/nrf_security_src/core/nrf_oberon/liboberon_psa_core.a
LOAD secure_fw/partitions/crypto/mbedcrypto/nrf_security_src/libnrf_security_utils.a
LOAD C:/ncs/v3.0.2/nrfxlib/crypto/nrf_cc310_mbedcrypto/lib/cortex-m33/hard-float/no-interrupts/libnrf_cc310_psa_crypto_0.9.19.a
LOAD secure_fw/partitions/crypto/mbedcrypto/nrf_security_src/drivers/nrf_oberon/liboberon_psa_driver.a
LOAD C:/ncs/v3.0.2/nrfxlib/crypto/nrf_cc310_mbedcrypto/lib/cortex-m33/hard-float/no-interrupts/libnrf_cc310_legacy_crypto_0.9.19.a
LOAD C:/ncs/v3.0.2/nrfxlib/crypto/nrf_oberon/lib/cortex-m33/hard-float/liboberon_mbedtls_3.0.16.a
LOAD c:/ncs/toolchains/0b393f9e1b/opt/zephyr-sdk/arm-zephyr-eabi/bin/../lib/gcc/arm-zephyr-eabi/12.2.0/../../../../arm-zephyr-eabi/lib/thumb/v8-m.main+fp/hard\libc_nano.a
LOAD C:/ncs/v3.0.2/nrfxlib/crypto/nrf_cc310_mbedcrypto/lib/cortex-m33/hard-float/no-interrupts/libnrf_cc310_core_0.9.19.a
LOAD C:/ncs/v3.0.2/nrfxlib/crypto/nrf_cc310_platform/lib/cortex-m33/hard-float/no-interrupts/libnrf_cc310_platform_0.9.19.a
LOAD c:/ncs/toolchains/0b393f9e1b/opt/zephyr-sdk/arm-zephyr-eabi/bin/../lib/gcc/arm-zephyr-eabi/12.2.0/../../../../arm-zephyr-eabi/lib/thumb/v8-m.main+fp/hard\libc_nano.a
LOAD C:/ncs/v3.0.2/nrfxlib/crypto/nrf_oberon/lib/cortex-m33/hard-float/liboberon_3.0.16.a
START GROUP
LOAD c:/ncs/toolchains/0b393f9e1b/opt/zephyr-sdk/arm-zephyr-eabi/bin/../lib/gcc/arm-zephyr-eabi/12.2.0/thumb/v8-m.main+fp/hard\libgcc.a
LOAD c:/ncs/toolchains/0b393f9e1b/opt/zephyr-sdk/arm-zephyr-eabi/bin/../lib/gcc/arm-zephyr-eabi/12.2.0/../../../../arm-zephyr-eabi/lib/thumb/v8-m.main+fp/hard\libc_nano.a
END GROUP
START GROUP
LOAD c:/ncs/toolchains/0b393f9e1b/opt/zephyr-sdk/arm-zephyr-eabi/bin/../lib/gcc/arm-zephyr-eabi/12.2.0/thumb/v8-m.main+fp/hard\libgcc.a
LOAD c:/ncs/toolchains/0b393f9e1b/opt/zephyr-sdk/arm-zephyr-eabi/bin/../lib/gcc/arm-zephyr-eabi/12.2.0/../../../../arm-zephyr-eabi/lib/thumb/v8-m.main+fp/hard\libc_nano.a
LOAD c:/ncs/toolchains/0b393f9e1b/opt/zephyr-sdk/arm-zephyr-eabi/bin/../lib/gcc/arm-zephyr-eabi/12.2.0/../../../../arm-zephyr-eabi/lib/thumb/v8-m.main+fp/hard\libnosys.a
END GROUP
START GROUP
LOAD c:/ncs/toolchains/0b393f9e1b/opt/zephyr-sdk/arm-zephyr-eabi/bin/../lib/gcc/arm-zephyr-eabi/12.2.0/thumb/v8-m.main+fp/hard\libgcc.a
LOAD c:/ncs/toolchains/0b393f9e1b/opt/zephyr-sdk/arm-zephyr-eabi/bin/../lib/gcc/arm-zephyr-eabi/12.2.0/../../../../arm-zephyr-eabi/lib/thumb/v8-m.main+fp/hard\libc_nano.a
LOAD c:/ncs/toolchains/0b393f9e1b/opt/zephyr-sdk/arm-zephyr-eabi/bin/../lib/gcc/arm-zephyr-eabi/12.2.0/../../../../arm-zephyr-eabi/lib/thumb/v8-m.main+fp/hard\libnosys.a
END GROUP
LOAD c:/ncs/toolchains/0b393f9e1b/opt/zephyr-sdk/arm-zephyr-eabi/bin/../lib/gcc/arm-zephyr-eabi/12.2.0/thumb/v8-m.main+fp/hard/crtend.o
LOAD c:/ncs/toolchains/0b393f9e1b/opt/zephyr-sdk/arm-zephyr-eabi/bin/../lib/gcc/arm-zephyr-eabi/12.2.0/thumb/v8-m.main+fp/hard/crtn.o
                0x0000000000000800                __msp_stack_size__ = 0x800
                0x0000000000030200                Image$$PT_RO_START$$Base = ADDR (.TFM_VECTORS)

.TFM_VECTORS    0x0000000000030200      0x144
                0x0000000000030200                __vectors_start__ = .
 *(.vectors)
 .vectors       0x0000000000030200      0x144 secure_fw/CMakeFiles/tfm_s.dir/__/platform/ext/target/nordic_nrf/common/core/startup_nrf91.o
                0x0000000000030200                __Vectors
                0x0000000000030344                . = ALIGN (0x4)
                0x0000000000030344                __vectors_end__ = .
                0x0000000000000001                ASSERT ((__vectors_start__ != __vectors_end__), .vectors should not be empty)
                0x0000000000000001                ASSERT ((. <= (ADDR (.TFM_VECTORS) + 0x144)), .TFM_VECTORS section size overflow.)
                0x0000000000030344                . = (ADDR (.TFM_VECTORS) + 0x144)

.TFM_SP_LOAD_LIST
                0x0000000000030344      0x188
 *(.part_load_priority_00)
 .part_load_priority_00
                0x0000000000030344       0x38 secure_fw/CMakeFiles/tfm_s.dir/partitions/ns_agent_tz/load_info_ns_agent_tz.o
                0x0000000000030344                tfm_sp_ns_agent_tz_load
 *(.part_load_priority_01)
 *(.part_load_priority_02)
 .part_load_priority_02
                0x000000000003037c       0x54 secure_fw/CMakeFiles/tfm_s.dir/__/generated/secure_fw/partitions/crypto/auto_generated/load_info_tfm_crypto.o
                0x000000000003037c                tfm_sp_crypto_load
 .part_load_priority_02
                0x00000000000303d0       0x5c secure_fw/CMakeFiles/tfm_s.dir/__/generated/secure_fw/partitions/protected_storage/auto_generated/load_info_tfm_protected_storage.o
                0x00000000000303d0                tfm_sp_ps_load
 .part_load_priority_02
                0x000000000003042c       0x50 secure_fw/CMakeFiles/tfm_s.dir/__/generated/secure_fw/partitions/internal_trusted_storage/auto_generated/load_info_tfm_internal_trusted_storage.o
                0x000000000003042c                tfm_sp_its_load
 .part_load_priority_02
                0x000000000003047c       0x50 secure_fw/CMakeFiles/tfm_s.dir/__/generated/secure_fw/partitions/platform/auto_generated/load_info_tfm_platform.o
                0x000000000003047c                tfm_sp_platform_load
 *(.part_load_priority_03)
                0x0000000000030344                Image$$TFM_SP_LOAD_LIST$$RO$$Base = ADDR (.TFM_SP_LOAD_LIST)
                0x00000000000304cc                Image$$TFM_SP_LOAD_LIST$$RO$$Limit = (ADDR (.TFM_SP_LOAD_LIST) + SIZEOF (.TFM_SP_LOAD_LIST))
                0x00000000000304e0                . = ALIGN (0x20)
                0x00000000000304e0                Image$$TFM_PSA_CODE_START$$Base = .

.TFM_PSA_ROT_LINKER
                0x00000000000304e0     0x28e0
 *tfm_psa_rot_partition*:(SORT_BY_ALIGNMENT(.text*))
 .text.tfm_crypto_clear_scratch
                0x00000000000304e0       0x24 secure_fw/partitions/crypto/libtfm_psa_rot_partition_crypto.a(crypto_init.o)
 .text.tfm_crypto_get_caller_id
                0x0000000000030504       0x10 secure_fw/partitions/crypto/libtfm_psa_rot_partition_crypto.a(crypto_init.o)
                0x0000000000030504                tfm_crypto_get_caller_id
 .text.tfm_crypto_api_dispatcher
                0x0000000000030514       0xbc secure_fw/partitions/crypto/libtfm_psa_rot_partition_crypto.a(crypto_init.o)
                0x0000000000030514                tfm_crypto_api_dispatcher
 .text.tfm_crypto_sfn
                0x00000000000305d0      0x188 secure_fw/partitions/crypto/libtfm_psa_rot_partition_crypto.a(crypto_init.o)
                0x00000000000305d0                tfm_crypto_sfn
 .text.tfm_crypto_init_alloc
                0x0000000000030758       0x18 secure_fw/partitions/crypto/libtfm_psa_rot_partition_crypto.a(crypto_alloc.o)
                0x0000000000030758                tfm_crypto_init_alloc
 .text.tfm_crypto_operation_alloc
                0x0000000000030770       0x68 secure_fw/partitions/crypto/libtfm_psa_rot_partition_crypto.a(crypto_alloc.o)
                0x0000000000030770                tfm_crypto_operation_alloc
 .text.tfm_crypto_operation_release
                0x00000000000307d8       0x5c secure_fw/partitions/crypto/libtfm_psa_rot_partition_crypto.a(crypto_alloc.o)
                0x00000000000307d8                tfm_crypto_operation_release
 .text.tfm_crypto_operation_lookup
                0x0000000000030834       0x58 secure_fw/partitions/crypto/libtfm_psa_rot_partition_crypto.a(crypto_alloc.o)
                0x0000000000030834                tfm_crypto_operation_lookup
 .text.tfm_crypto_library_get_info
                0x000000000003088c       0x1c secure_fw/partitions/crypto/libtfm_psa_rot_partition_crypto.a(crypto_library.o)
                0x000000000003088c                tfm_crypto_library_get_info
 .text.tfm_crypto_core_library_init
                0x00000000000308a8       0x20 secure_fw/partitions/crypto/libtfm_psa_rot_partition_crypto.a(crypto_library.o)
                0x00000000000308a8                tfm_crypto_core_library_init
 .text.tfm_internal_trusted_storage_service_sfn
                0x00000000000308c8      0x118 secure_fw/partitions/internal_trusted_storage/libtfm_psa_rot_partition_its.a(tfm_its_req_mngr.o)
                0x00000000000308c8                tfm_internal_trusted_storage_service_sfn
 .text.its_req_mngr_read
                0x00000000000309e0       0x14 secure_fw/partitions/internal_trusted_storage/libtfm_psa_rot_partition_its.a(tfm_its_req_mngr.o)
                0x00000000000309e0                its_req_mngr_read
 .text.its_req_mngr_write
                0x00000000000309f4       0x14 secure_fw/partitions/internal_trusted_storage/libtfm_psa_rot_partition_its.a(tfm_its_req_mngr.o)
                0x00000000000309f4                its_req_mngr_write
 .text.get_file_info
                0x0000000000030a08       0x60 secure_fw/partitions/internal_trusted_storage/libtfm_psa_rot_partition_its.a(tfm_internal_trusted_storage.o)
 .text.tfm_its_init
                0x0000000000030a68      0x104 secure_fw/partitions/internal_trusted_storage/libtfm_psa_rot_partition_its.a(tfm_internal_trusted_storage.o)
                0x0000000000030a68                tfm_its_init
 .text.tfm_its_set
                0x0000000000030b6c       0xf8 secure_fw/partitions/internal_trusted_storage/libtfm_psa_rot_partition_its.a(tfm_internal_trusted_storage.o)
                0x0000000000030b6c                tfm_its_set
 .text.tfm_its_get
                0x0000000000030c64      0x114 secure_fw/partitions/internal_trusted_storage/libtfm_psa_rot_partition_its.a(tfm_internal_trusted_storage.o)
                0x0000000000030c64                tfm_its_get
 .text.tfm_its_get_info
                0x0000000000030d78       0x24 secure_fw/partitions/internal_trusted_storage/libtfm_psa_rot_partition_its.a(tfm_internal_trusted_storage.o)
                0x0000000000030d78                tfm_its_get_info
 .text.tfm_its_remove
                0x0000000000030d9c       0x44 secure_fw/partitions/internal_trusted_storage/libtfm_psa_rot_partition_its.a(tfm_internal_trusted_storage.o)
                0x0000000000030d9c                tfm_its_remove
 .text.its_flash_nor_write
                0x0000000000030de0       0x44 secure_fw/partitions/internal_trusted_storage/libtfm_psa_rot_partition_its.a(its_flash_nor.o)
 .text.its_flash_nor_read
                0x0000000000030e24       0xc8 secure_fw/partitions/internal_trusted_storage/libtfm_psa_rot_partition_its.a(its_flash_nor.o)
 .text.derive_subkey_into_buffer
                0x0000000000030eec      0x110 secure_fw/partitions/crypto/libtfm_psa_rot_partition_crypto.a(tfm_builtin_key_loader.o)
 .text.tfm_builtin_key_loader_init
                0x0000000000030ffc       0xe0 secure_fw/partitions/crypto/libtfm_psa_rot_partition_crypto.a(tfm_builtin_key_loader.o)
                0x0000000000030ffc                tfm_builtin_key_loader_init
 .text.tfm_builtin_key_loader_get_key_buffer_size
                0x00000000000310dc       0x5c secure_fw/partitions/crypto/libtfm_psa_rot_partition_crypto.a(tfm_builtin_key_loader.o)
                0x00000000000310dc                tfm_builtin_key_loader_get_key_buffer_size
 .text.tfm_builtin_key_loader_get_builtin_key
                0x0000000000031138      0x11c secure_fw/partitions/crypto/libtfm_psa_rot_partition_crypto.a(tfm_builtin_key_loader.o)
                0x0000000000031138                tfm_builtin_key_loader_get_builtin_key
 .text.tfm_crypto_init
                0x0000000000031254       0x1c secure_fw/partitions/crypto/libtfm_psa_rot_partition_crypto.a(crypto_init.o)
                0x0000000000031254                tfm_crypto_init
 .text.tfm_crypto_cipher_interface
                0x0000000000031270        0x6 secure_fw/partitions/crypto/libtfm_psa_rot_partition_crypto.a(crypto_cipher.o)
                0x0000000000031270                tfm_crypto_cipher_interface
 .text.tfm_crypto_hash_interface
                0x0000000000031276      0x182 secure_fw/partitions/crypto/libtfm_psa_rot_partition_crypto.a(crypto_hash.o)
                0x0000000000031276                tfm_crypto_hash_interface
 .text.tfm_crypto_mac_interface
                0x00000000000313f8      0x178 secure_fw/partitions/crypto/libtfm_psa_rot_partition_crypto.a(crypto_mac.o)
                0x00000000000313f8                tfm_crypto_mac_interface
 .text.tfm_crypto_aead_interface
                0x0000000000031570      0x210 secure_fw/partitions/crypto/libtfm_psa_rot_partition_crypto.a(crypto_aead.o)
                0x0000000000031570                tfm_crypto_aead_interface
 .text.tfm_crypto_asymmetric_sign_interface
                0x0000000000031780        0x6 secure_fw/partitions/crypto/libtfm_psa_rot_partition_crypto.a(crypto_asymmetric.o)
                0x0000000000031780                tfm_crypto_asymmetric_sign_interface
 .text.tfm_crypto_asymmetric_encrypt_interface
                0x0000000000031786        0x6 secure_fw/partitions/crypto/libtfm_psa_rot_partition_crypto.a(crypto_asymmetric.o)
                0x0000000000031786                tfm_crypto_asymmetric_encrypt_interface
 .text.tfm_crypto_key_derivation_interface
                0x000000000003178c      0x188 secure_fw/partitions/crypto/libtfm_psa_rot_partition_crypto.a(crypto_key_derivation.o)
                0x000000000003178c                tfm_crypto_key_derivation_interface
 .text.tfm_crypto_key_management_interface
                0x0000000000031914      0x176 secure_fw/partitions/crypto/libtfm_psa_rot_partition_crypto.a(crypto_key_management.o)
                0x0000000000031914                tfm_crypto_key_management_interface
 .text.tfm_crypto_random_interface
                0x0000000000031a8a        0x8 secure_fw/partitions/crypto/libtfm_psa_rot_partition_crypto.a(crypto_rng.o)
                0x0000000000031a8a                tfm_crypto_random_interface
 .text.tfm_crypto_library_key_id_init
                0x0000000000031a92        0x6 secure_fw/partitions/crypto/libtfm_psa_rot_partition_crypto.a(crypto_library.o)
                0x0000000000031a92                tfm_crypto_library_key_id_init
 .text.tfm_crypto_library_get_library_key_id_set_owner
                0x0000000000031a98        0x4 secure_fw/partitions/crypto/libtfm_psa_rot_partition_crypto.a(crypto_library.o)
                0x0000000000031a98                tfm_crypto_library_get_library_key_id_set_owner
 .text.mbedtls_psa_platform_get_builtin_key
                0x0000000000031a9c       0x4a secure_fw/partitions/crypto/libtfm_psa_rot_partition_crypto.a(crypto_library.o)
                0x0000000000031a9c                mbedtls_psa_platform_get_builtin_key
 .text.tfm_crypto_pake_interface
                0x0000000000031ae6        0x6 secure_fw/partitions/crypto/libtfm_psa_rot_partition_crypto.a(crypto_pake.o)
                0x0000000000031ae6                tfm_crypto_pake_interface
 .text.tfm_its_entry
                0x0000000000031aec        0x4 secure_fw/partitions/internal_trusted_storage/libtfm_psa_rot_partition_its.a(tfm_its_req_mngr.o)
                0x0000000000031aec                tfm_its_entry
 .text.tfm_its_crypt_file
                0x0000000000031af0       0xf2 secure_fw/partitions/internal_trusted_storage/libtfm_psa_rot_partition_its.a(its_crypto_interface.o)
                0x0000000000031af0                tfm_its_crypt_file
 .text.its_flash_nor_init
                0x0000000000031be2       0x14 secure_fw/partitions/internal_trusted_storage/libtfm_psa_rot_partition_its.a(its_flash_nor.o)
 .text.its_flash_nor_flush
                0x0000000000031bf6        0x4 secure_fw/partitions/internal_trusted_storage/libtfm_psa_rot_partition_its.a(its_flash_nor.o)
 .text.its_flash_nor_erase
                0x0000000000031bfa       0x2e secure_fw/partitions/internal_trusted_storage/libtfm_psa_rot_partition_its.a(its_flash_nor.o)
 .text.its_flash_fs_delete_idx
                0x0000000000031c28       0xe6 secure_fw/partitions/internal_trusted_storage/libtfm_psa_rot_partition_its.a(its_flash_fs.o)
 .text.its_flash_fs_init_ctx
                0x0000000000031d0e       0x64 secure_fw/partitions/internal_trusted_storage/libtfm_psa_rot_partition_its.a(its_flash_fs.o)
                0x0000000000031d0e                its_flash_fs_init_ctx
 .text.its_flash_fs_prepare
                0x0000000000031d72       0x34 secure_fw/partitions/internal_trusted_storage/libtfm_psa_rot_partition_its.a(its_flash_fs.o)
                0x0000000000031d72                its_flash_fs_prepare
 .text.its_flash_fs_wipe_all
                0x0000000000031da6        0x4 secure_fw/partitions/internal_trusted_storage/libtfm_psa_rot_partition_its.a(its_flash_fs.o)
                0x0000000000031da6                its_flash_fs_wipe_all
 .text.its_flash_fs_file_get_info
                0x0000000000031daa       0x44 secure_fw/partitions/internal_trusted_storage/libtfm_psa_rot_partition_its.a(its_flash_fs.o)
                0x0000000000031daa                its_flash_fs_file_get_info
 .text.its_flash_fs_file_write
                0x0000000000031dee      0x216 secure_fw/partitions/internal_trusted_storage/libtfm_psa_rot_partition_its.a(its_flash_fs.o)
                0x0000000000031dee                its_flash_fs_file_write
 .text.its_flash_fs_file_delete
                0x0000000000032004       0x20 secure_fw/partitions/internal_trusted_storage/libtfm_psa_rot_partition_its.a(its_flash_fs.o)
                0x0000000000032004                its_flash_fs_file_delete
 .text.its_flash_fs_file_read
                0x0000000000032024       0x42 secure_fw/partitions/internal_trusted_storage/libtfm_psa_rot_partition_its.a(its_flash_fs.o)
                0x0000000000032024                its_flash_fs_file_read
 .text.its_flash_fs_dblock_compact_block
                0x0000000000032066       0xaa secure_fw/partitions/internal_trusted_storage/libtfm_psa_rot_partition_its.a(its_flash_fs_dblock.o)
                0x0000000000032066                its_flash_fs_dblock_compact_block
 .text.its_flash_fs_dblock_read_file
                0x0000000000032110       0x42 secure_fw/partitions/internal_trusted_storage/libtfm_psa_rot_partition_its.a(its_flash_fs_dblock.o)
                0x0000000000032110                its_flash_fs_dblock_read_file
 .text.its_flash_fs_dblock_write_file
                0x0000000000032152       0x82 secure_fw/partitions/internal_trusted_storage/libtfm_psa_rot_partition_its.a(its_flash_fs_dblock.o)
                0x0000000000032152                its_flash_fs_dblock_write_file
 .text.its_mblock_update_scratch_block_meta
                0x00000000000321d4       0x1a secure_fw/partitions/internal_trusted_storage/libtfm_psa_rot_partition_its.a(its_flash_fs_mblock.o)
 .text.its_mblock_erase_scratch_blocks
                0x00000000000321ee       0x28 secure_fw/partitions/internal_trusted_storage/libtfm_psa_rot_partition_its.a(its_flash_fs_mblock.o)
 .text.its_num_dedicated_dblocks.isra.0
                0x0000000000032216        0xc secure_fw/partitions/internal_trusted_storage/libtfm_psa_rot_partition_its.a(its_flash_fs_mblock.o)
 .text.its_mblock_file_meta_offset.isra.0
                0x0000000000032222       0x16 secure_fw/partitions/internal_trusted_storage/libtfm_psa_rot_partition_its.a(its_flash_fs_mblock.o)
 .text.its_mblock_calculate_metadata_xor.part.0
                0x0000000000032238       0xa6 secure_fw/partitions/internal_trusted_storage/libtfm_psa_rot_partition_its.a(its_flash_fs_mblock.o)
 .text.its_mblock_write_scratch_meta_header
                0x00000000000322de       0x44 secure_fw/partitions/internal_trusted_storage/libtfm_psa_rot_partition_its.a(its_flash_fs_mblock.o)
 .text.its_mblock_validate_header_meta
                0x0000000000032322       0x5c secure_fw/partitions/internal_trusted_storage/libtfm_psa_rot_partition_its.a(its_flash_fs_mblock.o)
 .text.its_init_get_active_metablock
                0x000000000003237e       0xbe secure_fw/partitions/internal_trusted_storage/libtfm_psa_rot_partition_its.a(its_flash_fs_mblock.o)
 .text.its_flash_fs_mblock_cur_data_scratch_id
                0x000000000003243c        0xa secure_fw/partitions/internal_trusted_storage/libtfm_psa_rot_partition_its.a(its_flash_fs_mblock.o)
                0x000000000003243c                its_flash_fs_mblock_cur_data_scratch_id
 .text.its_flash_fs_mblock_meta_update_finalize
                0x0000000000032446       0x2a secure_fw/partitions/internal_trusted_storage/libtfm_psa_rot_partition_its.a(its_flash_fs_mblock.o)
                0x0000000000032446                its_flash_fs_mblock_meta_update_finalize
 .text.its_flash_fs_mblock_read_file_meta
                0x0000000000032470       0x7e secure_fw/partitions/internal_trusted_storage/libtfm_psa_rot_partition_its.a(its_flash_fs_mblock.o)
                0x0000000000032470                its_flash_fs_mblock_read_file_meta
 .text.its_flash_fs_mblock_get_file_idx_meta
                0x00000000000324ee       0x66 secure_fw/partitions/internal_trusted_storage/libtfm_psa_rot_partition_its.a(its_flash_fs_mblock.o)
                0x00000000000324ee                its_flash_fs_mblock_get_file_idx_meta
 .text.its_flash_fs_mblock_get_file_idx_flag
                0x0000000000032554       0x3c secure_fw/partitions/internal_trusted_storage/libtfm_psa_rot_partition_its.a(its_flash_fs_mblock.o)
                0x0000000000032554                its_flash_fs_mblock_get_file_idx_flag
 .text.its_flash_fs_mblock_read_block_metadata
                0x0000000000032590       0x58 secure_fw/partitions/internal_trusted_storage/libtfm_psa_rot_partition_its.a(its_flash_fs_mblock.o)
                0x0000000000032590                its_flash_fs_mblock_read_block_metadata
 .text.its_flash_fs_mblock_read_block_metadata_comp
                0x00000000000325e8       0x66 secure_fw/partitions/internal_trusted_storage/libtfm_psa_rot_partition_its.a(its_flash_fs_mblock.o)
                0x00000000000325e8                its_flash_fs_mblock_read_block_metadata_comp
 .text.its_flash_fs_mblock_reserve_file
                0x000000000003264e       0xbc secure_fw/partitions/internal_trusted_storage/libtfm_psa_rot_partition_its.a(its_flash_fs_mblock.o)
                0x000000000003264e                its_flash_fs_mblock_reserve_file
 .text.its_flash_fs_mblock_set_data_scratch
                0x000000000003270a        0x6 secure_fw/partitions/internal_trusted_storage/libtfm_psa_rot_partition_its.a(its_flash_fs_mblock.o)
                0x000000000003270a                its_flash_fs_mblock_set_data_scratch
 .text.its_flash_fs_mblock_update_scratch_file_meta
                0x0000000000032710       0x24 secure_fw/partitions/internal_trusted_storage/libtfm_psa_rot_partition_its.a(its_flash_fs_mblock.o)
                0x0000000000032710                its_flash_fs_mblock_update_scratch_file_meta
 .text.its_flash_fs_mblock_reset_metablock
                0x0000000000032734      0x130 secure_fw/partitions/internal_trusted_storage/libtfm_psa_rot_partition_its.a(its_flash_fs_mblock.o)
                0x0000000000032734                its_flash_fs_mblock_reset_metablock
 .text.its_flash_fs_block_to_block_move
                0x0000000000032864       0x5c secure_fw/partitions/internal_trusted_storage/libtfm_psa_rot_partition_its.a(its_flash_fs_mblock.o)
                0x0000000000032864                its_flash_fs_block_to_block_move
 .text.its_flash_fs_mblock_cp_file_meta
                0x00000000000328c0       0x2e secure_fw/partitions/internal_trusted_storage/libtfm_psa_rot_partition_its.a(its_flash_fs_mblock.o)
                0x00000000000328c0                its_flash_fs_mblock_cp_file_meta
 .text.its_flash_fs_mblock_init
                0x00000000000328ee       0xb8 secure_fw/partitions/internal_trusted_storage/libtfm_psa_rot_partition_its.a(its_flash_fs_mblock.o)
                0x00000000000328ee                its_flash_fs_mblock_init
 .text.its_flash_fs_mblock_migrate_lb0_data_to_scratch
                0x00000000000329a6       0x2e secure_fw/partitions/internal_trusted_storage/libtfm_psa_rot_partition_its.a(its_flash_fs_mblock.o)
                0x00000000000329a6                its_flash_fs_mblock_migrate_lb0_data_to_scratch
 .text.its_flash_fs_mblock_update_scratch_block_meta
                0x00000000000329d4       0x88 secure_fw/partitions/internal_trusted_storage/libtfm_psa_rot_partition_its.a(its_flash_fs_mblock.o)
                0x00000000000329d4                its_flash_fs_mblock_update_scratch_block_meta
 .text.its_utils_check_contained_in
                0x0000000000032a5c       0x18 secure_fw/partitions/internal_trusted_storage/libtfm_psa_rot_partition_its.a(its_utils.o)
                0x0000000000032a5c                its_utils_check_contained_in
 .text.its_utils_validate_fid
                0x0000000000032a74       0x1a secure_fw/partitions/internal_trusted_storage/libtfm_psa_rot_partition_its.a(its_utils.o)
                0x0000000000032a74                its_utils_validate_fid
 .text.tfm_platform_service_sfn
                0x0000000000032a8e      0x24e secure_fw/partitions/platform/libtfm_psa_rot_partition_platform.a(platform_sp.o)
                0x0000000000032a8e                tfm_platform_service_sfn
 .text.platform_sp_init
                0x0000000000032cdc       0x12 secure_fw/partitions/platform/libtfm_psa_rot_partition_platform.a(platform_sp.o)
                0x0000000000032cdc                platform_sp_init
 .text.psa_set_key_usage_flags
                0x0000000000032cee       0x14 secure_fw/partitions/crypto/libtfm_psa_rot_partition_crypto.a(tfm_builtin_key_loader.o)
 *tfm_psa_rot_partition*:(SORT_BY_ALIGNMENT(.rodata*))
 *fill*         0x0000000000032d02        0x2 
 .rodata.its_flash_fs_ops_nor
                0x0000000000032d04       0x14 secure_fw/partitions/internal_trusted_storage/libtfm_psa_rot_partition_its.a(its_flash_nor.o)
                0x0000000000032d04                its_flash_fs_ops_nor
 .rodata.data_width_byte
                0x0000000000032d18        0xc secure_fw/partitions/internal_trusted_storage/libtfm_psa_rot_partition_its.a(its_flash_nor.o)
 .rodata.tfm_crypto_api_dispatcher.str1.1
                0x0000000000032d24       0x25 secure_fw/partitions/crypto/libtfm_psa_rot_partition_crypto.a(crypto_init.o)
 .rodata.tfm_crypto_library_get_info.str1.1
                0x0000000000032d49        0xf secure_fw/partitions/crypto/libtfm_psa_rot_partition_crypto.a(crypto_library.o)
 .rodata.tfm_its_init.str1.1
                0x0000000000032d58       0x4b secure_fw/partitions/internal_trusted_storage/libtfm_psa_rot_partition_its.a(tfm_internal_trusted_storage.o)
 *(TFM_*_PSA-ROT_ATTR_FN)
                0x0000000000032dc0                . = ALIGN (0x20)
 *fill*         0x0000000000032da3       0x1d 
                0x00000000000304e0                Image$$TFM_PSA_ROT_LINKER$$RO$$Base = ADDR (.TFM_PSA_ROT_LINKER)
                0x0000000000032dc0                Image$$TFM_PSA_ROT_LINKER$$RO$$Limit = (ADDR (.TFM_PSA_ROT_LINKER) + SIZEOF (.TFM_PSA_ROT_LINKER))
                0x00000000000304e0                Image$$TFM_PSA_ROT_LINKER$$Base = ADDR (.TFM_PSA_ROT_LINKER)
                0x0000000000032dc0                Image$$TFM_PSA_ROT_LINKER$$Limit = (ADDR (.TFM_PSA_ROT_LINKER) + SIZEOF (.TFM_PSA_ROT_LINKER))
                0x0000000000032dc0                Image$$TFM_PSA_CODE_END$$Base = .
                0x0000000000032dc0                Image$$TFM_APP_CODE_START$$Base = .

.TFM_APP_ROT_LINKER
                0x0000000000032dc0      0xd20
 *tfm_app_rot_partition*:(SORT_BY_ALIGNMENT(.text*))
 .text.tfm_protected_storage_service_sfn
                0x0000000000032dc0      0x128 secure_fw/partitions/protected_storage/libtfm_app_rot_partition_ps.a(tfm_ps_req_mngr.o)
                0x0000000000032dc0                tfm_protected_storage_service_sfn
 .text.ps_req_mngr_read_asset_data
                0x0000000000032ee8       0x24 secure_fw/partitions/protected_storage/libtfm_app_rot_partition_ps.a(tfm_ps_req_mngr.o)
                0x0000000000032ee8                ps_req_mngr_read_asset_data
 .text.ps_req_mngr_write_asset_data
                0x0000000000032f0c       0x1c secure_fw/partitions/protected_storage/libtfm_app_rot_partition_ps.a(tfm_ps_req_mngr.o)
                0x0000000000032f0c                ps_req_mngr_write_asset_data
 .text.tfm_ps_init
                0x0000000000032f28       0x28 secure_fw/partitions/protected_storage/libtfm_app_rot_partition_ps.a(tfm_protected_storage.o)
                0x0000000000032f28                tfm_ps_init
 .text.ps_system_prepare
                0x0000000000032f50       0x1c secure_fw/partitions/protected_storage/libtfm_app_rot_partition_ps.a(ps_object_system.o)
                0x0000000000032f50                ps_system_prepare
 .text.ps_object_read
                0x0000000000032f6c       0x70 secure_fw/partitions/protected_storage/libtfm_app_rot_partition_ps.a(ps_object_system.o)
                0x0000000000032f6c                ps_object_read
 .text.ps_object_create
                0x0000000000032fdc       0xfc secure_fw/partitions/protected_storage/libtfm_app_rot_partition_ps.a(ps_object_system.o)
                0x0000000000032fdc                ps_object_create
 .text.ps_object_get_info
                0x00000000000330d8       0x58 secure_fw/partitions/protected_storage/libtfm_app_rot_partition_ps.a(ps_object_system.o)
                0x00000000000330d8                ps_object_get_info
 .text.ps_object_delete
                0x0000000000033130       0x70 secure_fw/partitions/protected_storage/libtfm_app_rot_partition_ps.a(ps_object_system.o)
                0x0000000000033130                ps_object_delete
 .text.ps_get_object_entry_idx
                0x00000000000331a0       0x34 secure_fw/partitions/protected_storage/libtfm_app_rot_partition_ps.a(ps_object_table.o)
 .text.ps_object_table_save_table.constprop.0
                0x00000000000331d4       0xec secure_fw/partitions/protected_storage/libtfm_app_rot_partition_ps.a(ps_object_table.o)
 .text.ps_object_table_create
                0x00000000000332c0       0x28 secure_fw/partitions/protected_storage/libtfm_app_rot_partition_ps.a(ps_object_table.o)
                0x00000000000332c0                ps_object_table_create
 .text.ps_object_table_init
                0x00000000000332e8      0x144 secure_fw/partitions/protected_storage/libtfm_app_rot_partition_ps.a(ps_object_table.o)
                0x00000000000332e8                ps_object_table_init
 .text.ps_object_table_get_free_fid
                0x000000000003342c       0x64 secure_fw/partitions/protected_storage/libtfm_app_rot_partition_ps.a(ps_object_table.o)
                0x000000000003342c                ps_object_table_get_free_fid
 .text.ps_object_table_set_obj_tbl_info
                0x0000000000033490       0xac secure_fw/partitions/protected_storage/libtfm_app_rot_partition_ps.a(ps_object_table.o)
                0x0000000000033490                ps_object_table_set_obj_tbl_info
 .text.ps_object_table_get_obj_tbl_info
                0x000000000003353c       0x2c secure_fw/partitions/protected_storage/libtfm_app_rot_partition_ps.a(ps_object_table.o)
                0x000000000003353c                ps_object_table_get_obj_tbl_info
 .text.ps_object_table_delete_object
                0x0000000000033568       0x4c secure_fw/partitions/protected_storage/libtfm_app_rot_partition_ps.a(ps_object_table.o)
                0x0000000000033568                ps_object_table_delete_object
 .text.ps_object_table_delete_old_table
                0x00000000000335b4       0x14 secure_fw/partitions/protected_storage/libtfm_app_rot_partition_ps.a(ps_object_table.o)
                0x00000000000335b4                ps_object_table_delete_old_table
 .text.ps_crypto_setkey
                0x00000000000335c8       0x94 secure_fw/partitions/protected_storage/libtfm_app_rot_partition_ps.a(ps_crypto_interface.o)
                0x00000000000335c8                ps_crypto_setkey
 .text.ps_crypto_destroykey
                0x000000000003365c       0x18 secure_fw/partitions/protected_storage/libtfm_app_rot_partition_ps.a(ps_crypto_interface.o)
                0x000000000003365c                ps_crypto_destroykey
 .text.ps_crypto_set_iv
                0x0000000000033674       0x10 secure_fw/partitions/protected_storage/libtfm_app_rot_partition_ps.a(ps_crypto_interface.o)
                0x0000000000033674                ps_crypto_set_iv
 .text.ps_crypto_get_iv
                0x0000000000033684       0x70 secure_fw/partitions/protected_storage/libtfm_app_rot_partition_ps.a(ps_crypto_interface.o)
                0x0000000000033684                ps_crypto_get_iv
 .text.ps_crypto_encrypt_and_tag
                0x00000000000336f4       0x54 secure_fw/partitions/protected_storage/libtfm_app_rot_partition_ps.a(ps_crypto_interface.o)
                0x00000000000336f4                ps_crypto_encrypt_and_tag
 .text.ps_crypto_auth_and_decrypt
                0x0000000000033748       0x58 secure_fw/partitions/protected_storage/libtfm_app_rot_partition_ps.a(ps_crypto_interface.o)
                0x0000000000033748                ps_crypto_auth_and_decrypt
 .text.ps_crypto_generate_auth_tag
                0x00000000000337a0       0x48 secure_fw/partitions/protected_storage/libtfm_app_rot_partition_ps.a(ps_crypto_interface.o)
                0x00000000000337a0                ps_crypto_generate_auth_tag
 .text.ps_crypto_authenticate
                0x00000000000337e8       0x44 secure_fw/partitions/protected_storage/libtfm_app_rot_partition_ps.a(ps_crypto_interface.o)
                0x00000000000337e8                ps_crypto_authenticate
 .text.tfm_ps_entry
                0x000000000003382c        0x4 secure_fw/partitions/protected_storage/libtfm_app_rot_partition_ps.a(tfm_ps_req_mngr.o)
                0x000000000003382c                tfm_ps_entry
 .text.tfm_ps_set
                0x0000000000033830       0x2c secure_fw/partitions/protected_storage/libtfm_app_rot_partition_ps.a(tfm_protected_storage.o)
                0x0000000000033830                tfm_ps_set
 .text.tfm_ps_get
                0x000000000003385c       0x28 secure_fw/partitions/protected_storage/libtfm_app_rot_partition_ps.a(tfm_protected_storage.o)
                0x000000000003385c                tfm_ps_get
 .text.tfm_ps_get_info
                0x0000000000033884       0x24 secure_fw/partitions/protected_storage/libtfm_app_rot_partition_ps.a(tfm_protected_storage.o)
                0x0000000000033884                tfm_ps_get_info
 .text.tfm_ps_remove
                0x00000000000338a8       0x26 secure_fw/partitions/protected_storage/libtfm_app_rot_partition_ps.a(tfm_protected_storage.o)
                0x00000000000338a8                tfm_ps_remove
 .text.tfm_ps_get_support
                0x00000000000338ce        0x4 secure_fw/partitions/protected_storage/libtfm_app_rot_partition_ps.a(tfm_protected_storage.o)
                0x00000000000338ce                tfm_ps_get_support
 .text.ps_remove_old_data
                0x00000000000338d2       0x18 secure_fw/partitions/protected_storage/libtfm_app_rot_partition_ps.a(ps_object_system.o)
 .text.ps_system_wipe_all
                0x00000000000338ea        0x4 secure_fw/partitions/protected_storage/libtfm_app_rot_partition_ps.a(ps_object_system.o)
                0x00000000000338ea                ps_system_wipe_all
 .text.ps_object_table_authenticate
                0x00000000000338ee       0x56 secure_fw/partitions/protected_storage/libtfm_app_rot_partition_ps.a(ps_object_table.o)
 .text.ps_crypto_init
                0x0000000000033944        0x4 secure_fw/partitions/protected_storage/libtfm_app_rot_partition_ps.a(ps_crypto_interface.o)
                0x0000000000033944                ps_crypto_init
 .text.ps_encrypted_object_read
                0x0000000000033948       0x86 secure_fw/partitions/protected_storage/libtfm_app_rot_partition_ps.a(ps_encrypted_object.o)
                0x0000000000033948                ps_encrypted_object_read
 .text.ps_encrypted_object_write
                0x00000000000339ce       0x9c secure_fw/partitions/protected_storage/libtfm_app_rot_partition_ps.a(ps_encrypted_object.o)
                0x00000000000339ce                ps_encrypted_object_write
 .text.ps_read_nv_counter
                0x0000000000033a6a       0x16 secure_fw/partitions/protected_storage/libtfm_app_rot_partition_ps.a(ps_nv_counters.o)
                0x0000000000033a6a                ps_read_nv_counter
 .text.ps_increment_nv_counter
                0x0000000000033a80       0x12 secure_fw/partitions/protected_storage/libtfm_app_rot_partition_ps.a(ps_nv_counters.o)
                0x0000000000033a80                ps_increment_nv_counter
 *tfm_app_rot_partition*:(SORT_BY_ALIGNMENT(.rodata*))
 *fill*         0x0000000000033a92        0x6 
 .rodata        0x0000000000033a98       0x20 secure_fw/partitions/protected_storage/libtfm_app_rot_partition_ps.a(ps_object_table.o)
 .rodata.tfm_ps_init.str1.1
                0x0000000000033ab8       0x21 secure_fw/partitions/protected_storage/libtfm_app_rot_partition_ps.a(tfm_protected_storage.o)
 *(TFM_*_APP-ROT_ATTR_FN)
                0x0000000000033ae0                . = ALIGN (0x20)
 *fill*         0x0000000000033ad9        0x7 
                0x0000000000032dc0                Image$$TFM_APP_ROT_LINKER$$RO$$Base = ADDR (.TFM_APP_ROT_LINKER)
                0x0000000000033ae0                Image$$TFM_APP_ROT_LINKER$$RO$$Limit = (ADDR (.TFM_APP_ROT_LINKER) + SIZEOF (.TFM_APP_ROT_LINKER))
                0x0000000000032dc0                Image$$TFM_APP_ROT_LINKER$$Base = ADDR (.TFM_APP_ROT_LINKER)
                0x0000000000033ae0                Image$$TFM_APP_ROT_LINKER$$Limit = (ADDR (.TFM_APP_ROT_LINKER) + SIZEOF (.TFM_APP_ROT_LINKER))
                0x0000000000033ae0                Image$$TFM_APP_CODE_END$$Base = .

.ARM.extab
 *(.ARM.extab* .gnu.linkonce.armextab.*)
                0x0000000000033ae0                __exidx_start = .

.ARM.exidx      0x0000000000033ae0        0x8
 *(.ARM.exidx* .gnu.linkonce.armexidx.*)
 .ARM.exidx     0x0000000000033ae0        0x8 c:/ncs/toolchains/0b393f9e1b/opt/zephyr-sdk/arm-zephyr-eabi/bin/../lib/gcc/arm-zephyr-eabi/12.2.0/../../../../arm-zephyr-eabi/lib/thumb/v8-m.main+fp/hard/crt0.o
                                         0x10 (size before relaxing)
                0x0000000000033ae8                __exidx_end = .

.ER_TFM_CODE    0x0000000000033ae8     0x48c7
                0x0000000000033ae8                . = ALIGN (0x4)
                0x0000000000033ae8                PROVIDE (__preinit_array_start = .)
 *(.preinit_array)
                0x0000000000033ae8                PROVIDE (__preinit_array_end = .)
                0x0000000000033ae8                . = ALIGN (0x4)
                0x0000000000033ae8                PROVIDE (__init_array_start = .)
 *(SORT_BY_NAME(.init_array.*))
 *(.init_array)
 .init_array    0x0000000000033ae8        0x4 c:/ncs/toolchains/0b393f9e1b/opt/zephyr-sdk/arm-zephyr-eabi/bin/../lib/gcc/arm-zephyr-eabi/12.2.0/thumb/v8-m.main+fp/hard/crtbegin.o
                0x0000000000033aec                PROVIDE (__init_array_end = .)
                0x0000000000033aec                . = ALIGN (0x4)
                [!provide]                        PROVIDE (__fini_array_start = .)
 *(SORT_BY_NAME(.fini_array.*))
 *(.fini_array)
 .fini_array    0x0000000000033aec        0x4 c:/ncs/toolchains/0b393f9e1b/opt/zephyr-sdk/arm-zephyr-eabi/bin/../lib/gcc/arm-zephyr-eabi/12.2.0/thumb/v8-m.main+fp/hard/crtbegin.o
                [!provide]                        PROVIDE (__fini_array_end = .)
                0x0000000000033af0                . = ALIGN (0x4)
                0x0000000000033af0                __copy_table_start__ = .
                0x0000000000033af0        0x4 LONG 0x47c88 LOADADDR (.TFM_DATA)
                0x0000000000033af4        0x4 LONG 0x2000ac00 ADDR (.TFM_DATA)
                0x0000000000033af8        0x4 LONG 0x4f (SIZEOF (.TFM_DATA) / 0x4)
                0x0000000000033afc        0x4 LONG 0x47c50 LOADADDR (.TFM_PSA_ROT_LINKER_DATA)
                0x0000000000033b00        0x4 LONG 0x20001d40 ADDR (.TFM_PSA_ROT_LINKER_DATA)
                0x0000000000033b04        0x4 LONG 0xe (SIZEOF (.TFM_PSA_ROT_LINKER_DATA) / 0x4)
                0x0000000000033b08        0x4 LONG 0x47c40 LOADADDR (.TFM_APP_ROT_LINKER_DATA)
                0x0000000000033b0c        0x4 LONG 0x20000c20 ADDR (.TFM_APP_ROT_LINKER_DATA)
                0x0000000000033b10        0x4 LONG 0x4 (SIZEOF (.TFM_APP_ROT_LINKER_DATA) / 0x4)
                0x0000000000033b14                __copy_table_end__ = .
                0x0000000000033b14                . = ALIGN (0x4)
                0x0000000000033b14                __zero_table_start__ = .
                0x0000000000033b14        0x4 LONG 0x2000ad3c ADDR (.TFM_BSS)
                0x0000000000033b18        0x4 LONG 0x732 (SIZEOF (.TFM_BSS) / 0x4)
                0x0000000000033b1c        0x4 LONG 0x20001d78 ADDR (.TFM_PSA_ROT_LINKER_BSS)
                0x0000000000033b20        0x4 LONG 0x23a2 (SIZEOF (.TFM_PSA_ROT_LINKER_BSS) / 0x4)
                0x0000000000033b24        0x4 LONG 0x20000c30 ADDR (.TFM_APP_ROT_LINKER_BSS)
                0x0000000000033b28        0x4 LONG 0x444 (SIZEOF (.TFM_APP_ROT_LINKER_BSS) / 0x4)
                0x0000000000033b2c        0x4 LONG 0x20000c00 ADDR (.TFM_SP_META_PTR)
                0x0000000000033b30        0x4 LONG 0x8 (SIZEOF (.TFM_SP_META_PTR) / 0x4)
                0x0000000000033b34                __zero_table_end__ = .
 *startup*(.text*)
 .text.default_irq_handler
                0x0000000000033b34        0x4 secure_fw/CMakeFiles/tfm_s.dir/__/platform/ext/target/nordic_nrf/common/core/startup.o
                0x0000000000033b34                default_irq_handler
 .text.Reset_Handler
                0x0000000000033b38       0xd4 secure_fw/CMakeFiles/tfm_s.dir/__/platform/ext/target/nordic_nrf/common/core/startup.o
                0x0000000000033b38                Reset_Handler
 .text.default_tfm_IRQHandler
                0x0000000000033c0c       0x1c secure_fw/CMakeFiles/tfm_s.dir/__/platform/ext/target/nordic_nrf/common/core/startup_nrf91.o
                0x0000000000033c0c                TIMER2_IRQHandler
                0x0000000000033c0c                DebugMon_Handler
                0x0000000000033c0c                RTC0_IRQHandler
                0x0000000000033c0c                SysTick_Handler
                0x0000000000033c0c                PWM1_IRQHandler
                0x0000000000033c0c                NMI_Handler
                0x0000000000033c0c                PDM_IRQHandler
                0x0000000000033c0c                default_tfm_IRQHandler
                0x0000000000033c0c                IPC_IRQHandler
                0x0000000000033c0c                PWM3_IRQHandler
                0x0000000000033c0c                FPU_IRQHandler
                0x0000000000033c0c                EGU3_IRQHandler
                0x0000000000033c0c                KMU_IRQHandler
                0x0000000000033c0c                CRYPTOCELL_IRQHandler
                0x0000000000033c0c                I2S_IRQHandler
                0x0000000000033c0c                EGU2_IRQHandler
                0x0000000000033c0c                TIMER0_IRQHandler
                0x0000000000033c0c                EGU4_IRQHandler
                0x0000000000033c0c                EGU0_IRQHandler
                0x0000000000033c0c                GPIOTE1_IRQHandler
                0x0000000000033c0c                TIMER1_IRQHandler
                0x0000000000033c0c                PWM2_IRQHandler
                0x0000000000033c0c                EGU1_IRQHandler
                0x0000000000033c0c                EGU5_IRQHandler
                0x0000000000033c0c                UARTE3_SPIM3_SPIS3_TWIM3_TWIS3_IRQHandler
                0x0000000000033c0c                SAADC_IRQHandler
                0x0000000000033c0c                GPIOTE0_IRQHandler
                0x0000000000033c0c                WDT_IRQHandler
                0x0000000000033c0c                SPIM0_SPIS0_TWIM0_TWIS0_UARTE0_IRQHandler
                0x0000000000033c0c                SPIM2_SPIS2_TWIM2_TWIS2_UARTE2_IRQHandler
                0x0000000000033c0c                PWM0_IRQHandler
                0x0000000000033c0c                RTC1_IRQHandler
                0x0000000000033c0c                SPIM1_SPIS1_TWIM1_TWIS1_UARTE1_IRQHandler
                0x0000000000033c0c                CLOCK_POWER_IRQHandler
 *libplatform_s*:(SORT_BY_ALIGNMENT(.text*))
 .text.hw_init_reset_on_boot
                0x0000000000033c28       0xd0 platform/libplatform_s.a(hw_init.o)
                0x0000000000033c28                hw_init_reset_on_boot
 .text.uicr_HFXOCNT_erased
                0x0000000000033cf8       0x40 platform/libplatform_s.a(system_nrf91.o)
 .text.uicr_HFXOSRC_erased
                0x0000000000033d38       0x3c platform/libplatform_s.a(system_nrf91.o)
 .text.SystemInit
                0x0000000000033d74      0x1e0 platform/libplatform_s.a(system_nrf91.o)
                0x0000000000033d74                SystemInit
 .text.tfm_exception_info_get_context
                0x0000000000033f54        0xc platform/libplatform_s.a(exception_info.o)
                0x0000000000033f54                tfm_exception_info_get_context
 .text.store_and_dump_context
                0x0000000000033f60      0x11c platform/libplatform_s.a(exception_info.o)
                0x0000000000033f60                store_and_dump_context
 .text.stdio_output_string
                0x000000000003407c       0x40 platform/libplatform_s.a(uart_stdout.o)
                0x000000000003407c                stdio_output_string
 .text.stdio_init
                0x00000000000340bc       0x30 platform/libplatform_s.a(uart_stdout.o)
                0x00000000000340bc                stdio_init
 .text.stdio_uninit
                0x00000000000340ec       0x20 platform/libplatform_s.a(uart_stdout.o)
                0x00000000000340ec                stdio_uninit
 .text.ARM_USART_GetVersion
                0x000000000003410c       0x20 platform/libplatform_s.a(Driver_USART.o)
 .text.ARM_USART1_GetTxCount
                0x000000000003412c        0xc platform/libplatform_s.a(Driver_USART.o)
 .text.ARM_USART1_GetRxCount
                0x0000000000034138        0xc platform/libplatform_s.a(Driver_USART.o)
 .text.ARM_USART1_Receive
                0x0000000000034144       0x3c platform/libplatform_s.a(Driver_USART.o)
 .text.ARM_USARTx_Send.constprop.0
                0x0000000000034180       0x78 platform/libplatform_s.a(Driver_USART.o)
 .text.ARM_USART1_Control
                0x00000000000341f8      0x178 platform/libplatform_s.a(Driver_USART.o)
 .text.ARM_USART1_Uninitialize
                0x0000000000034370       0x4c platform/libplatform_s.a(Driver_USART.o)
 .text.ARM_USART1_Initialize
                0x00000000000343bc       0xa4 platform/libplatform_s.a(Driver_USART.o)
 .text.on_rx_disabled
                0x0000000000034460       0x64 platform/libplatform_s.a(nrfx_uarte.o)
 .text.nrf_gpio_cfg_input.constprop.0
                0x00000000000344c4       0x30 platform/libplatform_s.a(nrfx_uarte.o)
 .text.blocking_tx
                0x00000000000344f4      0x1b8 platform/libplatform_s.a(nrfx_uarte.o)
 .text.nrf_gpio_pin_set
                0x00000000000346ac       0x18 platform/libplatform_s.a(nrfx_uarte.o)
 .text.nrf_gpio_cfg_output
                0x00000000000346c4       0x34 platform/libplatform_s.a(nrfx_uarte.o)
 .text.uarte_configure
                0x00000000000346f8      0x178 platform/libplatform_s.a(nrfx_uarte.o)
 .text.nrf_gpio_cfg_default
                0x0000000000034870       0x34 platform/libplatform_s.a(nrfx_uarte.o)
 .text.nrfx_uarte_init
                0x00000000000348a4      0x16c platform/libplatform_s.a(nrfx_uarte.o)
                0x00000000000348a4                nrfx_uarte_init
 .text.nrfx_uarte_tx
                0x0000000000034a10       0xd8 platform/libplatform_s.a(nrfx_uarte.o)
                0x0000000000034a10                nrfx_uarte_tx
 .text.nrfx_uarte_tx_abort
                0x0000000000034ae8       0xb8 platform/libplatform_s.a(nrfx_uarte.o)
                0x0000000000034ae8                nrfx_uarte_tx_abort
 .text.nrfx_uarte_rx_enable
                0x0000000000034ba0      0x14c platform/libplatform_s.a(nrfx_uarte.o)
                0x0000000000034ba0                nrfx_uarte_rx_enable
 .text.nrfx_uarte_rx_buffer_set
                0x0000000000034cec      0x190 platform/libplatform_s.a(nrfx_uarte.o)
                0x0000000000034cec                nrfx_uarte_rx_buffer_set
 .text.nrfx_uarte_rx_abort
                0x0000000000034e7c      0x150 platform/libplatform_s.a(nrfx_uarte.o)
                0x0000000000034e7c                nrfx_uarte_rx_abort
 .text.nrfx_uarte_uninit
                0x0000000000034fcc       0xd0 platform/libplatform_s.a(nrfx_uarte.o)
                0x0000000000034fcc                nrfx_uarte_uninit
 .text.nrfx_uarte_rx_ready
                0x000000000003509c       0x54 platform/libplatform_s.a(nrfx_uarte.o)
                0x000000000003509c                nrfx_uarte_rx_ready
 .text.nrfx_uarte_rx
                0x00000000000350f0       0x84 platform/libplatform_s.a(nrfx_uarte.o)
                0x00000000000350f0                nrfx_uarte_rx
 .text.nrfx_critical_section_enter
                0x0000000000035174       0x10 platform/libplatform_s.a(nrfx_glue.o)
                0x0000000000035174                nrfx_critical_section_enter
 .text.nrfx_critical_section_exit
                0x0000000000035184       0x14 platform/libplatform_s.a(nrfx_glue.o)
                0x0000000000035184                nrfx_critical_section_exit
 .text.spu_enable_interrupts
                0x0000000000035198       0x10 platform/libplatform_s.a(spu.o)
                0x0000000000035198                spu_enable_interrupts
 .text.spu_events_get
                0x00000000000351a8       0x28 platform/libplatform_s.a(spu.o)
                0x00000000000351a8                spu_events_get
 .text.spu_clear_events
                0x00000000000351d0       0x24 platform/libplatform_s.a(spu.o)
                0x00000000000351d0                spu_clear_events
 .text.spu_regions_reset_unlocked_secure
                0x00000000000351f4       0x3c platform/libplatform_s.a(spu.o)
                0x00000000000351f4                spu_regions_reset_unlocked_secure
 .text.spu_regions_flash_config
                0x0000000000035230       0x2c platform/libplatform_s.a(spu.o)
                0x0000000000035230                spu_regions_flash_config
 .text.spu_regions_sram_config
                0x000000000003525c       0x34 platform/libplatform_s.a(spu.o)
                0x000000000003525c                spu_regions_sram_config
 .text.spu_regions_flash_config_non_secure_callable
                0x0000000000035290       0x30 platform/libplatform_s.a(spu.o)
                0x0000000000035290                spu_regions_flash_config_non_secure_callable
 .text.spu_regions_sram_get_last_address_in_region
                0x00000000000352c0        0xc platform/libplatform_s.a(spu.o)
                0x00000000000352c0                spu_regions_sram_get_last_address_in_region
 .text.spu_peripheral_config_secure
                0x00000000000352cc       0x1c platform/libplatform_s.a(spu.o)
                0x00000000000352cc                spu_peripheral_config_secure
 .text.spu_peripheral_config_non_secure
                0x00000000000352e8       0x18 platform/libplatform_s.a(spu.o)
                0x00000000000352e8                spu_peripheral_config_non_secure
 .text.ARM_Flash_GetInfo
                0x0000000000035300        0x8 platform/libplatform_s.a(Driver_Flash.o)
 .text.ARM_Flash_EraseSector
                0x0000000000035308       0x18 platform/libplatform_s.a(Driver_Flash.o)
 .text.nvmc_readonly_mode_set
                0x0000000000035320       0x14 platform/libplatform_s.a(nrfx_nvmc.o)
 .text.nvmc_word_write
                0x0000000000035334       0x18 platform/libplatform_s.a(nrfx_nvmc.o)
 .text.nrfx_nvmc_page_erase
                0x000000000003534c       0x3c platform/libplatform_s.a(nrfx_nvmc.o)
                0x000000000003534c                nrfx_nvmc_page_erase
 .text.nrfx_nvmc_words_write
                0x0000000000035388       0x38 platform/libplatform_s.a(nrfx_nvmc.o)
                0x0000000000035388                nrfx_nvmc_words_write
 .text.mpu_armv8m_enable
                0x00000000000353c0       0x34 platform/libplatform_s.a(mpu_armv8m_drv.o)
                0x00000000000353c0                mpu_armv8m_enable
 .text.nrf_exception_info_store_context
                0x00000000000353f4       0x20 platform/libplatform_s.a(nrf_exception_info.o)
                0x00000000000353f4                nrf_exception_info_store_context
 .text.nrf_exception_info_get_context
                0x0000000000035414        0xc platform/libplatform_s.a(nrf_exception_info.o)
                0x0000000000035414                nrf_exception_info_get_context
 .text.tfm_hal_its_aead_generate_nonce
                0x0000000000035420       0x54 platform/libplatform_s.a(tfm_hal_its_encryption.o)
                0x0000000000035420                tfm_hal_its_aead_generate_nonce
 .text.tfm_hal_platform_init
                0x0000000000035474       0x68 platform/libplatform_s.a(tfm_hal_platform.o)
                0x0000000000035474                tfm_hal_platform_init
 .text.hw_unique_key_write_random
                0x00000000000354dc      0x114 platform/libplatform_s.a(hw_unique_key_cc3xx.o)
                0x00000000000354dc                hw_unique_key_write_random
 .text.hw_unique_key_derive_key
                0x00000000000355f0       0x4c platform/libplatform_s.a(hw_unique_key_cc3xx.o)
                0x00000000000355f0                hw_unique_key_derive_key
 .text.hw_unique_key_write
                0x000000000003563c       0x2c platform/libplatform_s.a(hw_unique_key_cc3xx_kmu.o)
                0x000000000003563c                hw_unique_key_write
 .text.hw_unique_key_is_written
                0x0000000000035668       0x74 platform/libplatform_s.a(hw_unique_key_cc3xx_kmu.o)
                0x0000000000035668                hw_unique_key_is_written
 .text.ns_fault_service_set_handler
                0x00000000000356dc       0x14 platform/libplatform_s.a(ns_fault_service.o)
                0x00000000000356dc                ns_fault_service_set_handler
 .text.call_ns_callback
                0x00000000000356f0       0xe8 platform/libplatform_s.a(ns_fault_service.o)
                0x00000000000356f0                call_ns_callback
 .text.ns_fault_service_call_handler
                0x00000000000357d8       0x34 platform/libplatform_s.a(ns_fault_service.o)
                0x00000000000357d8                ns_fault_service_call_handler
 .text.tfm_platform_hal_system_reset
                0x000000000003580c       0x24 platform/libplatform_s.a(tfm_platform_system.o)
                0x000000000003580c                tfm_platform_hal_system_reset
 .text.tfm_platform_hal_ioctl
                0x0000000000035830      0x110 platform/libplatform_s.a(tfm_platform_system.o)
                0x0000000000035830                tfm_platform_hal_ioctl
 .text.erase_flash_region
                0x0000000000035940       0x3c platform/libplatform_s.a(flash_otp_nv_counters_backend.o)
 .text.copy_flash_region
                0x000000000003597c       0x78 platform/libplatform_s.a(flash_otp_nv_counters_backend.o)
 .text.read_otp_nv_counters_flash
                0x00000000000359f4       0x7c platform/libplatform_s.a(flash_otp_nv_counters_backend.o)
                0x00000000000359f4                read_otp_nv_counters_flash
 .text.write_otp_nv_counters_flash
                0x0000000000035a70      0x1ac platform/libplatform_s.a(flash_otp_nv_counters_backend.o)
                0x0000000000035a70                write_otp_nv_counters_flash
 .text.init_otp_nv_counters_flash
                0x0000000000035c1c      0x154 platform/libplatform_s.a(flash_otp_nv_counters_backend.o)
                0x0000000000035c1c                init_otp_nv_counters_flash
 .text.tfm_plat_otp_get_size
                0x0000000000035d70       0x34 platform/libplatform_s.a(otp_flash.o)
                0x0000000000035d70                tfm_plat_otp_get_size
 .text.tfm_platform_hal_read_service
                0x0000000000035da4       0xbc platform/libplatform_s.a(tfm_platform_hal_ioctl.o)
                0x0000000000035da4                tfm_platform_hal_read_service
 .text.nrf91_errata_6
                0x0000000000035e60       0x1e platform/libplatform_s.a(system_nrf91.o)
 .text.nrf91_errata_14
                0x0000000000035e7e       0x24 platform/libplatform_s.a(system_nrf91.o)
 .text.tfm_hal_output_spm_log
                0x0000000000035ea2        0x4 platform/libplatform_s.a(tfm_hal_spm_logdev_peripheral.o)
                0x0000000000035ea2                tfm_hal_output_spm_log
 .text.ARM_USART_GetCapabilities
                0x0000000000035ea6        0x4 platform/libplatform_s.a(Driver_USART.o)
 .text.ARM_USART_Transfer
                0x0000000000035eaa        0x6 platform/libplatform_s.a(Driver_USART.o)
 .text.ARM_USART_GetStatus
                0x0000000000035eb0        0xc platform/libplatform_s.a(Driver_USART.o)
 .text.ARM_USART_SetModemControl
                0x0000000000035ebc        0x6 platform/libplatform_s.a(Driver_USART.o)
 .text.ARM_USART_GetModemStatus
                0x0000000000035ec2        0xc platform/libplatform_s.a(Driver_USART.o)
 .text.ARM_USART1_PowerControl
                0x0000000000035ece        0xc platform/libplatform_s.a(Driver_USART.o)
 .text.ARM_USART1_Send
                0x0000000000035eda        0x4 platform/libplatform_s.a(Driver_USART.o)
 .text.uart_config_set_uart_pins
                0x0000000000035ede       0x3c platform/libplatform_s.a(Driver_USART.o)
                0x0000000000035ede                uart_config_set_uart_pins
 .text.is_tx_ready
                0x0000000000035f1a       0x1a platform/libplatform_s.a(nrfx_uarte.o)
 .text.user_handler
                0x0000000000035f34       0x22 platform/libplatform_s.a(nrfx_uarte.o)
 .text.user_handler_on_rx_done
                0x0000000000035f56       0x28 platform/libplatform_s.a(nrfx_uarte.o)
 .text.disable_hw_from_rx
                0x0000000000035f7e       0x24 platform/libplatform_s.a(nrfx_uarte.o)
 .text.disable_hw_from_tx
                0x0000000000035fa2       0x16 platform/libplatform_s.a(nrfx_uarte.o)
 .text.tx_prepare_start.isra.0
                0x0000000000035fb8       0x7e platform/libplatform_s.a(nrfx_uarte.o)
 .text.spu_regions_flash_get_base_address_in_region
                0x0000000000036036        0x4 platform/libplatform_s.a(spu.o)
                0x0000000000036036                spu_regions_flash_get_base_address_in_region
 .text.spu_regions_flash_get_last_address_in_region
                0x000000000003603a        0xa platform/libplatform_s.a(spu.o)
                0x000000000003603a                spu_regions_flash_get_last_address_in_region
 .text.spu_regions_flash_get_start_id
                0x0000000000036044        0x4 platform/libplatform_s.a(spu.o)
                0x0000000000036044                spu_regions_flash_get_start_id
 .text.spu_regions_flash_get_last_id
                0x0000000000036048        0x4 platform/libplatform_s.a(spu.o)
                0x0000000000036048                spu_regions_flash_get_last_id
 .text.spu_regions_flash_get_region_size
                0x000000000003604c        0x6 platform/libplatform_s.a(spu.o)
                0x000000000003604c                spu_regions_flash_get_region_size
 .text.spu_regions_sram_get_base_address_in_region
                0x0000000000036052        0xa platform/libplatform_s.a(spu.o)
                0x0000000000036052                spu_regions_sram_get_base_address_in_region
 .text.spu_regions_sram_get_start_id
                0x000000000003605c        0x4 platform/libplatform_s.a(spu.o)
                0x000000000003605c                spu_regions_sram_get_start_id
 .text.spu_regions_sram_get_last_id
                0x0000000000036060        0x4 platform/libplatform_s.a(spu.o)
                0x0000000000036060                spu_regions_sram_get_last_id
 .text.spu_regions_sram_get_region_size
                0x0000000000036064        0x6 platform/libplatform_s.a(spu.o)
                0x0000000000036064                spu_regions_sram_get_region_size
 .text.ARM_Flash_GetCapabilities
                0x000000000003606a        0x4 platform/libplatform_s.a(Driver_Flash.o)
 .text.ARM_Flash_Initialize
                0x000000000003606e        0x4 platform/libplatform_s.a(Driver_Flash.o)
 .text.ARM_Flash_Unitialize
                0x0000000000036072        0x4 platform/libplatform_s.a(Driver_Flash.o)
 .text.ARM_Flash_ProgramData
                0x0000000000036076       0x28 platform/libplatform_s.a(Driver_Flash.o)
 .text.ARM_Flash_ReadData
                0x000000000003609e       0x2c platform/libplatform_s.a(Driver_Flash.o)
 .text.mpu_armv8m_region_enable
                0x00000000000360ca       0x6a platform/libplatform_s.a(mpu_armv8m_drv.o)
                0x00000000000360ca                mpu_armv8m_region_enable
 .text.mpu_armv8m_region_disable
                0x0000000000036134       0x14 platform/libplatform_s.a(mpu_armv8m_drv.o)
                0x0000000000036134                mpu_armv8m_region_disable
 .text.mpu_armv8m_clean
                0x0000000000036148       0x22 platform/libplatform_s.a(mpu_armv8m_drv.o)
                0x0000000000036148                mpu_armv8m_clean
 .text.ctx_is_valid
                0x000000000003616a       0x2c platform/libplatform_s.a(tfm_hal_its_encryption.o)
 .text.tfm_hal_its_aead_init
                0x0000000000036196       0x5a platform/libplatform_s.a(tfm_hal_its_encryption.o)
 .text.tfm_hal_its_aead_cleanup.part.0
                0x00000000000361f0        0x8 platform/libplatform_s.a(tfm_hal_its_encryption.o)
 .text.tfm_hal_its_aead_encrypt
                0x00000000000361f8       0x74 platform/libplatform_s.a(tfm_hal_its_encryption.o)
                0x00000000000361f8                tfm_hal_its_aead_encrypt
 .text.tfm_hal_its_aead_decrypt
                0x000000000003626c       0x68 platform/libplatform_s.a(tfm_hal_its_encryption.o)
                0x000000000003626c                tfm_hal_its_aead_decrypt
 .text.tfm_hal_system_halt
                0x00000000000362d4        0xc platform/libplatform_s.a(tfm_hal_reset_halt.o)
                0x00000000000362d4                tfm_hal_system_halt
 .text.tfm_plat_provisioning_is_required
                0x00000000000362e0        0x4 platform/libplatform_s.a(dummy_provisioning.o)
                0x00000000000362e0                tfm_plat_provisioning_is_required
 .text.tfm_plat_provisioning_perform
                0x00000000000362e4        0x4 platform/libplatform_s.a(dummy_provisioning.o)
                0x00000000000362e4                tfm_plat_provisioning_perform
 .text.tfm_plat_provisioning_check_for_dummy_keys
                0x00000000000362e8        0x2 platform/libplatform_s.a(dummy_provisioning.o)
                0x00000000000362e8                tfm_plat_provisioning_check_for_dummy_keys
 .text.hw_unique_key_are_any_written
                0x00000000000362ea       0x16 platform/libplatform_s.a(hw_unique_key_cc3xx.o)
                0x00000000000362ea                hw_unique_key_are_any_written
 .text.nrfx_nvmc_uicr_word_read
                0x0000000000036300       0x1c platform/libplatform_s.a(hw_unique_key_cc3xx_kmu.o)
 .text.tfm_hal_ps_fs_info
                0x000000000003631c       0x1c platform/libplatform_s.a(tfm_hal_ps.o)
                0x000000000003631c                tfm_hal_ps_fs_info
 .text.tfm_hal_its_fs_info
                0x0000000000036338       0x1c platform/libplatform_s.a(tfm_hal_its.o)
                0x0000000000036338                tfm_hal_its_fs_info
 .text.set_nv_counter_flash
                0x0000000000036354       0x3e platform/libplatform_s.a(nv_counters.o)
 .text.tfm_plat_init_nv_counter
                0x0000000000036392        0x4 platform/libplatform_s.a(nv_counters.o)
                0x0000000000036392                tfm_plat_init_nv_counter
 .text.tfm_plat_read_nv_counter
                0x0000000000036396       0x38 platform/libplatform_s.a(nv_counters.o)
                0x0000000000036396                tfm_plat_read_nv_counter
 .text.tfm_plat_set_nv_counter
                0x00000000000363ce       0x38 platform/libplatform_s.a(nv_counters.o)
                0x00000000000363ce                tfm_plat_set_nv_counter
 .text.tfm_plat_increment_nv_counter
                0x0000000000036406       0x26 platform/libplatform_s.a(nv_counters.o)
                0x0000000000036406                tfm_plat_increment_nv_counter
 .text.make_backup
                0x000000000003642c       0x26 platform/libplatform_s.a(flash_otp_nv_counters_backend.o)
 .text.tfm_plat_otp_init
                0x0000000000036452        0x4 platform/libplatform_s.a(otp_flash.o)
                0x0000000000036452                tfm_plat_otp_init
 .text.write_to_output
                0x0000000000036456       0x2c platform/libplatform_s.a(otp_flash.o)
 .text.tfm_plat_otp_read
                0x0000000000036482       0x9e platform/libplatform_s.a(otp_flash.o)
                0x0000000000036482                tfm_plat_otp_read
 .text.tfm_platform_hal_write32_service
                0x0000000000036520       0x2c platform/libplatform_s.a(tfm_platform_hal_ioctl.o)
                0x0000000000036520                tfm_platform_hal_write32_service
 *libtfm_spm*:(SORT_BY_ALIGNMENT(.text*))
 .text.spm_log_msgval
                0x000000000003654c       0x58 secure_fw/spm/libtfm_spm.a(spm_log.o)
                0x000000000003654c                spm_log_msgval
 .text.startup.main
                0x00000000000365a4       0x80 secure_fw/spm/libtfm_spm.a(main.o)
                0x00000000000365a4                main
 .text.SVC_Handler
                0x0000000000036624       0x68 secure_fw/spm/libtfm_spm.a(tfm_arch_v8m_main.o)
                0x0000000000036624                SVC_Handler
 .text.tfm_arch_set_secure_exception_priorities
                0x000000000003668c       0x28 secure_fw/spm/libtfm_spm.a(tfm_arch_v8m_main.o)
                0x000000000003668c                tfm_arch_set_secure_exception_priorities
 .text.tfm_arch_config_extensions
                0x00000000000366b4       0x4c secure_fw/spm/libtfm_spm.a(tfm_arch_v8m_main.o)
                0x00000000000366b4                tfm_arch_config_extensions
 .text.ns_agent_tz_main
                0x0000000000036700       0x60 secure_fw/spm/libtfm_spm.a(ns_agent_tz_v80m.o)
                0x0000000000036700                ns_agent_tz_main
 .text.tfm_hal_bind_boundary
                0x0000000000036760       0x78 secure_fw/spm/libtfm_spm.a(tfm_hal_isolation.o)
                0x0000000000036760                tfm_hal_bind_boundary
 .text.mpu_init_cfg
                0x00000000000367d8      0x11c secure_fw/spm/libtfm_spm.a(tfm_hal_isolation.o)
                0x00000000000367d8                mpu_init_cfg
 .text.SPU_Handler
                0x00000000000368f4       0x3c secure_fw/spm/libtfm_spm.a(faults.o)
                0x00000000000368f4                SPU_Handler
 .text.enable_fault_handlers
                0x0000000000036930       0x14 secure_fw/spm/libtfm_spm.a(target_cfg.o)
                0x0000000000036930                enable_fault_handlers
 .text.system_reset_cfg
                0x0000000000036944       0x18 secure_fw/spm/libtfm_spm.a(target_cfg.o)
                0x0000000000036944                system_reset_cfg
 .text.nvic_interrupt_target_state_cfg
                0x000000000003695c       0x40 secure_fw/spm/libtfm_spm.a(target_cfg.o)
                0x000000000003695c                nvic_interrupt_target_state_cfg
 .text.nvic_interrupt_enable
                0x000000000003699c       0x18 secure_fw/spm/libtfm_spm.a(target_cfg.o)
                0x000000000003699c                nvic_interrupt_enable
 .text.sau_and_idau_cfg
                0x00000000000369b4       0x20 secure_fw/spm/libtfm_spm.a(target_cfg.o)
                0x00000000000369b4                sau_and_idau_cfg
 .text.spu_init_cfg
                0x00000000000369d4       0x6c secure_fw/spm/libtfm_spm.a(target_cfg.o)
                0x00000000000369d4                spu_init_cfg
 .text.spu_periph_init_cfg
                0x0000000000036a40       0x4c secure_fw/spm/libtfm_spm.a(target_cfg.o)
                0x0000000000036a40                spu_periph_init_cfg
 .text.tfm_core_validate_boot_data
                0x0000000000036a8c        0xc secure_fw/spm/libtfm_spm.a(tfm_boot_data.o)
                0x0000000000036a8c                tfm_core_validate_boot_data
 .text.tfm_core_get_boot_data_handler
                0x0000000000036a98       0x38 secure_fw/spm/libtfm_spm.a(tfm_boot_data.o)
                0x0000000000036a98                tfm_core_get_boot_data_handler
 .text.tfm_spm_get_service_by_sid
                0x0000000000036ad0       0x2c secure_fw/spm/libtfm_spm.a(spm_ipc.o)
                0x0000000000036ad0                tfm_spm_get_service_by_sid
 .text.tfm_spm_check_authorization
                0x0000000000036afc       0x48 secure_fw/spm/libtfm_spm.a(spm_ipc.o)
                0x0000000000036afc                tfm_spm_check_authorization
 .text.spm_init_idle_connection
                0x0000000000036b44       0x34 secure_fw/spm/libtfm_spm.a(spm_ipc.o)
                0x0000000000036b44                spm_init_idle_connection
 .text.tfm_spm_partition_get_running_partition_id
                0x0000000000036b78       0x1c secure_fw/spm/libtfm_spm.a(spm_ipc.o)
                0x0000000000036b78                tfm_spm_partition_get_running_partition_id
 .text.tfm_spm_is_ns_caller
                0x0000000000036b94       0x28 secure_fw/spm/libtfm_spm.a(spm_ipc.o)
                0x0000000000036b94                tfm_spm_is_ns_caller
 .text.spm_get_idle_connection
                0x0000000000036bbc       0x78 secure_fw/spm/libtfm_spm.a(spm_ipc.o)
                0x0000000000036bbc                spm_get_idle_connection
 .text.tfm_spm_init
                0x0000000000036c34       0x68 secure_fw/spm/libtfm_spm.a(spm_ipc.o)
                0x0000000000036c34                tfm_spm_init
 .text.load_a_partition_assuredly
                0x0000000000036c9c      0x10c secure_fw/spm/libtfm_spm.a(rom_loader.o)
                0x0000000000036c9c                load_a_partition_assuredly
 .text.load_services_assuredly
                0x0000000000036da8       0xc4 secure_fw/spm/libtfm_spm.a(rom_loader.o)
                0x0000000000036da8                load_services_assuredly
 .text.partition_init
                0x0000000000036e6c       0x1c secure_fw/spm/libtfm_spm.a(backend_ipc.o)
 .text.ns_agent_tz_init
                0x0000000000036e88       0x2c secure_fw/spm/libtfm_spm.a(backend_ipc.o)
 .text.backend_init_comp_assuredly
                0x0000000000036eb4       0xb4 secure_fw/spm/libtfm_spm.a(backend_ipc.o)
                0x0000000000036eb4                backend_init_comp_assuredly
 .text.backend_system_run
                0x0000000000036f68       0x30 secure_fw/spm/libtfm_spm.a(backend_ipc.o)
                0x0000000000036f68                backend_system_run
 .text.backend_abi_entering_spm
                0x0000000000036f98       0x44 secure_fw/spm/libtfm_spm.a(backend_ipc.o)
                0x0000000000036f98                backend_abi_entering_spm
 .text.ipc_schedule
                0x0000000000036fdc       0x98 secure_fw/spm/libtfm_spm.a(backend_ipc.o)
                0x0000000000036fdc                ipc_schedule
 .text.spm_svc_handler
                0x0000000000037074       0xb8 secure_fw/spm/libtfm_spm.a(tfm_svcalls.o)
                0x0000000000037074                spm_svc_handler
 .text.thrd_set_query_callback
                0x000000000003712c        0xc secure_fw/spm/libtfm_spm.a(thread.o)
                0x000000000003712c                thrd_set_query_callback
 .text.thrd_next
                0x0000000000037138       0x4c secure_fw/spm/libtfm_spm.a(thread.o)
                0x0000000000037138                thrd_next
 .text.thrd_set_state
                0x0000000000037184       0x28 secure_fw/spm/libtfm_spm.a(thread.o)
                0x0000000000037184                thrd_set_state
 .text.thrd_start
                0x00000000000371ac       0x44 secure_fw/spm/libtfm_spm.a(thread.o)
                0x00000000000371ac                thrd_start
 .text.tz_ns_agent_register_client_id_range
                0x00000000000371f0        0xc secure_fw/spm/libtfm_spm.a(tfm_spm_ns_ctx.o)
                0x00000000000371f0                tz_ns_agent_register_client_id_range
 .text.tfm_nspm_get_current_client_id
                0x00000000000371fc       0x14 secure_fw/spm/libtfm_spm.a(tfm_spm_ns_ctx.o)
                0x00000000000371fc                tfm_nspm_get_current_client_id
 .text.tfm_nspm_ctx_init
                0x0000000000037210       0x18 secure_fw/spm/libtfm_spm.a(tfm_spm_ns_ctx.o)
                0x0000000000037210                tfm_nspm_ctx_init
 .text.connection_to_handle
                0x0000000000037228       0x20 secure_fw/spm/libtfm_spm.a(spm_connection_pool.o)
                0x0000000000037228                connection_to_handle
 .text.handle_to_connection
                0x0000000000037248       0x10 secure_fw/spm/libtfm_spm.a(spm_connection_pool.o)
                0x0000000000037248                handle_to_connection
 .text.spm_init_connection_space
                0x0000000000037258       0x20 secure_fw/spm/libtfm_spm.a(spm_connection_pool.o)
                0x0000000000037258                spm_init_connection_space
 .text.spm_allocate_connection
                0x0000000000037278        0xc secure_fw/spm/libtfm_spm.a(spm_connection_pool.o)
                0x0000000000037278                spm_allocate_connection
 .text.spm_validate_connection
                0x0000000000037284       0x1c secure_fw/spm/libtfm_spm.a(spm_connection_pool.o)
                0x0000000000037284                spm_validate_connection
 .text.spm_free_connection
                0x00000000000372a0       0x1c secure_fw/spm/libtfm_spm.a(spm_connection_pool.o)
                0x00000000000372a0                spm_free_connection
 .text.tfm_hal_get_ns_VTOR
                0x00000000000372bc        0xc secure_fw/spm/libtfm_spm.a(tfm_hal_platform_common.o)
                0x00000000000372bc                tfm_hal_get_ns_VTOR
 .text.tfm_hal_get_ns_MSP
                0x00000000000372c8        0xc secure_fw/spm/libtfm_spm.a(tfm_hal_platform_common.o)
                0x00000000000372c8                tfm_hal_get_ns_MSP
 .text.tfm_hal_get_ns_entry_point
                0x00000000000372d4        0xc secure_fw/spm/libtfm_spm.a(tfm_hal_platform_common.o)
                0x00000000000372d4                tfm_hal_get_ns_entry_point
 .text.arch_acquire_sched_lock
                0x00000000000372e0       0x10 secure_fw/spm/libtfm_spm.a(tfm_arch.o)
                0x00000000000372e0                arch_acquire_sched_lock
 .text.arch_release_sched_lock
                0x00000000000372f0       0x14 secure_fw/spm/libtfm_spm.a(tfm_arch.o)
                0x00000000000372f0                arch_release_sched_lock
 .text.arch_attempt_schedule
                0x0000000000037304       0x2c secure_fw/spm/libtfm_spm.a(tfm_arch.o)
                0x0000000000037304                arch_attempt_schedule
 .text.tfm_arch_init_context
                0x0000000000037330       0x5c secure_fw/spm/libtfm_spm.a(tfm_arch.o)
                0x0000000000037330                tfm_arch_init_context
 .text.tfm_spm_partition_psa_wait
                0x000000000003738c       0x3c secure_fw/spm/libtfm_spm.a(psa_api.o)
                0x000000000003738c                tfm_spm_partition_psa_wait
 .text.tfm_spm_partition_psa_get
                0x00000000000373c8       0xb0 secure_fw/spm/libtfm_spm.a(psa_api.o)
                0x00000000000373c8                tfm_spm_partition_psa_get
 .text.tfm_pool_alloc
                0x0000000000037478       0x20 secure_fw/spm/libtfm_spm.a(tfm_pools.o)
                0x0000000000037478                tfm_pool_alloc
 .text.is_valid_chunk_data_in_pool
                0x0000000000037498       0x38 secure_fw/spm/libtfm_spm.a(tfm_pools.o)
                0x0000000000037498                is_valid_chunk_data_in_pool
 .text.spm_associate_call_params
                0x00000000000374d0      0x18c secure_fw/spm/libtfm_spm.a(psa_call_api.o)
                0x00000000000374d0                spm_associate_call_params
 .text.tfm_spm_partition_psa_read
                0x000000000003765c       0x74 secure_fw/spm/libtfm_spm.a(psa_read_write_skip_api.o)
                0x000000000003765c                tfm_spm_partition_psa_read
 .text.tfm_spm_partition_psa_write
                0x00000000000376d0       0x78 secure_fw/spm/libtfm_spm.a(psa_read_write_skip_api.o)
                0x00000000000376d0                tfm_spm_partition_psa_write
 .text.tfm_core_panic
                0x0000000000037748        0x4 secure_fw/spm/libtfm_spm.a(utilities.o)
                0x0000000000037748                tfm_core_panic
 .text.tfm_arch_thread_fn_call
                0x000000000003774c       0x52 secure_fw/spm/libtfm_spm.a(tfm_arch_v8m_main.o)
                0x000000000003774c                tfm_arch_thread_fn_call
 .text.PendSV_Handler
                0x000000000003779e       0x54 secure_fw/spm/libtfm_spm.a(tfm_arch_v8m_main.o)
                0x000000000003779e                PendSV_Handler
 .text.tfm_arch_clear_fp_data
                0x00000000000377f2       0x8a secure_fw/spm/libtfm_spm.a(tfm_arch_v8m_main.o)
                0x00000000000377f2                tfm_arch_clear_fp_data
 .text.tfm_hal_activate_boundary
                0x000000000003787c       0x1c secure_fw/spm/libtfm_spm.a(tfm_hal_isolation.o)
                0x000000000003787c                tfm_hal_activate_boundary
 .text.tfm_hal_memory_check
                0x0000000000037898      0x132 secure_fw/spm/libtfm_spm.a(tfm_hal_isolation.o)
                0x0000000000037898                tfm_hal_memory_check
 .text.tfm_hal_set_up_static_boundaries
                0x00000000000379ca       0x2a secure_fw/spm/libtfm_spm.a(tfm_hal_isolation.o)
                0x00000000000379ca                tfm_hal_set_up_static_boundaries
 .text.tfm_hal_boundary_need_switch
                0x00000000000379f4       0x1a secure_fw/spm/libtfm_spm.a(tfm_hal_isolation.o)
                0x00000000000379f4                tfm_hal_boundary_need_switch
 .text.SPU_IRQHandler
                0x0000000000037a0e       0x1c secure_fw/spm/libtfm_spm.a(faults.o)
                0x0000000000037a0e                SPU_IRQHandler
 .text.init_debug
                0x0000000000037a2a        0x4 secure_fw/spm/libtfm_spm.a(target_cfg.o)
                0x0000000000037a2a                init_debug
 .text.spm_get_handle_by_signal
                0x0000000000037a2e       0x4a secure_fw/spm/libtfm_spm.a(spm_ipc.o)
                0x0000000000037a2e                spm_get_handle_by_signal
 .text.tfm_spm_check_client_version
                0x0000000000037a78       0x24 secure_fw/spm/libtfm_spm.a(spm_ipc.o)
                0x0000000000037a78                tfm_spm_check_client_version
 .text.spm_msg_handle_to_connection
                0x0000000000037a9c       0x28 secure_fw/spm/libtfm_spm.a(spm_ipc.o)
                0x0000000000037a9c                spm_msg_handle_to_connection
 .text.tfm_spm_get_client_id
                0x0000000000037ac4       0x20 secure_fw/spm/libtfm_spm.a(spm_ipc.o)
                0x0000000000037ac4                tfm_spm_get_client_id
 .text.update_caller_outvec_len
                0x0000000000037ae4       0x1e secure_fw/spm/libtfm_spm.a(spm_ipc.o)
                0x0000000000037ae4                update_caller_outvec_len
 .text.load_irqs_assuredly
                0x0000000000037b02        0x2 secure_fw/spm/libtfm_spm.a(rom_loader.o)
                0x0000000000037b02                load_irqs_assuredly
 .text.query_state
                0x0000000000037b04       0x42 secure_fw/spm/libtfm_spm.a(backend_ipc.o)
 .text.backend_wait_signals
                0x0000000000037b46       0x20 secure_fw/spm/libtfm_spm.a(backend_ipc.o)
                0x0000000000037b46                backend_wait_signals
 .text.backend_assert_signal
                0x0000000000037b66       0x2c secure_fw/spm/libtfm_spm.a(backend_ipc.o)
                0x0000000000037b66                backend_assert_signal
 .text.backend_messaging
                0x0000000000037b92       0x40 secure_fw/spm/libtfm_spm.a(backend_ipc.o)
                0x0000000000037b92                backend_messaging
 .text.backend_replying
                0x0000000000037bd2        0xa secure_fw/spm/libtfm_spm.a(backend_ipc.o)
                0x0000000000037bd2                backend_replying
 .text.backend_abi_leaving_spm
                0x0000000000037bdc       0x1e secure_fw/spm/libtfm_spm.a(backend_ipc.o)
                0x0000000000037bdc                backend_abi_leaving_spm
 .text.thrd_start_scheduler
                0x0000000000037bfa       0x1c secure_fw/spm/libtfm_spm.a(thread.o)
                0x0000000000037bfa                thrd_start_scheduler
 .text.tfm_hal_platform_common_init
                0x0000000000037c16       0x36 secure_fw/spm/libtfm_spm.a(tfm_hal_platform_common.o)
                0x0000000000037c16                tfm_hal_platform_common_init
 .text.tfm_arch_free_msp_and_exc_ret
                0x0000000000037c4c        0xc secure_fw/spm/libtfm_spm.a(tfm_arch.o)
                0x0000000000037c4c                tfm_arch_free_msp_and_exc_ret
 .text.tfm_arch_set_context_ret_code
                0x0000000000037c58        0x6 secure_fw/spm/libtfm_spm.a(tfm_arch.o)
                0x0000000000037c58                tfm_arch_set_context_ret_code
 .text.tfm_arch_refresh_hardware_context
                0x0000000000037c5e       0x16 secure_fw/spm/libtfm_spm.a(tfm_arch.o)
                0x0000000000037c5e                tfm_arch_refresh_hardware_context
 .text.spm_handle_programmer_errors
                0x0000000000037c74       0x18 secure_fw/spm/libtfm_spm.a(psa_api.o)
                0x0000000000037c74                spm_handle_programmer_errors
 .text.tfm_spm_get_lifecycle_state
                0x0000000000037c8c       0x40 secure_fw/spm/libtfm_spm.a(psa_api.o)
                0x0000000000037c8c                tfm_spm_get_lifecycle_state
 .text.tfm_spm_partition_psa_reply
                0x0000000000037ccc       0x9a secure_fw/spm/libtfm_spm.a(psa_api.o)
                0x0000000000037ccc                tfm_spm_partition_psa_reply
 .text.tfm_spm_partition_psa_panic
                0x0000000000037d66        0xc secure_fw/spm/libtfm_spm.a(psa_api.o)
                0x0000000000037d66                tfm_spm_partition_psa_panic
 .text.tfm_pool_init
                0x0000000000037d72       0x5c secure_fw/spm/libtfm_spm.a(tfm_pools.o)
                0x0000000000037d72                tfm_pool_init
 .text.tfm_pool_free
                0x0000000000037dce       0x14 secure_fw/spm/libtfm_spm.a(tfm_pools.o)
                0x0000000000037dce                tfm_pool_free
 .text.tfm_spm_client_psa_call
                0x0000000000037de2       0x4e secure_fw/spm/libtfm_spm.a(psa_call_api.o)
                0x0000000000037de2                tfm_spm_client_psa_call
 .text.tfm_spm_client_psa_framework_version
                0x0000000000037e30        0x6 secure_fw/spm/libtfm_spm.a(psa_version_api.o)
                0x0000000000037e30                tfm_spm_client_psa_framework_version
 .text.tfm_spm_client_psa_version
                0x0000000000037e36       0x2c secure_fw/spm/libtfm_spm.a(psa_version_api.o)
                0x0000000000037e36                tfm_spm_client_psa_version
 .text.tfm_spm_partition_psa_skip
                0x0000000000037e62       0x3c secure_fw/spm/libtfm_spm.a(psa_read_write_skip_api.o)
                0x0000000000037e62                tfm_spm_partition_psa_skip
 *libplatform_s*:*(.rodata*)
 .rodata.CSWTCH.17
                0x0000000000037e9e        0x3 platform/libplatform_s.a(system_nrf91.o)
 .rodata.store_and_dump_context.str1.1
                0x0000000000037ea1       0x8b platform/libplatform_s.a(exception_info.o)
 .rodata.Driver_USART1
                0x0000000000037f2c       0x38 platform/libplatform_s.a(Driver_USART.o)
                0x0000000000037f2c                Driver_USART1
 .rodata.UART1_pins
                0x0000000000037f64        0x8 platform/libplatform_s.a(Driver_USART.o)
 .rodata.DriverVersion
                0x0000000000037f6c        0x4 platform/libplatform_s.a(Driver_USART.o)
 *fill*         0x0000000000037f70        0x0 
 .rodata.delay_machine_code.0
                0x0000000000037f70        0x6 platform/libplatform_s.a(nrfx_uarte.o)
 *fill*         0x0000000000037f76        0x2 
 .rodata.Driver_FLASH0
                0x0000000000037f78       0x2c platform/libplatform_s.a(Driver_Flash.o)
                0x0000000000037f78                Driver_FLASH0
 .rodata.FlashInfo
                0x0000000000037fa4       0x18 platform/libplatform_s.a(Driver_Flash.o)
 .rodata.nrf_exception_info_store_context.str1.1
                0x0000000000037fbc       0x16 platform/libplatform_s.a(nrf_exception_info.o)
 .rodata.tfm_hal_platform_init.str1.1
                0x0000000000037fd2       0x6a platform/libplatform_s.a(tfm_hal_platform.o)
 .rodata.hw_unique_key_write_random.str1.1
                0x000000000003803c      0x137 platform/libplatform_s.a(hw_unique_key_cc3xx.o)
 .rodata.hw_unique_key_derive_key.str1.1
                0x0000000000038173       0x46 platform/libplatform_s.a(hw_unique_key_cc3xx.o)
 .rodata.hw_unique_key_write.str1.1
                0x00000000000381b9       0x34 platform/libplatform_s.a(hw_unique_key_cc3xx_kmu.o)
 *fill*         0x00000000000381ed        0x3 
 .rodata.fw_info_allowed_offsets
                0x00000000000381f0       0x1c platform/libplatform_s.a(tfm_platform_system.o)
 .rodata        0x000000000003820c        0xc platform/libplatform_s.a(tfm_platform_system.o)
 .rodata.data_width_byte
                0x0000000000038218        0xc platform/libplatform_s.a(flash_otp_nv_counters_backend.o)
 .rodata.ranges
                0x0000000000038224       0x20 platform/libplatform_s.a(tfm_platform_hal_ioctl.o)
 *libtfm_spm*:*(.rodata*)
 .rodata.HEX_TABLE
                0x0000000000038244       0x10 secure_fw/spm/libtfm_spm.a(spm_log.o)
 .rodata.main.str1.1
                0x0000000000038254       0x8c secure_fw/spm/libtfm_spm.a(main.o)
 .rodata.target_peripherals.0
                0x00000000000382e0       0x74 secure_fw/spm/libtfm_spm.a(target_cfg.o)
 .rodata.memory_regions
                0x0000000000038354       0x14 secure_fw/spm/libtfm_spm.a(target_cfg.o)
                0x0000000000038354                memory_regions
 .rodata.serv_pool_ea
                0x0000000000038368        0x4 secure_fw/spm/libtfm_spm.a(rom_loader.o)
 .rodata.part_pool_ea
                0x000000000003836c        0x4 secure_fw/spm/libtfm_spm.a(rom_loader.o)
 .rodata.ldinf_ea
                0x0000000000038370        0x4 secure_fw/spm/libtfm_spm.a(rom_loader.o)
 .rodata.spm_svc_handler.str1.1
                0x0000000000038374       0x3b secure_fw/spm/libtfm_spm.a(tfm_svcalls.o)

.glue_7         0x00000000000383b0        0x0
 .glue_7        0x00000000000383b0        0x0 linker stubs

.glue_7t        0x00000000000383b0        0x0
 .glue_7t       0x00000000000383b0        0x0 linker stubs

.vfp11_veneer   0x00000000000383b0        0x0
 .vfp11_veneer  0x00000000000383b0        0x0 linker stubs

.v4_bx          0x00000000000383b0        0x0
 .v4_bx         0x00000000000383b0        0x0 linker stubs

.iplt           0x00000000000383b0        0x0
 .iplt          0x00000000000383b0        0x0 c:/ncs/toolchains/0b393f9e1b/opt/zephyr-sdk/arm-zephyr-eabi/bin/../lib/gcc/arm-zephyr-eabi/12.2.0/thumb/v8-m.main+fp/hard/crtbegin.o

.psa_interface_thread_fn_call
                0x00000000000383b0       0xb0
 .psa_interface_thread_fn_call
                0x00000000000383b0       0xb0 secure_fw/partitions/lib/runtime/libtfm_sprt.a(psa_interface_thread_fn_call.o)
                0x00000000000383b0                psa_framework_version_thread_fn_call
                0x00000000000383bc                psa_version_thread_fn_call
                0x00000000000383c8                tfm_psa_call_pack_thread_fn_call
                0x00000000000383d4                psa_wait_thread_fn_call
                0x00000000000383e0                psa_get_thread_fn_call
                0x00000000000383ec                psa_read_thread_fn_call
                0x00000000000383f8                psa_skip_thread_fn_call
                0x0000000000038404                psa_write_thread_fn_call
                0x0000000000038410                psa_reply_thread_fn_call
                0x000000000003841c                psa_panic_thread_fn_call
                0x0000000000038428                psa_rot_lifecycle_state_thread_fn_call

.TFM_UNPRIV_CODE
                0x0000000000038460     0xe8c0
 *(SORT_BY_ALIGNMENT(.text*))
 .text.kmu_derive_cmac