Archive member included to satisfy reference by file (symbol)

app/libapp.a(main.c.obj)      (--whole-archive)
app/libapp.a(io.c.obj)        (--whole-archive)
app/libapp.a(flash_map_extended.c.obj)
                              (--whole-archive)
app/libapp.a(os.c.obj)        (--whole-archive)
app/libapp.a(keys.c.obj)      (--whole-archive)
app/libapp.a(image_validate.c.obj)
                              (--whole-archive)
app/libapp.a(tlv.c.obj)       (--whole-archive)
app/libapp.a(encrypted.c.obj)
                              (--whole-archive)
app/libapp.a(image_rsa.c.obj)
                              (--whole-archive)
app/libapp.a(image_ecdsa.c.obj)
                              (--whole-archive)
app/libapp.a(image_ed25519.c.obj)
                              (--whole-archive)
app/libapp.a(bootutil_misc.c.obj)
                              (--whole-archive)
app/libapp.a(fault_injection_hardening.c.obj)
                              (--whole-archive)
app/libapp.a(loader.c.obj)    (--whole-archive)
app/libapp.a(swap_misc.c.obj)
                              (--whole-archive)
app/libapp.a(caps.c.obj)      (--whole-archive)
app/libapp.a(swap_move.c.obj)
                              (--whole-archive)
app/libapp.a(swap_nsib.c.obj)
                              (--whole-archive)
app/libapp.a(asn1parse.c.obj)
                              (--whole-archive)
app/libapp.a(platform_util.c.obj)
                              (--whole-archive)
app/libapp.a(autogen-pubkey.c.obj)
                              (--whole-archive)
app/libapp.a(arm_cleanup.c.obj)
                              (--whole-archive)
app/libapp.a(flash_check.c.obj)
                              (--whole-archive)
app/libapp.a(nrf_cleanup.c.obj)
                              (--whole-archive)
zephyr/libzephyr.a(crc32c_sw.c.obj)
                              (--whole-archive)
zephyr/libzephyr.a(crc32_sw.c.obj)
                              (--whole-archive)
zephyr/libzephyr.a(crc24_sw.c.obj)
                              (--whole-archive)
zephyr/libzephyr.a(crc16_sw.c.obj)
                              (--whole-archive)
zephyr/libzephyr.a(crc8_sw.c.obj)
                              (--whole-archive)
zephyr/libzephyr.a(crc7_sw.c.obj)
                              (--whole-archive)
zephyr/libzephyr.a(crc4_sw.c.obj)
                              (--whole-archive)
zephyr/libzephyr.a(heap.c.obj)
                              (--whole-archive)
zephyr/libzephyr.a(cbprintf_packaged.c.obj)
                              (--whole-archive)
zephyr/libzephyr.a(printk.c.obj)
                              (--whole-archive)
zephyr/libzephyr.a(sem.c.obj)
                              (--whole-archive)
zephyr/libzephyr.a(thread_entry.c.obj)
                              (--whole-archive)
zephyr/libzephyr.a(cbprintf_nano.c.obj)
                              (--whole-archive)
zephyr/libzephyr.a(cbprintf.c.obj)
                              (--whole-archive)
zephyr/libzephyr.a(assert.c.obj)
                              (--whole-archive)
zephyr/libzephyr.a(reboot.c.obj)
                              (--whole-archive)
zephyr/libzephyr.a(base64.c.obj)
                              (--whole-archive)
zephyr/libzephyr.a(dec.c.obj)
                              (--whole-archive)
zephyr/libzephyr.a(hex.c.obj)
                              (--whole-archive)
zephyr/libzephyr.a(rb.c.obj)  (--whole-archive)
zephyr/libzephyr.a(timeutil.c.obj)
                              (--whole-archive)
zephyr/libzephyr.a(bitarray.c.obj)
                              (--whole-archive)
zephyr/libzephyr.a(onoff.c.obj)
                              (--whole-archive)
zephyr/libzephyr.a(notify.c.obj)
                              (--whole-archive)
zephyr/libzephyr.a(last_section_id.c.obj)
                              (--whole-archive)
zephyr/libzephyr.a(configs.c.obj)
                              (--whole-archive)
zephyr/libzephyr.a(log_minimal.c.obj)
                              (--whole-archive)
zephyr/libzephyr.a(flash_map.c.obj)
                              (--whole-archive)
zephyr/libzephyr.a(flash_map_layout.c.obj)
                              (--whole-archive)
zephyr/libzephyr.a(tracing_none.c.obj)
                              (--whole-archive)
zephyr/libzephyr.a(flash_util.c.obj)
                              (--whole-archive)
zephyr/libzephyr.a(banner.c.obj)
                              (--whole-archive)
zephyr/libzephyr.a(flash_map_partition_manager.c.obj)
                              (--whole-archive)
zephyr/libzephyr.a(nrf_cc3xx_platform_abort_zephyr.c.obj)
                              (--whole-archive)
zephyr/libzephyr.a(nrf_cc3xx_platform_mutex_zephyr.c.obj)
                              (--whole-archive)
zephyr/libzephyr.a(serial_adapter.c.obj)
                              (--whole-archive)
zephyr/libzephyr.a(boot_serial.c.obj)
                              (--whole-archive)
zephyr/libzephyr.a(zcbor_bulk.c.obj)
                              (--whole-archive)
[...]
Memory Configuration

Name             Origin             Length             Attributes
FLASH            0x0000000000008200 0x0000000000013e00 xr
RAM              0x0000000020000000 0x0000000000010000 xw
IDT_LIST         0x00000000ffff7fff 0x0000000000008000 xw
*default*        0x0000000000000000 0xffffffffffffffff

Linker script and memory map

LOAD zephyr/CMakeFiles/zephyr_final.dir/misc/empty_file.c.obj
LOAD zephyr/CMakeFiles/zephyr_final.dir/isr_tables.c.obj
LOAD zephyr/CMakeFiles/offsets.dir/./arch/arm/core/offsets/offsets.c.obj
LOAD app/libapp.a
LOAD zephyr/libzephyr.a
LOAD zephyr/arch/common/libarch__common.a
LOAD zephyr/arch/arch/arm/core/libarch__arm__core.a
LOAD zephyr/arch/arch/arm/core/cortex_m/libarch__arm__core__cortex_m.a
LOAD zephyr/arch/arch/arm/core/cortex_m/cmse/libarch__arm__core__cortex_m__cmse.a
LOAD zephyr/lib/libc/minimal/liblib__libc__minimal.a
LOAD zephyr/lib/libc/common/liblib__libc__common.a
LOAD zephyr/soc/soc/nrf9151/libsoc__nordic.a
LOAD zephyr/drivers/clock_control/libdrivers__clock_control.a
LOAD zephyr/drivers/flash/libdrivers__flash.a
LOAD zephyr/drivers/gpio/libdrivers__gpio.a
LOAD zephyr/drivers/pinctrl/libdrivers__pinctrl.a
LOAD zephyr/drivers/serial/libdrivers__serial.a
LOAD zephyr/drivers/spi/libdrivers__spi.a
LOAD zephyr/drivers/timer/libdrivers__timer.a
LOAD modules/nrf/lib/fprotect/lib..__nrf__lib__fprotect.a
LOAD modules/nrf/subsys/bootloader/bl_crypto/lib..__nrf__subsys__bootloader__bl_crypto.a
LOAD modules/nrf/subsys/fw_info/lib..__nrf__subsys__fw_info.a
LOAD modules/nrf/drivers/hw_cc3xx/lib..__nrf__drivers__hw_cc3xx.a
LOAD modules/mcuboot/boot/bootutil/zephyr/libmcuboot_util.a
LOAD modules/hal_nordic/modules/hal_nordic/nrfx/libmodules__hal_nordic__nrfx.a
LOAD modules/zcbor/libmodules__zcbor.a
LOAD zephyr/kernel/libkernel.a
LOAD zephyr/arch/common/libisr_tables.a
LOAD C:/ncs/v3.0.2/nrfxlib/crypto/nrf_oberon/lib/cortex-m33/soft-float/liboberon_3.0.16.a
LOAD C:/ncs/v3.0.2/nrfxlib/crypto/nrf_cc310_platform/lib/cortex-m33/soft-float/no-interrupts/libnrf_cc310_platform_0.9.19.a
LOAD c:/ncs/toolchains/0b393f9e1b/opt/zephyr-sdk/arm-zephyr-eabi/bin/../lib/gcc/arm-zephyr-eabi/12.2.0/thumb/v8-m.main/nofp\libgcc.a
                0x0000000000000007                _image_1_primary_slot_id = 0x7
                0x0000000000000004                _region_min_align = 0x4

.rel.plt        0x0000000000008200        0x0
 *(SORT_BY_ALIGNMENT(.rel.plt))
                [!provide]                        PROVIDE (__rel_iplt_start = .)
 *(SORT_BY_ALIGNMENT(.rel.iplt))
 .rel.iplt      0x0000000000008200        0x0 zephyr/CMakeFiles/zephyr_final.dir/isr_tables.c.obj
                [!provide]                        PROVIDE (__rel_iplt_end = .)

.rela.plt       0x0000000000000000        0x0
 *(SORT_BY_ALIGNMENT(.rela.plt))
                [!provide]                        PROVIDE (__rela_iplt_start = .)
 *(SORT_BY_ALIGNMENT(.rela.iplt))
                [!provide]                        PROVIDE (__rela_iplt_end = .)

.rel.dyn
 *(SORT_BY_ALIGNMENT(.rel.*))

.rela.dyn
 *(SORT_BY_ALIGNMENT(.rela.*))

/DISCARD/
 *(SORT_BY_ALIGNMENT(.plt))

/DISCARD/
 *(SORT_BY_ALIGNMENT(.iplt))
                0x0000000000008200                __rom_region_start = 0x8200

rom_start       0x0000000000008200      0x28c
                0x0000000000008200                __rom_start_address = .
 FILL mask 0x00
                0x0000000000008200                . = (. + (0x0 - (. - __rom_start_address)))
                0x0000000000008200                . = ALIGN (0x4)
                0x0000000000008200                . = ALIGN (0x80)
                0x0000000000008200                . = ALIGN (0x200)
                0x0000000000008200                _vector_start = .
 *(SORT_BY_ALIGNMENT(.exc_vector_table))
 *(SORT_BY_ALIGNMENT(.exc_vector_table.*))
 .exc_vector_table._vector_table_section
                0x0000000000008200       0x40 zephyr/arch/arch/arm/core/cortex_m/libarch__arm__core__cortex_m.a(vector_table.S.obj)
                0x0000000000008200                _vector_table
 *(SORT_BY_ALIGNMENT(.vectors))
                0x0000000000008344                _vector_end = .
                0x0000000000008240                . = ALIGN (0x4)
 *(SORT_BY_ALIGNMENT(.gnu.linkonce.irq_vector_table*))
 .gnu.linkonce.irq_vector_table
                0x0000000000008240      0x104 zephyr/CMakeFiles/zephyr_final.dir/isr_tables.c.obj
                0x0000000000008240                _irq_vector_table
                0x0000000000008344                _vector_end = .
                0x0000000000000200                . = 0x200
 *fill*         0x0000000000008344       0xbc 00
                0x0000000000008400                _fw_info_start = .
 *(SORT_BY_NAME(SORT_BY_ALIGNMENT(.firmware_info*)))
 .firmware_info
                0x0000000000008400       0x3c modules/nrf/subsys/fw_info/lib..__nrf__subsys__fw_info.a(fw_info.c.obj)
                0x0000000000008400                m_firmware_info
 .firmware_info.2
                0x000000000000843c       0x50 modules/nrf/subsys/bootloader/bl_crypto/lib..__nrf__subsys__bootloader__bl_crypto.a(bl_crypto_client.c.obj)
                0x000000000000843c                bl_secp256r1_req
                0x0000000000008464                bl_sha256_req
                0x000000000000008c                _fw_info_size = ABSOLUTE ((. - _fw_info_start))

text            0x000000000000848c     0xa190
                0x000000000000848c                __text_region_start = .
 *(SORT_BY_ALIGNMENT(.text))
 .text          0x000000000000848c       0x30 c:/ncs/toolchains/0b393f9e1b/opt/zephyr-sdk/arm-zephyr-eabi/bin/../lib/gcc/arm-zephyr-eabi/12.2.0/thumb/v8-m.main/nofp\libgcc.a(_aeabi_uldivmod.o)
                0x000000000000848c                __aeabi_uldivmod
 .text          0x00000000000084bc        0x4 c:/ncs/toolchains/0b393f9e1b/opt/zephyr-sdk/arm-zephyr-eabi/bin/../lib/gcc/arm-zephyr-eabi/12.2.0/thumb/v8-m.main/nofp\libgcc.a(_dvmd_tls.o)
                0x00000000000084bc                __aeabi_idiv0
                0x00000000000084bc                __aeabi_ldiv0
 .text          0x00000000000084c0      0x29c c:/ncs/toolchains/0b393f9e1b/opt/zephyr-sdk/arm-zephyr-eabi/bin/../lib/gcc/arm-zephyr-eabi/12.2.0/thumb/v8-m.main/nofp\libgcc.a(_udivmoddi4.o)
                0x00000000000084c0                __udivmoddi4
 *(SORT_BY_ALIGNMENT(.text.*))
 .text.main     0x000000000000875c      0x140 app/libapp.a(main.c.obj)
                0x000000000000875c                main
 .text.io_detect_pin
                0x000000000000889c       0x48 app/libapp.a(io.c.obj)
                0x000000000000889c                io_detect_pin
 .text.flash_device_base
                0x00000000000088e4       0x20 app/libapp.a(flash_map_extended.c.obj)
                0x00000000000088e4                flash_device_base
 .text.flash_area_id_from_multi_image_slot
                0x0000000000008904       0x24 app/libapp.a(flash_map_extended.c.obj)
                0x0000000000008904                flash_area_id_from_multi_image_slot
 .text.bootutil_img_validate
                0x0000000000008928      0x218 app/libapp.a(image_validate.c.obj)
                0x0000000000008928                bootutil_img_validate
 .text.bootutil_verify_sig
                0x0000000000008b40      0x104 app/libapp.a(image_ecdsa.c.obj)
                0x0000000000008b40                bootutil_verify_sig
 .text.boot_fih_memequal
                0x0000000000008c44       0x30 app/libapp.a(bootutil_misc.c.obj)
                0x0000000000008c44                boot_fih_memequal
 .text.boot_status_entries
                0x0000000000008c74       0x2c app/libapp.a(bootutil_misc.c.obj)
                0x0000000000008c74                boot_status_entries
 .text.boot_find_status
                0x0000000000008ca0       0x44 app/libapp.a(bootutil_misc.c.obj)
                0x0000000000008ca0                boot_find_status
 .text.bootutil_max_image_size
                0x0000000000008ce4       0x2c app/libapp.a(bootutil_misc.c.obj)
                0x0000000000008ce4                bootutil_max_image_size
 .text.fih_cfi_get_and_increment
                0x0000000000008d10       0x10 app/libapp.a(fault_injection_hardening.c.obj)
                0x0000000000008d10                fih_cfi_get_and_increment
 .text.fih_cfi_decrement
                0x0000000000008d20       0x10 app/libapp.a(fault_injection_hardening.c.obj)
                0x0000000000008d20                fih_cfi_decrement
 .text.fih_cfi_validate
                0x0000000000008d30       0x14 app/libapp.a(fault_injection_hardening.c.obj)
                0x0000000000008d30                fih_cfi_validate
 .text.boot_initialize_area
                0x0000000000008d44       0x60 app/libapp.a(loader.c.obj)
 .text.boot_read_sectors
                0x0000000000008da4       0x4c app/libapp.a(loader.c.obj)
 .text.boot_validate_slot.constprop.0
                0x0000000000008df0      0x158 app/libapp.a(loader.c.obj)
 .text.boot_swap_image.isra.0
                0x0000000000008f48       0xbc app/libapp.a(loader.c.obj)
 .text.boot_write_status
                0x0000000000009004       0x74 app/libapp.a(loader.c.obj)
                0x0000000000009004                boot_write_status
 .text.boot_copy_region
                0x0000000000009078       0x84 app/libapp.a(loader.c.obj)
                0x0000000000009078                boot_copy_region
 .text.context_boot_go
                0x00000000000090fc      0x708 app/libapp.a(loader.c.obj)
                0x00000000000090fc                context_boot_go
 .text.boot_go  0x0000000000009804       0x34 app/libapp.a(loader.c.obj)
                0x0000000000009804                boot_go
 .text.boot_get_max_app_size
                0x0000000000009838       0xd0 app/libapp.a(loader.c.obj)
                0x0000000000009838                boot_get_max_app_size
 .text.swap_read_status
                0x0000000000009908       0x88 app/libapp.a(swap_misc.c.obj)
                0x0000000000009908                swap_read_status
 .text.swap_set_copy_done
                0x0000000000009990       0x2c app/libapp.a(swap_misc.c.obj)
                0x0000000000009990                swap_set_copy_done
 .text.swap_set_image_ok
                0x00000000000099bc       0x44 app/libapp.a(swap_misc.c.obj)
                0x00000000000099bc                swap_set_image_ok
 .text.boot_read_image_header
                0x0000000000009a00       0xc0 app/libapp.a(swap_move.c.obj)
                0x0000000000009a00                boot_read_image_header
 .text.swap_read_status_bytes
                0x0000000000009ac0       0xd0 app/libapp.a(swap_move.c.obj)
                0x0000000000009ac0                swap_read_status_bytes
 .text.swap_status_source
                0x0000000000009b90       0xdc app/libapp.a(swap_move.c.obj)
                0x0000000000009b90                swap_status_source
 .text.fixup_revert
                0x0000000000009c6c       0x98 app/libapp.a(swap_move.c.obj)
                0x0000000000009c6c                fixup_revert
 .text.swap_run
                0x0000000000009d04      0x22c app/libapp.a(swap_move.c.obj)
                0x0000000000009d04                swap_run
 .text.nsib_swap_run
                0x0000000000009f30       0x88 app/libapp.a(swap_nsib.c.obj)
                0x0000000000009f30                nsib_swap_run
 .text.mbedtls_platform_zeroize
                0x0000000000009fb8       0x14 app/libapp.a(platform_util.c.obj)
                0x0000000000009fb8                mbedtls_platform_zeroize
 .text.cleanup_arm_nvic
                0x0000000000009fcc       0x38 app/libapp.a(arm_cleanup.c.obj)
                0x0000000000009fcc                cleanup_arm_nvic
 .text.z_arm_clear_arm_mpu_config
                0x000000000000a004       0x24 app/libapp.a(arm_cleanup.c.obj)
                0x000000000000a004                z_arm_clear_arm_mpu_config
 .text.nrf_cleanup_peripheral
                0x000000000000a028       0x9c app/libapp.a(nrf_cleanup.c.obj)
                0x000000000000a028                nrf_cleanup_peripheral
 .text.char_out
                0x000000000000a0c4        0xc zephyr/libzephyr.a(printk.c.obj)
 .text.vprintk  0x000000000000a0d0       0x1c zephyr/libzephyr.a(printk.c.obj)
                0x000000000000a0d0                vprintk
 .text.z_cbvprintf_impl
                0x000000000000a0ec      0x444 zephyr/libzephyr.a(cbprintf_nano.c.obj)
                0x000000000000a0ec                z_cbvprintf_impl
 .text.sys_reboot
                0x000000000000a530       0x2c zephyr/libzephyr.a(reboot.c.obj)
                0x000000000000a530                sys_reboot
 .text.base64_encode
                0x000000000000a55c       0xfc zephyr/libzephyr.a(base64.c.obj)
                0x000000000000a55c                base64_encode
 .text.base64_decode
                0x000000000000a658      0x140 zephyr/libzephyr.a(base64.c.obj)
                0x000000000000a658                base64_decode
 .text.process_event
                0x000000000000a798      0x21c zephyr/libzephyr.a(onoff.c.obj)
 .text.flash_area_open
                0x000000000000a9b4       0x4c zephyr/libzephyr.a(flash_map.c.obj)
                0x000000000000a9b4                flash_area_open
 .text.flash_area_sectors
                0x000000000000aa00       0x34 zephyr/libzephyr.a(flash_map_layout.c.obj)
                0x000000000000aa00                flash_area_sectors
 .text.boot_banner
                0x000000000000aa34       0x24 zephyr/libzephyr.a(banner.c.obj)
                0x000000000000aa34                boot_banner
 .text.nrf_cc3xx_platform_abort_init
                0x000000000000aa58        0xc zephyr/libzephyr.a(nrf_cc3xx_platform_abort_zephyr.c.obj)
                0x000000000000aa58                nrf_cc3xx_platform_abort_init
 .text.mutex_free_platform
                0x000000000000aa64       0x54 zephyr/libzephyr.a(nrf_cc3xx_platform_mutex_zephyr.c.obj)
 .text.mutex_lock_platform
                0x000000000000aab8       0x58 zephyr/libzephyr.a(nrf_cc3xx_platform_mutex_zephyr.c.obj)
 .text.mutex_unlock_platform
                0x000000000000ab10       0x50 zephyr/libzephyr.a(nrf_cc3xx_platform_mutex_zephyr.c.obj)
 .text.mutex_init_platform
                0x000000000000ab60       0x94 zephyr/libzephyr.a(nrf_cc3xx_platform_mutex_zephyr.c.obj)
 .text.nrf_cc3xx_platform_mutex_init
                0x000000000000abf4       0x2c zephyr/libzephyr.a(nrf_cc3xx_platform_mutex_zephyr.c.obj)
                0x000000000000abf4                nrf_cc3xx_platform_mutex_init
 .text.boot_uart_fifo_callback
                0x000000000000ac20       0xb0 zephyr/libzephyr.a(serial_adapter.c.obj)
 .text.console_out
                0x000000000000acd0       0x18 zephyr/libzephyr.a(serial_adapter.c.obj)
                0x000000000000acd0                console_out
 .text.console_read
                0x000000000000ace8       0x90 zephyr/libzephyr.a(serial_adapter.c.obj)
                0x000000000000ace8                console_read
 .text.boot_console_init
                0x000000000000ad78       0xa4 zephyr/libzephyr.a(serial_adapter.c.obj)
                0x000000000000ad78                boot_console_init
 .text.boot_serial_output
                0x000000000000ae1c      0x140 zephyr/libzephyr.a(boot_serial.c.obj)
 .text.bs_rc_rsp
                0x000000000000af5c       0x38 zephyr/libzephyr.a(boot_serial.c.obj)
 .text.erase_range
                0x000000000000af94       0x48 zephyr/libzephyr.a(boot_serial.c.obj)
 .text.bs_upload
                0x000000000000afdc      0x2a4 zephyr/libzephyr.a(boot_serial.c.obj)
 .text.boot_serial_in_dec.constprop.0
                0x000000000000b280       0x68 zephyr/libzephyr.a(boot_serial.c.obj)
 .text.bs_list.constprop.0
                0x000000000000b2e8      0x2c8 zephyr/libzephyr.a(boot_serial.c.obj)
 .text.bs_set   0x000000000000b5b0      0x170 zephyr/libzephyr.a(boot_serial.c.obj)
 .text.reset_cbor_state
                0x000000000000b720       0x24 zephyr/libzephyr.a(boot_serial.c.obj)
                0x000000000000b720                reset_cbor_state
 .text.boot_serial_input
                0x000000000000b744      0x25c zephyr/libzephyr.a(boot_serial.c.obj)
                0x000000000000b744                boot_serial_input
 .text.boot_serial_start
                0x000000000000b9a0       0xbc zephyr/libzephyr.a(boot_serial.c.obj)
                0x000000000000b9a0                boot_serial_start
 .text.z_SysNmiOnReset
                0x000000000000ba5c        0x8 zephyr/arch/arch/arm/core/libarch__arm__core.a(nmi_on_reset.S.obj)
                0x000000000000ba5c                z_SysNmiOnReset
 .text._HandlerModeExit
                0x000000000000ba64       0x28 zephyr/arch/arch/arm/core/cortex_m/libarch__arm__core__cortex_m.a(exc_exit.c.obj)
                0x000000000000ba64                z_arm_int_exit
                0x000000000000ba64                z_arm_exc_exit
 .text.usage_fault.constprop.0
                0x000000000000ba8c       0x5c zephyr/arch/arch/arm/core/cortex_m/libarch__arm__core__cortex_m.a(fault.c.obj)
 .text.bus_fault.constprop.0
                0x000000000000bae8       0x6c zephyr/arch/arch/arm/core/cortex_m/libarch__arm__core__cortex_m.a(fault.c.obj)
 .text.mem_manage_fault.constprop.0
                0x000000000000bb54       0x78 zephyr/arch/arch/arm/core/cortex_m/libarch__arm__core__cortex_m.a(fault.c.obj)
 .text.z_arm_fault
                0x000000000000bbcc      0x118 zephyr/arch/arch/arm/core/cortex_m/libarch__arm__core__cortex_m.a(fault.c.obj)
                0x000000000000bbcc                z_arm_fault
 .text.z_arm_fault_init
                0x000000000000bce4       0x20 zephyr/arch/arch/arm/core/cortex_m/libarch__arm__core__cortex_m.a(fault.c.obj)
                0x000000000000bce4                z_arm_fault_init
 .text.__fault  0x000000000000bd04       0x14 zephyr/arch/arch/arm/core/cortex_m/libarch__arm__core__cortex_m.a(fault_s.S.obj)
                0x000000000000bd04                z_arm_usage_fault
                0x000000000000bd04                z_arm_mpu_fault
                0x000000000000bd04                z_arm_exc_spurious
                0x000000000000bd04                z_arm_debug_monitor
                0x000000000000bd04                z_arm_hard_fault
                0x000000000000bd04                z_arm_bus_fault
 .text._reset_section
                0x000000000000bd18       0x60 zephyr/arch/arch/arm/core/cortex_m/libarch__arm__core__cortex_m.a(reset.S.obj)
                0x000000000000bd18                __start
                0x000000000000bd18                z_arm_reset
 .text.z_arm_init_arch_hw_at_boot
                0x000000000000bd78       0x44 zephyr/arch/arch/arm/core/cortex_m/libarch__arm__core__cortex_m.a(scb.c.obj)
                0x000000000000bd78                z_arm_init_arch_hw_at_boot
 .text.z_impl_k_thread_abort
                0x000000000000bdbc       0x2c zephyr/arch/arch/arm/core/cortex_m/libarch__arm__core__cortex_m.a(thread_abort.c.obj)
                0x000000000000bdbc                z_impl_k_thread_abort
 .text.z_arm_pendsv
                0x000000000000bde8       0x58 zephyr/arch/arch/arm/core/cortex_m/libarch__arm__core__cortex_m.a(swap_helper.S.obj)
                0x000000000000bde8                z_arm_pendsv
 .text.z_arm_svc
                0x000000000000be40       0x24 zephyr/arch/arch/arm/core/cortex_m/libarch__arm__core__cortex_m.a(swap_helper.S.obj)
                0x000000000000be40                z_arm_svc
 .text.arch_irq_enable
                0x000000000000be64       0x1c zephyr/arch/arch/arm/core/cortex_m/libarch__arm__core__cortex_m.a(irq_manage.c.obj)
                0x000000000000be64                arch_irq_enable
 .text.arch_irq_disable
                0x000000000000be80       0x28 zephyr/arch/arch/arm/core/cortex_m/libarch__arm__core__cortex_m.a(irq_manage.c.obj)
                0x000000000000be80                arch_irq_disable
 .text.arch_irq_is_enabled
                0x000000000000bea8       0x1c zephyr/arch/arch/arm/core/cortex_m/libarch__arm__core__cortex_m.a(irq_manage.c.obj)
                0x000000000000bea8                arch_irq_is_enabled
 .text.z_arm_irq_priority_set
                0x000000000000bec4       0x2c zephyr/arch/arch/arm/core/cortex_m/libarch__arm__core__cortex_m.a(irq_manage.c.obj)
                0x000000000000bec4                z_arm_irq_priority_set
 .text.z_prep_c
                0x000000000000bef0       0x38 zephyr/arch/arch/arm/core/cortex_m/libarch__arm__core__cortex_m.a(prep_c.c.obj)
                0x000000000000bef0                z_prep_c
 .text.arch_new_thread
                0x000000000000bf28       0x38 zephyr/arch/arch/arm/core/cortex_m/libarch__arm__core__cortex_m.a(thread.c.obj)
                0x000000000000bf28                arch_new_thread
 .text.arch_switch_to_main_thread
                0x000000000000bf60       0x34 zephyr/arch/arch/arm/core/cortex_m/libarch__arm__core__cortex_m.a(thread.c.obj)
                0x000000000000bf60                arch_switch_to_main_thread
 .text.z_arm_cpu_idle_init
                0x000000000000bf94        0xc zephyr/arch/arch/arm/core/cortex_m/libarch__arm__core__cortex_m.a(cpu_idle.c.obj)
                0x000000000000bf94                z_arm_cpu_idle_init
 .text.z_arm_interrupt_init
                0x000000000000bfa0       0x18 zephyr/arch/arch/arm/core/cortex_m/libarch__arm__core__cortex_m.a(irq_init.c.obj)
                0x000000000000bfa0                z_arm_interrupt_init
 .text._isr_wrapper
                0x000000000000bfb8       0x24 zephyr/arch/arch/arm/core/cortex_m/libarch__arm__core__cortex_m.a(isr_wrapper.c.obj)
                0x000000000000bfb8                _isr_wrapper
 .text.snprintf
                0x000000000000bfdc       0x34 zephyr/lib/libc/minimal/liblib__libc__minimal.a(sprintf.c.obj)
                0x000000000000bfdc                snprintf
 .text.nordicsemi_nrf91_init
                0x000000000000c010       0x10 zephyr/soc/soc/nrf9151/libsoc__nordic.a(soc.c.obj)
 .text.arch_busy_wait
                0x000000000000c020       0x14 zephyr/soc/soc/nrf9151/libsoc__nordic.a(soc.c.obj)
                0x000000000000c020                arch_busy_wait
 .text.sys_arch_reboot
                0x000000000000c034       0x24 zephyr/soc/soc/nrf9151/libsoc__nordic.a(reboot.c.obj)
                0x000000000000c034                sys_arch_reboot
 .text.onoff_stop
                0x000000000000c058       0x30 zephyr/drivers/clock_control/libdrivers__clock_control.a(clock_control_nrf.c.obj)
 .text.onoff_start
                0x000000000000c088       0x44 zephyr/drivers/clock_control/libdrivers__clock_control.a(clock_control_nrf.c.obj)
 .text.generic_hfclk_stop
                0x000000000000c0cc       0x34 zephyr/drivers/clock_control/libdrivers__clock_control.a(clock_control_nrf.c.obj)
 .text.clk_init
                0x000000000000c100       0x58 zephyr/drivers/clock_control/libdrivers__clock_control.a(clock_control_nrf.c.obj)
 .text.api_blocking_start
                0x000000000000c158       0x34 zephyr/drivers/clock_control/libdrivers__clock_control.a(clock_control_nrf.c.obj)
 .text.clkstarted_handle.constprop.0
                0x000000000000c18c       0x4c zephyr/drivers/clock_control/libdrivers__clock_control.a(clock_control_nrf.c.obj)
 .text.generic_hfclk_start
                0x000000000000c1d8       0x78 zephyr/drivers/clock_control/libdrivers__clock_control.a(clock_control_nrf.c.obj)
 .text.clock_event_handler
                0x000000000000c250       0x1c zephyr/drivers/clock_control/libdrivers__clock_control.a(clock_control_nrf.c.obj)
 .text.z_nrf_clock_control_lf_on
                0x000000000000c26c       0xf8 zephyr/drivers/clock_control/libdrivers__clock_control.a(clock_control_nrf.c.obj)
                0x000000000000c26c                z_nrf_clock_control_lf_on
 .text.jesd216_bfp_decode_dw16
                0x000000000000c364       0x40 zephyr/drivers/flash/libdrivers__flash.a(jesd216.c.obj)
                0x000000000000c364                jesd216_bfp_decode_dw16
 .text.flash_nrf_pages_layout
                0x000000000000c3a4       0x10 zephyr/drivers/flash/libdrivers__flash.a(soc_flash_nrf.c.obj)
 .text.flash_nrf_get_parameters
                0x000000000000c3b4        0x8 zephyr/drivers/flash/libdrivers__flash.a(soc_flash_nrf.c.obj)
 .text.nrf_flash_init
                0x000000000000c3bc       0x28 zephyr/drivers/flash/libdrivers__flash.a(soc_flash_nrf.c.obj)
 .text.flash_nrf_erase
                0x000000000000c3e4       0x64 zephyr/drivers/flash/libdrivers__flash.a(soc_flash_nrf.c.obj)
 .text.flash_nrf_write
                0x000000000000c448       0x64 zephyr/drivers/flash/libdrivers__flash.a(soc_flash_nrf.c.obj)
 .text.flash_nor_get_parameters
                0x000000000000c4ac        0x8 zephyr/drivers/flash/libdrivers__flash.a(spi_nor.c.obj)
 .text.gpio_nrfx_init
                0x000000000000c4b4       0x48 zephyr/drivers/gpio/libdrivers__gpio.a(gpio_nrfx.c.obj)
 .text.nrfx_gpio_handler
                0x000000000000c4fc       0x3c zephyr/drivers/gpio/libdrivers__gpio.a(gpio_nrfx.c.obj)
 .text.gpio_nrfx_pin_configure
                0x000000000000c538      0x17c zephyr/drivers/gpio/libdrivers__gpio.a(gpio_nrfx.c.obj)
 .text.gpio_nrfx_pin_interrupt_configure
                0x000000000000c6b4       0xf4 zephyr/drivers/gpio/libdrivers__gpio.a(gpio_nrfx.c.obj)
 .text.pinctrl_configure_pins
                0x000000000000c7a8      0x14c zephyr/drivers/pinctrl/libdrivers__pinctrl.a(pinctrl_nrf.c.obj)
                0x000000000000c7a8                pinctrl_configure_pins
 .text.uarte_nrfx_poll_out
                0x000000000000c8f4       0xb4 zephyr/drivers/serial/libdrivers__serial.a(uart_nrfx_uarte.c.obj)
 .text.uarte_instance_init.constprop.0
                0x000000000000c9a8       0xf8 zephyr/drivers/serial/libdrivers__serial.a(uart_nrfx_uarte.c.obj)
 .text.transfer_next_chunk
                0x000000000000caa0       0xd0 zephyr/drivers/spi/libdrivers__spi.a(spi_nrfx_spim.c.obj)
 .text.spi_nrfx_transceive
                0x000000000000cb70      0x30c zephyr/drivers/spi/libdrivers__spi.a(spi_nrfx_spim.c.obj)
 .text.spi_nrfx_wake_init
                0x000000000000ce7c       0x60 zephyr/drivers/spi/libdrivers__spi.a(spi_nrfx_common.c.obj)
                0x000000000000ce7c                spi_nrfx_wake_init
 .text.spi_nrfx_wake_request
                0x000000000000cedc       0x88 zephyr/drivers/spi/libdrivers__spi.a(spi_nrfx_common.c.obj)
                0x000000000000cedc                spi_nrfx_wake_request
 .text.compare_int_lock
                0x000000000000cf64       0x40 zephyr/drivers/timer/libdrivers__timer.a(nrf_rtc_timer.c.obj)
 .text.sys_clock_timeout_handler
                0x000000000000cfa4       0x48 zephyr/drivers/timer/libdrivers__timer.a(nrf_rtc_timer.c.obj)
 .text.compare_int_unlock
                0x000000000000cfec       0x4c zephyr/drivers/timer/libdrivers__timer.a(nrf_rtc_timer.c.obj)
 .text.z_nrf_rtc_timer_read
                0x000000000000d038       0x44 zephyr/drivers/timer/libdrivers__timer.a(nrf_rtc_timer.c.obj)
                0x000000000000d038                z_nrf_rtc_timer_read
 .text.compare_set
                0x000000000000d07c      0x124 zephyr/drivers/timer/libdrivers__timer.a(nrf_rtc_timer.c.obj)
 .text.sys_clock_driver_init
                0x000000000000d1a0       0x90 zephyr/drivers/timer/libdrivers__timer.a(nrf_rtc_timer.c.obj)
 .text.rtc_nrf_isr
                0x000000000000d230       0xd0 zephyr/drivers/timer/libdrivers__timer.a(nrf_rtc_timer.c.obj)
                0x000000000000d230                rtc_nrf_isr
 .text.sys_clock_set_timeout
                0x000000000000d300       0x5c zephyr/drivers/timer/libdrivers__timer.a(nrf_rtc_timer.c.obj)
                0x000000000000d300                sys_clock_set_timeout
 .text.sys_clock_elapsed
                0x000000000000d35c       0x14 zephyr/drivers/timer/libdrivers__timer.a(nrf_rtc_timer.c.obj)
                0x000000000000d35c                sys_clock_elapsed
 .text.sys_clock_disable
                0x000000000000d370       0x30 zephyr/drivers/timer/libdrivers__timer.a(nrf_rtc_timer.c.obj)
                0x000000000000d370                sys_clock_disable
 .text.fprotect_area
                0x000000000000d3a0       0x3c modules/nrf/lib/fprotect/lib..__nrf__lib__fprotect.a(fprotect_spu.c.obj)
                0x000000000000d3a0                fprotect_area
 .text.bl_sha256_init
                0x000000000000d3dc       0x1c modules/nrf/subsys/bootloader/bl_crypto/lib..__nrf__subsys__bootloader__bl_crypto.a(bl_crypto_client.c.obj)
                0x000000000000d3dc                bl_sha256_init
 .text.bl_sha256_update
                0x000000000000d3f8        0xc modules/nrf/subsys/bootloader/bl_crypto/lib..__nrf__subsys__bootloader__bl_crypto.a(bl_crypto_client.c.obj)
                0x000000000000d3f8                bl_sha256_update
 .text.bl_sha256_finalize
                0x000000000000d404        0xc modules/nrf/subsys/bootloader/bl_crypto/lib..__nrf__subsys__bootloader__bl_crypto.a(bl_crypto_client.c.obj)
                0x000000000000d404                bl_sha256_finalize
 .text.bl_secp256r1_validate
                0x000000000000d410       0x14 modules/nrf/subsys/bootloader/bl_crypto/lib..__nrf__subsys__bootloader__bl_crypto.a(bl_crypto_client.c.obj)
                0x000000000000d410                bl_secp256r1_validate
 .text.check_ext_api_requests
                0x000000000000d424       0xa4 modules/nrf/subsys/fw_info/lib..__nrf__subsys__fw_info.a(fw_info.c.obj)
 .text.boot_write_magic
                0x000000000000d4c8       0x40 modules/mcuboot/boot/bootutil/zephyr/libmcuboot_util.a(bootutil_public.c.obj)
                0x000000000000d4c8                boot_write_magic
 .text.boot_read_swap_state
                0x000000000000d508       0xac modules/mcuboot/boot/bootutil/zephyr/libmcuboot_util.a(bootutil_public.c.obj)
                0x000000000000d508                boot_read_swap_state
 .text.boot_swap_type_multi
                0x000000000000d5b4      0x100 modules/mcuboot/boot/bootutil/zephyr/libmcuboot_util.a(bootutil_public.c.obj)
                0x000000000000d5b4                boot_swap_type_multi
 .text.boot_set_pending_multi
                0x000000000000d6b4       0x38 modules/mcuboot/boot/bootutil/zephyr/libmcuboot_util.a(bootutil_public.c.obj)
                0x000000000000d6b4                boot_set_pending_multi
 .text.uicr_HFXOCNT_erased
                0x000000000000d6ec       0x40 modules/hal_nordic/modules/hal_nordic/nrfx/libmodules__hal_nordic__nrfx.a(system_nrf91.c.obj)
 .text.uicr_HFXOSRC_erased
                0x000000000000d72c       0x3c modules/hal_nordic/modules/hal_nordic/nrfx/libmodules__hal_nordic__nrfx.a(system_nrf91.c.obj)
 .text.SystemInit
                0x000000000000d768      0x1bc modules/hal_nordic/modules/hal_nordic/nrfx/libmodules__hal_nordic__nrfx.a(system_nrf91.c.obj)
                0x000000000000d768                SystemInit
 .text.nrfx_flag32_alloc
                0x000000000000d924       0x40 modules/hal_nordic/modules/hal_nordic/nrfx/libmodules__hal_nordic__nrfx.a(nrfx_flag32_allocator.c.obj)
                0x000000000000d924                nrfx_flag32_alloc
 .text.nrfx_flag32_free
                0x000000000000d964       0x38 modules/hal_nordic/modules/hal_nordic/nrfx/libmodules__hal_nordic__nrfx.a(nrfx_flag32_allocator.c.obj)
                0x000000000000d964                nrfx_flag32_free
 .text.nrfx_gppi_channels_enable
                0x000000000000d99c        0xc modules/hal_nordic/modules/hal_nordic/nrfx/libmodules__hal_nordic__nrfx.a(nrfx_gppi_dppi.c.obj)
                0x000000000000d99c                nrfx_gppi_channels_enable
 .text.nrfx_gppi_channel_alloc
                0x000000000000d9a8        0xc modules/hal_nordic/modules/hal_nordic/nrfx/libmodules__hal_nordic__nrfx.a(nrfx_gppi_dppi.c.obj)
                0x000000000000d9a8                nrfx_gppi_channel_alloc
 .text.nrfx_clock_init
                0x000000000000d9b4       0x20 modules/hal_nordic/modules/hal_nordic/nrfx/libmodules__hal_nordic__nrfx.a(nrfx_clock.c.obj)
                0x000000000000d9b4                nrfx_clock_init
 .text.nrfx_clock_enable
                0x000000000000d9d4       0x28 modules/hal_nordic/modules/hal_nordic/nrfx/libmodules__hal_nordic__nrfx.a(nrfx_clock.c.obj)
                0x000000000000d9d4                nrfx_clock_enable
 .text.nrfx_clock_start
                0x000000000000d9fc       0xb0 modules/hal_nordic/modules/hal_nordic/nrfx/libmodules__hal_nordic__nrfx.a(nrfx_clock.c.obj)
                0x000000000000d9fc                nrfx_clock_start
 .text.nrfx_power_clock_irq_handler
                0x000000000000daac       0x70 modules/hal_nordic/modules/hal_nordic/nrfx/libmodules__hal_nordic__nrfx.a(nrfx_clock.c.obj)
                0x000000000000daac                nrfx_power_clock_irq_handler
 .text.nrfx_dppi_channel_alloc
                0x000000000000db1c       0x10 modules/hal_nordic/modules/hal_nordic/nrfx/libmodules__hal_nordic__nrfx.a(nrfx_dppi.c.obj)
                0x000000000000db1c                nrfx_dppi_channel_alloc
 .text.nrf_gpio_pin_port_decode
                0x000000000000db2c       0x18 modules/hal_nordic/modules/hal_nordic/nrfx/libmodules__hal_nordic__nrfx.a(nrfx_gpiote.c.obj)
 .text.call_handler.constprop.0
                0x000000000000db44       0x3c modules/hal_nordic/modules/hal_nordic/nrfx/libmodules__hal_nordic__nrfx.a(nrfx_gpiote.c.obj)
 .text.latch_pending_read_and_check
                0x000000000000db80       0x1c modules/hal_nordic/modules/hal_nordic/nrfx/libmodules__hal_nordic__nrfx.a(nrfx_gpiote.c.obj)
 .text.release_handler.isra.0
                0x000000000000db9c       0x54 modules/hal_nordic/modules/hal_nordic/nrfx/libmodules__hal_nordic__nrfx.a(nrfx_gpiote.c.obj)
 .text.__nrfy_internal_gpiote_events_process.constprop.0
                0x000000000000dbf0       0x5c modules/hal_nordic/modules/hal_nordic/nrfx/libmodules__hal_nordic__nrfx.a(nrfx_gpiote.c.obj)
 .text.pin_in_event_get.isra.0
                0x000000000000dc4c       0x20 modules/hal_nordic/modules/hal_nordic/nrfx/libmodules__hal_nordic__nrfx.a(nrfx_gpiote.c.obj)
 .text.pin_trigger_disable
                0x000000000000dc6c       0x40 modules/hal_nordic/modules/hal_nordic/nrfx/libmodules__hal_nordic__nrfx.a(nrfx_gpiote.c.obj)
 .text.pin_uninit
                0x000000000000dcac       0x78 modules/hal_nordic/modules/hal_nordic/nrfx/libmodules__hal_nordic__nrfx.a(nrfx_gpiote.c.obj)
 .text.nrfx_gpiote_input_configure
                0x000000000000dd24      0x15c modules/hal_nordic/modules/hal_nordic/nrfx/libmodules__hal_nordic__nrfx.a(nrfx_gpiote.c.obj)
                0x000000000000dd24                nrfx_gpiote_input_configure
 .text.nrfx_gpiote_output_configure
                0x000000000000de80       0xf0 modules/hal_nordic/modules/hal_nordic/nrfx/libmodules__hal_nordic__nrfx.a(nrfx_gpiote.c.obj)
                0x000000000000de80                nrfx_gpiote_output_configure
 .text.nrfx_gpiote_global_callback_set
                0x000000000000df70        0xc modules/hal_nordic/modules/hal_nordic/nrfx/libmodules__hal_nordic__nrfx.a(nrfx_gpiote.c.obj)
                0x000000000000df70                nrfx_gpiote_global_callback_set
 .text.nrfx_gpiote_channel_get
                0x000000000000df7c       0x24 modules/hal_nordic/modules/hal_nordic/nrfx/libmodules__hal_nordic__nrfx.a(nrfx_gpiote.c.obj)
                0x000000000000df7c                nrfx_gpiote_channel_get
 .text.nrfx_gpiote_init
                0x000000000000dfa0       0x64 modules/hal_nordic/modules/hal_nordic/nrfx/libmodules__hal_nordic__nrfx.a(nrfx_gpiote.c.obj)
                0x000000000000dfa0                nrfx_gpiote_init
 .text.nrfx_gpiote_init_check
                0x000000000000e004       0x14 modules/hal_nordic/modules/hal_nordic/nrfx/libmodules__hal_nordic__nrfx.a(nrfx_gpiote.c.obj)
                0x000000000000e004                nrfx_gpiote_init_check
 .text.nrfx_gpiote_channel_free
                0x000000000000e018        0xc modules/hal_nordic/modules/hal_nordic/nrfx/libmodules__hal_nordic__nrfx.a(nrfx_gpiote.c.obj)
                0x000000000000e018                nrfx_gpiote_channel_free
 .text.nrfx_gpiote_channel_alloc
                0x000000000000e024        0xc modules/hal_nordic/modules/hal_nordic/nrfx/libmodules__hal_nordic__nrfx.a(nrfx_gpiote.c.obj)
                0x000000000000e024                nrfx_gpiote_channel_alloc
 .text.nrfx_gpiote_trigger_enable
                0x000000000000e030       0x94 modules/hal_nordic/modules/hal_nordic/nrfx/libmodules__hal_nordic__nrfx.a(nrfx_gpiote.c.obj)
                0x000000000000e030                nrfx_gpiote_trigger_enable
 .text.nrfx_gpiote_0_irq_handler
                0x000000000000e0c4      0x15c modules/hal_nordic/modules/hal_nordic/nrfx/libmodules__hal_nordic__nrfx.a(nrfx_gpiote.c.obj)
                0x000000000000e0c4                nrfx_gpiote_0_irq_handler
 .text.nvmc_readonly_mode_set
                0x000000000000e220       0x14 modules/hal_nordic/modules/hal_nordic/nrfx/libmodules__hal_nordic__nrfx.a(nrfx_nvmc.c.obj)
 .text.nvmc_word_write
                0x000000000000e234       0x18 modules/hal_nordic/modules/hal_nordic/nrfx/libmodules__hal_nordic__nrfx.a(nrfx_nvmc.c.obj)
 .text.nrfx_nvmc_page_erase
                0x000000000000e24c       0x3c modules/hal_nordic/modules/hal_nordic/nrfx/libmodules__hal_nordic__nrfx.a(nrfx_nvmc.c.obj)
                0x000000000000e24c                nrfx_nvmc_page_erase
 .text.nrfx_nvmc_word_write
                0x000000000000e288       0x20 modules/hal_nordic/modules/hal_nordic/nrfx/libmodules__hal_nordic__nrfx.a(nrfx_nvmc.c.obj)
                0x000000000000e288                nrfx_nvmc_word_write
 .text.nrf_gpio_pin_set
                0x000000000000e2a8       0x18 modules/hal_nordic/modules/hal_nordic/nrfx/libmodules__hal_nordic__nrfx.a(nrfx_spim.c.obj)
 .text.spim_frequency_valid_check.constprop.0
                0x000000000000e2c0       0x50 modules/hal_nordic/modules/hal_nordic/nrfx/libmodules__hal_nordic__nrfx.a(nrfx_spim.c.obj)
 .text.spim_pin_uninit
                0x000000000000e310       0x38 modules/hal_nordic/modules/hal_nordic/nrfx/libmodules__hal_nordic__nrfx.a(nrfx_spim.c.obj)
 .text.nrf_gpio_pin_clear
                0x000000000000e348       0x18 modules/hal_nordic/modules/hal_nordic/nrfx/libmodules__hal_nordic__nrfx.a(nrfx_spim.c.obj)
 .text.pin_init.constprop.0
                0x000000000000e360       0x54 modules/hal_nordic/modules/hal_nordic/nrfx/libmodules__hal_nordic__nrfx.a(nrfx_spim.c.obj)
 .text.spim_configure
                0x000000000000e3b4      0x164 modules/hal_nordic/modules/hal_nordic/nrfx/libmodules__hal_nordic__nrfx.a(nrfx_spim.c.obj)
 .text.nrfx_spim_init
                0x000000000000e518       0x68 modules/hal_nordic/modules/hal_nordic/nrfx/libmodules__hal_nordic__nrfx.a(nrfx_spim.c.obj)
                0x000000000000e518                nrfx_spim_init
 .text.nrfx_spim_uninit
                0x000000000000e580       0x78 modules/hal_nordic/modules/hal_nordic/nrfx/libmodules__hal_nordic__nrfx.a(nrfx_spim.c.obj)
                0x000000000000e580                nrfx_spim_uninit
 .text.nrfx_spim_xfer
                0x000000000000e5f8      0x168 modules/hal_nordic/modules/hal_nordic/nrfx/libmodules__hal_nordic__nrfx.a(nrfx_spim.c.obj)
                0x000000000000e5f8                nrfx_spim_xfer
 .text.nrfx_spim_3_irq_handler
                0x000000000000e760       0x54 modules/hal_nordic/modules/hal_nordic/nrfx/libmodules__hal_nordic__nrfx.a(nrfx_spim.c.obj)
                0x000000000000e760                nrfx_spim_3_irq_handler
 .text.value_encode_len
                0x000000000000e7b4       0x60 modules/zcbor/libmodules__zcbor.a(zcbor_encode.c.obj)
 .text.z_fatal_error
                0x000000000000e814       0x30 zephyr/kernel/libkernel.a(fatal.c.obj)
                0x000000000000e814                z_fatal_error
 .text.z_sys_init_run_level
                0x000000000000e844       0x2c zephyr/kernel/libkernel.a(init.c.obj)
 .text.bg_thread_main
                0x000000000000e870       0xc4 zephyr/kernel/libkernel.a(init.c.obj)
 .text.z_bss_zero
                0x000000000000e934       0x18 zephyr/kernel/libkernel.a(init.c.obj)
                0x000000000000e934                z_bss_zero
 .text.z_init_cpu
                0x000000000000e94c       0x68 zephyr/kernel/libkernel.a(init.c.obj)
                0x000000000000e94c                z_init_cpu
 .text.z_cstart
                0x000000000000e9b4       0xd4 zephyr/kernel/libkernel.a(init.c.obj)
                0x000000000000e9b4                z_cstart
 .text.init_mem_slab_obj_core_list
                0x000000000000ea88       0x24 zephyr/kernel/libkernel.a(mem_slab.c.obj)
 .text.k_mem_slab_alloc
                0x000000000000eaac       0x5c zephyr/kernel/libkernel.a(mem_slab.c.obj)
                0x000000000000eaac                k_mem_slab_alloc
 .text.z_impl_k_mutex_lock
                0x000000000000eb08       0xf0 zephyr/kernel/libkernel.a(mutex.c.obj)
                0x000000000000eb08                z_impl_k_mutex_lock
 .text.z_impl_k_mutex_unlock
                0x000000000000ebf8       0xa0 zephyr/kernel/libkernel.a(mutex.c.obj)
                0x000000000000ebf8                z_impl_k_mutex_unlock
 .text.z_impl_k_sem_give
                0x000000000000ec98       0x68 zephyr/kernel/libkernel.a(sem.c.obj)
                0x000000000000ec98                z_impl_k_sem_give
 .text.z_impl_k_sem_take
                0x000000000000ed00       0x4c zephyr/kernel/libkernel.a(sem.c.obj)
                0x000000000000ed00                z_impl_k_sem_take
 .text.z_impl_k_sem_reset
                0x000000000000ed4c       0x60 zephyr/kernel/libkernel.a(sem.c.obj)
                0x000000000000ed4c                z_impl_k_sem_reset
 .text.z_setup_new_thread
                0x000000000000edac       0x60 zephyr/kernel/libkernel.a(thread.c.obj)
                0x000000000000edac                z_setup_new_thread
 .text.z_swap_irqlock
                0x000000000000ee0c       0x30 zephyr/kernel/libkernel.a(sched.c.obj)
 .text.ready_thread
                0x000000000000ee3c       0x90 zephyr/kernel/libkernel.a(sched.c.obj)
 .text.unready_thread
                0x000000000000eecc       0x54 zephyr/kernel/libkernel.a(sched.c.obj)
 .text.move_thread_to_end_of_prio_q
                0x000000000000ef20       0x90 zephyr/kernel/libkernel.a(sched.c.obj)
                0x000000000000ef20                move_thread_to_end_of_prio_q
 .text.z_pend_curr
                0x000000000000efb0       0x58 zephyr/kernel/libkernel.a(sched.c.obj)
                0x000000000000efb0                z_pend_curr
 .text.z_thread_prio_set
                0x000000000000f008       0x9c zephyr/kernel/libkernel.a(sched.c.obj)
                0x000000000000f008                z_thread_prio_set
 .text.z_reschedule
                0x000000000000f0a4       0x24 zephyr/kernel/libkernel.a(sched.c.obj)
                0x000000000000f0a4                z_reschedule
 .text.z_reschedule_irqlock
                0x000000000000f0c8       0x28 zephyr/kernel/libkernel.a(sched.c.obj)
                0x000000000000f0c8                z_reschedule_irqlock
 .text.k_sched_lock
                0x000000000000f0f0       0x28 zephyr/kernel/libkernel.a(sched.c.obj)
                0x000000000000f0f0                k_sched_lock
 .text.k_sched_unlock
                0x000000000000f118       0x68 zephyr/kernel/libkernel.a(sched.c.obj)
                0x000000000000f118                k_sched_unlock
 .text.z_sched_init
                0x000000000000f180       0x10 zephyr/kernel/libkernel.a(sched.c.obj)
                0x000000000000f180                z_sched_init
 .text.z_impl_k_yield
                0x000000000000f190       0x88 zephyr/kernel/libkernel.a(sched.c.obj)
                0x000000000000f190                z_impl_k_yield
 .text.z_tick_sleep
                0x000000000000f218       0x80 zephyr/kernel/libkernel.a(sched.c.obj)
 .text.z_impl_k_wakeup
                0x000000000000f298       0x4c zephyr/kernel/libkernel.a(sched.c.obj)
                0x000000000000f298                z_impl_k_wakeup
 .text.z_impl_k_sched_current_thread_query
                0x000000000000f2e4        0xc zephyr/kernel/libkernel.a(sched.c.obj)
                0x000000000000f2e4                z_impl_k_sched_current_thread_query
 .text.z_thread_abort
                0x000000000000f2f0      0x110 zephyr/kernel/libkernel.a(sched.c.obj)
                0x000000000000f2f0                z_thread_abort
 .text.slice_timeout
                0x000000000000f400       0x20 zephyr/kernel/libkernel.a(timeslicing.c.obj)
 .text.thread_is_sliceable
                0x000000000000f420       0x3c zephyr/kernel/libkernel.a(timeslicing.c.obj)
                0x000000000000f420                thread_is_sliceable
 .text.z_reset_time_slice
                0x000000000000f45c       0x50 zephyr/kernel/libkernel.a(timeslicing.c.obj)
                0x000000000000f45c                z_reset_time_slice
 .text.z_time_slice
                0x000000000000f4ac       0x60 zephyr/kernel/libkernel.a(timeslicing.c.obj)
                0x000000000000f4ac                z_time_slice
 .text.z_data_copy
                0x000000000000f50c       0x38 zephyr/kernel/libkernel.a(xip.c.obj)
                0x000000000000f50c                z_data_copy
 .text.first    0x000000000000f544       0x10 zephyr/kernel/libkernel.a(timeout.c.obj)
 .text.elapsed  0x000000000000f554       0x14 zephyr/kernel/libkernel.a(timeout.c.obj)
 .text.remove_timeout
                0x000000000000f568       0x38 zephyr/kernel/libkernel.a(timeout.c.obj)
 .text.z_add_timeout
                0x000000000000f5a0       0xec zephyr/kernel/libkernel.a(timeout.c.obj)
                0x000000000000f5a0                z_add_timeout
 .text.sys_clock_announce
                0x000000000000f68c       0xbc zephyr/kernel/libkernel.a(timeout.c.obj)
                0x000000000000f68c                sys_clock_announce
 .text.sys_clock_tick_get
                0x000000000000f748       0x30 zephyr/kernel/libkernel.a(timeout.c.obj)
                0x000000000000f748                sys_clock_tick_get
 .text.nrf_cc3xx_platform_init_no_rng
                0x000000000000f778       0x38 C:/ncs/v3.0.2/nrfxlib/crypto/nrf_cc310_platform/lib/cortex-m33/soft-float/no-interrupts/libnrf_cc310_platform_0.9.19.a(nrf_cc3xx_platform.c.obj)
                0x000000000000f778                nrf_cc3xx_platform_init_no_rng
 .text.nrf_cc3xx_platform_abort
                0x000000000000f7b0       0x24 C:/ncs/v3.0.2/nrfxlib/crypto/nrf_cc310_platform/lib/cortex-m33/soft-float/no-interrupts/libnrf_cc310_platform_0.9.19.a(nrf_cc3xx_platform_abort.c.obj)
 .text.CC_PalAbort
                0x000000000000f7d4       0x34 C:/ncs/v3.0.2/nrfxlib/crypto/nrf_cc310_platform/lib/cortex-m33/soft-float/no-interrupts/libnrf_cc310_platform_0.9.19.a(nrf_cc3xx_platform_abort.c.obj)
                0x000000000000f7d4                CC_PalAbort
 .text.nrf_cc3xx_platform_set_abort
                0x000000000000f808       0x10 C:/ncs/v3.0.2/nrfxlib/crypto/nrf_cc310_platform/lib/cortex-m33/soft-float/no-interrupts/libnrf_cc310_platform_0.9.19.a(nrf_cc3xx_platform_abort.c.obj)
                0x000000000000f808                nrf_cc3xx_platform_set_abort
 .text.mutex_free
                0x000000000000f818       0x34 C:/ncs/v3.0.2/nrfxlib/crypto/nrf_cc310_platform/lib/cortex-m33/soft-float/no-interrupts/libnrf_cc310_platform_0.9.19.a(nrf_cc3xx_platform_mutex.c.obj)
 .text.mutex_lock
                0x000000000000f84c       0x48 C:/ncs/v3.0.2/nrfxlib/crypto/nrf_cc310_platform/lib/cortex-m33/soft-float/no-interrupts/libnrf_cc310_platform_0.9.19.a(nrf_cc3xx_platform_mutex.c.obj)
 .text.mutex_unlock
                0x000000000000f894       0x38 C:/ncs/v3.0.2/nrfxlib/crypto/nrf_cc310_platform/lib/cortex-m33/soft-float/no-interrupts/libnrf_cc310_platform_0.9.19.a(nrf_cc3xx_platform_mutex.c.obj)
 .text.mutex_init
                0x000000000000f8cc       0x20 C:/ncs/v3.0.2/nrfxlib/crypto/nrf_cc310_platform/lib/cortex-m33/soft-float/no-interrupts/libnrf_cc310_platform_0.9.19.a(nrf_cc3xx_platform_mutex.c.obj)
 .text.nrf_cc3xx_platform_set_mutexes
                0x000000000000f8ec       0x78 C:/ncs/v3.0.2/nrfxlib/crypto/nrf_cc310_platform/lib/cortex-m33/soft-float/no-interrupts/libnrf_cc310_platform_0.9.19.a(nrf_cc3xx_platform_mutex.c.obj)
                0x000000000000f8ec                nrf_cc3xx_platform_set_mutexes
 .text.CC_LibInitNoRng
                0x000000000000f964       0x64 C:/ncs/v3.0.2/nrfxlib/crypto/nrf_cc310_platform/lib/cortex-m33/soft-float/no-interrupts/libnrf_cc310_platform_0.9.19.a(cc_lib.c.obj)
                0x000000000000f964                CC_LibInitNoRng
 .text.CC_HalInit
                0x000000000000f9c8        0x4 C:/ncs/v3.0.2/nrfxlib/crypto/nrf_cc310_platform/lib/cortex-m33/soft-float/no-interrupts/libnrf_cc310_platform_0.9.19.a(cc_hal.c.obj)
                0x000000000000f9c8                CC_HalInit
 .text.CC_HalTerminate
                0x000000000000f9cc        0x4 C:/ncs/v3.0.2/nrfxlib/crypto/nrf_cc310_platform/lib/cortex-m33/soft-float/no-interrupts/libnrf_cc310_platform_0.9.19.a(cc_hal.c.obj)
                0x000000000000f9cc                CC_HalTerminate
 .text.CC_HalMaskInterrupt
                0x000000000000f9d0        0xc C:/ncs/v3.0.2/nrfxlib/crypto/nrf_cc310_platform/lib/cortex-m33/soft-float/no-interrupts/libnrf_cc310_platform_0.9.19.a(cc_hal.c.obj)
                0x000000000000f9d0                CC_HalMaskInterrupt
 .text.CC_PalInit
                0x000000000000f9dc       0x5c C:/ncs/v3.0.2/nrfxlib/crypto/nrf_cc310_platform/lib/cortex-m33/soft-float/no-interrupts/libnrf_cc310_platform_0.9.19.a(cc_pal.c.obj)
                0x000000000000f9dc                CC_PalInit
 .text.CC_PalTerminate
                0x000000000000fa38       0x34 C:/ncs/v3.0.2/nrfxlib/crypto/nrf_cc310_platform/lib/cortex-m33/soft-float/no-interrupts/libnrf_cc310_platform_0.9.19.a(cc_pal.c.obj)
                0x000000000000fa38                CC_PalTerminate
 .text.CC_PalDmaInit
                0x000000000000fa6c        0x4 C:/ncs/v3.0.2/nrfxlib/crypto/nrf_cc310_platform/lib/cortex-m33/soft-float/no-interrupts/libnrf_cc310_platform_0.9.19.a(cc_pal_dma.c.obj)
                0x000000000000fa6c                CC_PalDmaInit
 .text.CC_PalDmaTerminate
                0x000000000000fa70        0x4 C:/ncs/v3.0.2/nrfxlib/crypto/nrf_cc310_platform/lib/cortex-m33/soft-float/no-interrupts/libnrf_cc310_platform_0.9.19.a(cc_pal_dma.c.obj)
                0x000000000000fa70                CC_PalDmaTerminate
 .text.CC_PalMutexCreate
                0x000000000000fa74       0x14 C:/ncs/v3.0.2/nrfxlib/crypto/nrf_cc310_platform/lib/cortex-m33/soft-float/no-interrupts/libnrf_cc310_platform_0.9.19.a(cc_pal_mutex.c.obj)
                0x000000000000fa74                CC_PalMutexCreate
 .text.CC_PalMutexDestroy
                0x000000000000fa88       0x14 C:/ncs/v3.0.2/nrfxlib/crypto/nrf_cc310_platform/lib/cortex-m33/soft-float/no-interrupts/libnrf_cc310_platform_0.9.19.a(cc_pal_mutex.c.obj)
                0x000000000000fa88                CC_PalMutexDestroy
 .text.CC_PalPowerSaveModeInit
                0x000000000000fa9c       0x3c C:/ncs/v3.0.2/nrfxlib/crypto/nrf_cc310_platform/lib/cortex-m33/soft-float/no-interrupts/libnrf_cc310_platform_0.9.19.a(cc_pal_pm.c.obj)
                0x000000000000fa9c                CC_PalPowerSaveModeInit
 .text.CC_PalPowerSaveModeSelect
                0x000000000000fad8       0x84 C:/ncs/v3.0.2/nrfxlib/crypto/nrf_cc310_platform/lib/cortex-m33/soft-float/no-interrupts/libnrf_cc310_platform_0.9.19.a(cc_pal_pm.c.obj)
                0x000000000000fad8                CC_PalPowerSaveModeSelect
 .text._OffsetAbsSyms
                0x000000000000fb5c        0x2 zephyr/CMakeFiles/offsets.dir/./arch/arm/core/offsets/offsets.c.obj
                0x000000000000fb5c                _OffsetAbsSyms
 .text.flash_area_id_from_direct_image
                0x000000000000fb5e       0x1a app/libapp.a(flash_map_extended.c.obj)
                0x000000000000fb5e                flash_area_id_from_direct_image
 .text.flash_area_get_device_id
                0x000000000000fb78        0x4 app/libapp.a(flash_map_extended.c.obj)
                0x000000000000fb78                flash_area_get_device_id
 .text.flash_area_get_sector
                0x000000000000fb7c       0x32 app/libapp.a(flash_map_extended.c.obj)
                0x000000000000fb7c                flash_area_get_sector
 .text.os_heap_init
                0x000000000000fbae        0x2 app/libapp.a(os.c.obj)
                0x000000000000fbae                os_heap_init
 .text.bootutil_tlv_iter_begin
                0x000000000000fbb0       0x9c app/libapp.a(tlv.c.obj)
                0x000000000000fbb0                bootutil_tlv_iter_begin
 .text.bootutil_tlv_iter_next
                0x000000000000fc4c       0x98 app/libapp.a(tlv.c.obj)
                0x000000000000fc4c                bootutil_tlv_iter_next
 .text.bootutil_tlv_iter_is_prot
                0x000000000000fce4       0x1c app/libapp.a(tlv.c.obj)
                0x000000000000fce4                bootutil_tlv_iter_is_prot
 .text.bootutil_read_bigint
                0x000000000000fd00       0x58 app/libapp.a(image_ecdsa.c.obj)
 .text.boot_trailer_sz
                0x000000000000fd58        0xa app/libapp.a(bootutil_misc.c.obj)
                0x000000000000fd58                boot_trailer_sz
 .text.boot_status_off
                0x000000000000fd62       0x16 app/libapp.a(bootutil_misc.c.obj)
                0x000000000000fd62                boot_status_off
 .text.boot_read_swap_size
                0x000000000000fd78       0x1c app/libapp.a(bootutil_misc.c.obj)
                0x000000000000fd78                boot_read_swap_size
 .text.boot_write_swap_size
                0x000000000000fd94       0x1e app/libapp.a(bootutil_misc.c.obj)
                0x000000000000fd94                boot_write_swap_size
 .text.boot_read_image_size
                0x000000000000fdb2       0xb0 app/libapp.a(bootutil_misc.c.obj)
                0x000000000000fdb2                boot_read_image_size
 .text.fih_panic_loop
                0x000000000000fe62       0x26 app/libapp.a(fault_injection_hardening.c.obj)
                0x000000000000fe62                fih_panic_loop
 .text.close_all_flash_areas
                0x000000000000fe88       0x3c app/libapp.a(loader.c.obj)
 .text.boot_read_image_headers
                0x000000000000fec4       0x42 app/libapp.a(loader.c.obj)
 .text.boot_version_cmp
                0x000000000000ff06       0x2c app/libapp.a(loader.c.obj)
 .text.boot_status_reset
                0x000000000000ff32       0x12 app/libapp.a(loader.c.obj)
                0x000000000000ff32                boot_status_reset
 .text.boot_status_is_reset
                0x000000000000ff44       0x1a app/libapp.a(loader.c.obj)
                0x000000000000ff44                boot_status_is_reset
 .text.boot_erase_region
                0x000000000000ff5e        0x4 app/libapp.a(loader.c.obj)
                0x000000000000ff5e                boot_erase_region
 .text.swap_erase_trailer_sectors
                0x000000000000ff62       0x7a app/libapp.a(swap_misc.c.obj)
                0x000000000000ff62                swap_erase_trailer_sectors
 .text.swap_status_init
                0x000000000000ffdc       0x48 app/libapp.a(swap_misc.c.obj)
                0x000000000000ffdc                swap_status_init
 .text.find_last_idx
                0x0000000000010024       0x1e app/libapp.a(swap_move.c.obj)
                0x0000000000010024                find_last_idx
 .text.boot_status_internal_off
                0x0000000000010042       0x26 app/libapp.a(swap_move.c.obj)
                0x0000000000010042                boot_status_internal_off
 .text.boot_slots_compatible
                0x0000000000010068        0x4 app/libapp.a(swap_move.c.obj)
                0x0000000000010068                boot_slots_compatible
 .text.app_max_size
                0x000000000001006c       0x4a app/libapp.a(swap_move.c.obj)
                0x000000000001006c                app_max_size
 .text.mbedtls_asn1_get_len
                0x00000000000100b6       0x98 app/libapp.a(asn1parse.c.obj)
                0x00000000000100b6                mbedtls_asn1_get_len
 .text.mbedtls_asn1_get_tag
                0x000000000001014e       0x28 app/libapp.a(asn1parse.c.obj)
                0x000000000001014e                mbedtls_asn1_get_tag
 .text.mbedtls_asn1_get_bitstring_null
                0x0000000000010176       0x28 app/libapp.a(asn1parse.c.obj)
                0x0000000000010176                mbedtls_asn1_get_bitstring_null
 .text.mbedtls_asn1_get_alg
                0x000000000001019e       0x94 app/libapp.a(asn1parse.c.obj)
                0x000000000001019e                mbedtls_asn1_get_alg
 .text.crc16_itu_t
                0x0000000000010232       0x28 zephyr/libzephyr.a(crc16_sw.c.obj)
                0x0000000000010232                crc16_itu_t
 .text.arch_printk_char_out
                0x000000000001025a        0x4 zephyr/libzephyr.a(printk.c.obj)
                0x000000000001025a                arch_printk_char_out
 .text.printk   0x000000000001025e       0x1a zephyr/libzephyr.a(printk.c.obj)
                0x000000000001025e                printk
 .text.z_thread_entry
                0x0000000000010278       0x14 zephyr/libzephyr.a(thread_entry.c.obj)
                0x0000000000010278                z_thread_entry
 .text.process_recheck
                0x000000000001028c       0x38 zephyr/libzephyr.a(onoff.c.obj)
 .text.validate_args
                0x00000000000102c4       0x20 zephyr/libzephyr.a(onoff.c.obj)
 .text.notify_one
                0x00000000000102e4       0x2c zephyr/libzephyr.a(onoff.c.obj)
 .text.transition_complete
                0x0000000000010310       0x1a zephyr/libzephyr.a(onoff.c.obj)
 .text.onoff_manager_init
                0x000000000001032a       0x26 zephyr/libzephyr.a(onoff.c.obj)
                0x000000000001032a                onoff_manager_init
 .text.onoff_request
                0x0000000000010350       0xae zephyr/libzephyr.a(onoff.c.obj)
                0x0000000000010350                onoff_request
 .text.sys_notify_validate
                0x00000000000103fe       0x22 zephyr/libzephyr.a(notify.c.obj)
                0x00000000000103fe                sys_notify_validate
 .text.sys_notify_finalize
                0x0000000000010420       0x1a zephyr/libzephyr.a(notify.c.obj)
                0x0000000000010420                sys_notify_finalize
 .text._ConfigAbsSyms
                0x000000000001043a        0x2 zephyr/libzephyr.a(configs.c.obj)
                0x000000000001043a                _ConfigAbsSyms
 .text.z_log_minimal_printk
                0x000000000001043c       0x1a zephyr/libzephyr.a(log_minimal.c.obj)
                0x000000000001043c                z_log_minimal_printk
 .text.flash_area_close
                0x0000000000010456        0x2 zephyr/libzephyr.a(flash_map.c.obj)
                0x0000000000010456                flash_area_close
 .text.flash_area_read
                0x0000000000010458       0x2a zephyr/libzephyr.a(flash_map.c.obj)
                0x0000000000010458                flash_area_read
 .text.flash_area_write
                0x0000000000010482       0x2a zephyr/libzephyr.a(flash_map.c.obj)
                0x0000000000010482                flash_area_write
 .text.flash_area_erase
                0x00000000000104ac       0x30 zephyr/libzephyr.a(flash_map.c.obj)
                0x00000000000104ac                flash_area_erase
 .text.flash_area_align
                0x00000000000104dc        0xe zephyr/libzephyr.a(flash_map.c.obj)
                0x00000000000104dc                flash_area_align
 .text.flash_area_erased_val
                0x00000000000104ea        0xe zephyr/libzephyr.a(flash_map.c.obj)
                0x00000000000104ea                flash_area_erased_val
 .text.get_sectors_cb
                0x00000000000104f8       0x44 zephyr/libzephyr.a(flash_map_layout.c.obj)
 .text.flash_area_get_sectors
                0x000000000001053c       0x32 zephyr/libzephyr.a(flash_map_layout.c.obj)
                0x000000000001053c                flash_area_get_sectors
 .text.abort_function
                0x000000000001056e        0x8 zephyr/libzephyr.a(nrf_cc3xx_platform_abort_zephyr.c.obj)
 .text.console_write
                0x0000000000010576       0x1c zephyr/libzephyr.a(serial_adapter.c.obj)
                0x0000000000010576                console_write
 .text.boot_serial_get_hash
                0x0000000000010592       0x5a zephyr/libzephyr.a(boot_serial.c.obj)
 .text.zcbor_map_decode_bulk
                0x00000000000105ec       0xa4 zephyr/libzephyr.a(zcbor_bulk.c.obj)
                0x00000000000105ec                zcbor_map_decode_bulk
 .text.z_arm_fatal_error
                0x0000000000010690        0xc zephyr/arch/arch/arm/core/libarch__arm__core.a(fatal.c.obj)
                0x0000000000010690                z_arm_fatal_error
 .text.z_do_kernel_oops
                0x000000000001069c        0x8 zephyr/arch/arch/arm/core/libarch__arm__core.a(fatal.c.obj)
                0x000000000001069c                z_do_kernel_oops
 .text.z_arm_nmi
                0x00000000000106a4        0xe zephyr/arch/arch/arm/core/libarch__arm__core.a(nmi.c.obj)
                0x00000000000106a4                z_arm_nmi
 .text.z_irq_spurious
                0x00000000000106b2        0x8 zephyr/arch/arch/arm/core/cortex_m/libarch__arm__core__cortex_m.a(irq_manage.c.obj)
                0x00000000000106b2                z_irq_spurious
 .text.configure_builtin_stack_guard
                0x00000000000106ba        0x8 zephyr/arch/arch/arm/core/cortex_m/libarch__arm__core__cortex_m.a(thread.c.obj)
                0x00000000000106ba                configure_builtin_stack_guard
 .text.arch_irq_unlock_outlined
                0x00000000000106c2        0xe zephyr/arch/arch/arm/core/cortex_m/libarch__arm__core__cortex_m.a(thread.c.obj)
                0x00000000000106c2                arch_irq_unlock_outlined
 .text.arch_cpu_idle
                0x00000000000106d0       0x1a zephyr/arch/arch/arm/core/cortex_m/libarch__arm__core__cortex_m.a(cpu_idle.c.obj)
                0x00000000000106d0                arch_cpu_idle
 .text.arch_cpu_atomic_idle
                0x00000000000106ea       0x1e zephyr/arch/arch/arm/core/cortex_m/libarch__arm__core__cortex_m.a(cpu_idle.c.obj)
                0x00000000000106ea                arch_cpu_atomic_idle
 .text.strlen   0x0000000000010708        0xe zephyr/lib/libc/minimal/liblib__libc__minimal.a(string.c.obj)
                0x0000000000010708                strlen
 .text.memcmp   0x0000000000010716       0x20 zephyr/lib/libc/minimal/liblib__libc__minimal.a(string.c.obj)
                0x0000000000010716                memcmp
 .text.memmove  0x0000000000010736       0x2e zephyr/lib/libc/minimal/liblib__libc__minimal.a(string.c.obj)
                0x0000000000010736                memmove
 .text.memcpy   0x0000000000010764       0x16 zephyr/lib/libc/minimal/liblib__libc__minimal.a(string.c.obj)
                0x0000000000010764                memcpy
 .text.memset   0x000000000001077a       0x12 zephyr/lib/libc/minimal/liblib__libc__minimal.a(string.c.obj)
                0x000000000001077a                memset
 .text.sprintf_out
                0x000000000001078c       0x1a zephyr/lib/libc/minimal/liblib__libc__minimal.a(sprintf.c.obj)
 .text.get_status
                0x00000000000107a6       0x12 zephyr/drivers/clock_control/libdrivers__clock_control.a(clock_control_nrf.c.obj)
 .text.stop     0x00000000000107b8       0x50 zephyr/drivers/clock_control/libdrivers__clock_control.a(clock_control_nrf.c.obj)
 .text.api_stop
                0x0000000000010808        0x6 zephyr/drivers/clock_control/libdrivers__clock_control.a(clock_control_nrf.c.obj)
 .text.async_start
                0x000000000001080e       0x5a zephyr/drivers/clock_control/libdrivers__clock_control.a(clock_control_nrf.c.obj)
 .text.api_start
                0x0000000000010868        0xe zephyr/drivers/clock_control/libdrivers__clock_control.a(clock_control_nrf.c.obj)
 .text.onoff_started_callback
                0x0000000000010876       0x12 zephyr/drivers/clock_control/libdrivers__clock_control.a(clock_control_nrf.c.obj)
 .text.lfclk_start
                0x0000000000010888        0x6 zephyr/drivers/clock_control/libdrivers__clock_control.a(clock_control_nrf.c.obj)
 .text.lfclk_stop
                0x000000000001088e        0x6 zephyr/drivers/clock_control/libdrivers__clock_control.a(clock_control_nrf.c.obj)
 .text.blocking_start_callback
                0x0000000000010894        0x6 zephyr/drivers/clock_control/libdrivers__clock_control.a(clock_control_nrf.c.obj)
 .text.jesd216_bfp_erase
                0x000000000001089a       0x26 zephyr/drivers/flash/libdrivers__flash.a(jesd216.c.obj)
                0x000000000001089a                jesd216_bfp_erase
 .text.flash_get_page_info
                0x00000000000108c0       0x62 zephyr/drivers/flash/libdrivers__flash.a(flash_page_layout.c.obj)
 .text.z_impl_flash_get_page_info_by_offs
                0x0000000000010922        0x8 zephyr/drivers/flash/libdrivers__flash.a(flash_page_layout.c.obj)
                0x0000000000010922                z_impl_flash_get_page_info_by_offs
 .text.flash_page_foreach
                0x000000000001092a       0x58 zephyr/drivers/flash/libdrivers__flash.a(flash_page_layout.c.obj)
                0x000000000001092a                flash_page_foreach
 .text.flash_nrf_get_size
                0x0000000000010982       0x12 zephyr/drivers/flash/libdrivers__flash.a(soc_flash_nrf.c.obj)
 .text.is_regular_addr_valid
                0x0000000000010994       0x22 zephyr/drivers/flash/libdrivers__flash.a(soc_flash_nrf.c.obj)
 .text.flash_nrf_read
                0x00000000000109b6       0x28 zephyr/drivers/flash/libdrivers__flash.a(soc_flash_nrf.c.obj)
 .text.spi_nor_pages_layout
                0x00000000000109de        0xc zephyr/drivers/flash/libdrivers__flash.a(spi_nor.c.obj)
 .text.flash_nor_get_size
                0x00000000000109ea        0xc zephyr/drivers/flash/libdrivers__flash.a(spi_nor.c.obj)
 .text.release_device.isra.0
                0x00000000000109f6        0x4 zephyr/drivers/flash/libdrivers__flash.a(spi_nor.c.obj)
 .text.acquire_device.isra.0
                0x00000000000109fa        0xc zephyr/drivers/flash/libdrivers__flash.a(spi_nor.c.obj)
 .text.spi_nor_access
                0x0000000000010a06       0x8e zephyr/drivers/flash/libdrivers__flash.a(spi_nor.c.obj)
 .text.spi_nor_write_protection_set
                0x0000000000010a94       0x3a zephyr/drivers/flash/libdrivers__flash.a(spi_nor.c.obj)
 .text.spi_nor_rdsr
                0x0000000000010ace       0x22 zephyr/drivers/flash/libdrivers__flash.a(spi_nor.c.obj)
 .text.spi_nor_wait_until_ready
                0x0000000000010af0       0x3a zephyr/drivers/flash/libdrivers__flash.a(spi_nor.c.obj)
 .text.spi_nor_erase
                0x0000000000010b2a      0x116 zephyr/drivers/flash/libdrivers__flash.a(spi_nor.c.obj)
 .text.spi_nor_write
                0x0000000000010c40       0xc0 zephyr/drivers/flash/libdrivers__flash.a(spi_nor.c.obj)
 .text.spi_nor_read
                0x0000000000010d00       0x40 zephyr/drivers/flash/libdrivers__flash.a(spi_nor.c.obj)
 .text.exit_dpd
                0x0000000000010d40       0x9e zephyr/drivers/flash/libdrivers__flash.a(spi_nor.c.obj)
 .text.spi_nor_init
                0x0000000000010dde      0x2ba zephyr/drivers/flash/libdrivers__flash.a(spi_nor.c.obj)
 .text.gpio_nrfx_port_get_raw
                0x0000000000011098        0xc zephyr/drivers/gpio/libdrivers__gpio.a(gpio_nrfx.c.obj)
 .text.gpio_nrfx_port_set_masked_raw
                0x00000000000110a4       0x14 zephyr/drivers/gpio/libdrivers__gpio.a(gpio_nrfx.c.obj)
 .text.gpio_nrfx_port_set_bits_raw
                0x00000000000110b8        0xa zephyr/drivers/gpio/libdrivers__gpio.a(gpio_nrfx.c.obj)
 .text.gpio_nrfx_port_clear_bits_raw
                0x00000000000110c2        0xa zephyr/drivers/gpio/libdrivers__gpio.a(gpio_nrfx.c.obj)
 .text.gpio_nrfx_port_toggle_bits
                0x00000000000110cc       0x14 zephyr/drivers/gpio/libdrivers__gpio.a(gpio_nrfx.c.obj)
 .text.gpio_nrfx_manage_callback
                0x00000000000110e0       0x52 zephyr/drivers/gpio/libdrivers__gpio.a(gpio_nrfx.c.obj)
 .text.pinctrl_lookup_state
                0x0000000000011132       0x26 zephyr/drivers/pinctrl/libdrivers__pinctrl.a(common.c.obj)
                0x0000000000011132                pinctrl_lookup_state
 .text.uarte_nrfx_err_check
                0x0000000000011158        0xe zephyr/drivers/serial/libdrivers__serial.a(uart_nrfx_uarte.c.obj)
 .text.uarte_nrfx_poll_in
                0x0000000000011166       0x26 zephyr/drivers/serial/libdrivers__serial.a(uart_nrfx_uarte.c.obj)
 .text.uarte_nrfx_fifo_read
                0x000000000001118c       0x28 zephyr/drivers/serial/libdrivers__serial.a(uart_nrfx_uarte.c.obj)
 .text.uarte_nrfx_irq_tx_enable
                0x00000000000111b4       0x34 zephyr/drivers/serial/libdrivers__serial.a(uart_nrfx_uarte.c.obj)
 .text.uarte_nrfx_irq_tx_disable
                0x00000000000111e8       0x10 zephyr/drivers/serial/libdrivers__serial.a(uart_nrfx_uarte.c.obj)
 .text.uarte_nrfx_irq_tx_ready_complete
                0x00000000000111f8       0x1e zephyr/drivers/serial/libdrivers__serial.a(uart_nrfx_uarte.c.obj)
 .text.uarte_nrfx_irq_rx_ready
                0x0000000000011216       0x10 zephyr/drivers/serial/libdrivers__serial.a(uart_nrfx_uarte.c.obj)
 .text.uarte_nrfx_irq_rx_enable
                0x0000000000011226        0xc zephyr/drivers/serial/libdrivers__serial.a(uart_nrfx_uarte.c.obj)
 .text.uarte_nrfx_irq_rx_disable
                0x0000000000011232        0xc zephyr/drivers/serial/libdrivers__serial.a(uart_nrfx_uarte.c.obj)
 .text.uarte_nrfx_irq_err_enable
                0x000000000001123e        0xe zephyr/drivers/serial/libdrivers__serial.a(uart_nrfx_uarte.c.obj)
 .text.uarte_nrfx_irq_err_disable
                0x000000000001124c        0xe zephyr/drivers/serial/libdrivers__serial.a(uart_nrfx_uarte.c.obj)
 .text.uarte_nrfx_irq_is_pending
                0x000000000001125a       0x36 zephyr/drivers/serial/libdrivers__serial.a(uart_nrfx_uarte.c.obj)
 .text.uarte_nrfx_irq_update
                0x0000000000011290        0x4 zephyr/drivers/serial/libdrivers__serial.a(uart_nrfx_uarte.c.obj)
 .text.uarte_nrfx_irq_callback_set
                0x0000000000011294        0xc zephyr/drivers/serial/libdrivers__serial.a(uart_nrfx_uarte.c.obj)
 .text.is_tx_ready.isra.0
                0x00000000000112a0       0x20 zephyr/drivers/serial/libdrivers__serial.a(uart_nrfx_uarte.c.obj)
 .text.uarte_nrfx_isr_int
                0x00000000000112c0       0x88 zephyr/drivers/serial/libdrivers__serial.a(uart_nrfx_uarte.c.obj)
 .text.uarte_1_init
                0x0000000000011348       0x1e zephyr/drivers/serial/libdrivers__serial.a(uart_nrfx_uarte.c.obj)
 .text.uarte_0_init
                0x0000000000011366       0x1e zephyr/drivers/serial/libdrivers__serial.a(uart_nrfx_uarte.c.obj)
 .text.uarte_nrfx_fifo_fill
                0x0000000000011384       0x8a zephyr/drivers/serial/libdrivers__serial.a(uart_nrfx_uarte.c.obj)
 .text.irq_connect3
                0x000000000001140e        0xa zephyr/drivers/spi/libdrivers__spi.a(spi_nrfx_spim.c.obj)
 .text.spi_context_get_next_buf.constprop.0
                0x0000000000011418       0x26 zephyr/drivers/spi/libdrivers__spi.a(spi_nrfx_spim.c.obj)
 .text.pinctrl_apply_state.constprop.0
                0x000000000001143e       0x20 zephyr/drivers/spi/libdrivers__spi.a(spi_nrfx_spim.c.obj)
 .text.gpio_pin_set_dt.isra.0
                0x000000000001145e       0x28 zephyr/drivers/spi/libdrivers__spi.a(spi_nrfx_spim.c.obj)
 .text._spi_context_cs_control
                0x0000000000011486       0x40 zephyr/drivers/spi/libdrivers__spi.a(spi_nrfx_spim.c.obj)
 .text.spi_context_unlock_unconditionally
                0x00000000000114c6       0x20 zephyr/drivers/spi/libdrivers__spi.a(spi_nrfx_spim.c.obj)
 .text.spi_nrfx_release
                0x00000000000114e6       0x24 zephyr/drivers/spi/libdrivers__spi.a(spi_nrfx_spim.c.obj)
 .text.spi_nrfx_init
                0x000000000001150a       0xb8 zephyr/drivers/spi/libdrivers__spi.a(spi_nrfx_spim.c.obj)
 .text.finish_transaction
                0x00000000000115c2       0x22 zephyr/drivers/spi/libdrivers__spi.a(spi_nrfx_spim.c.obj)
 .text.event_handler
                0x00000000000115e4       0xb2 zephyr/drivers/spi/libdrivers__spi.a(spi_nrfx_spim.c.obj)
 .text.event_clear
                0x0000000000011696       0x18 zephyr/drivers/timer/libdrivers__timer.a(nrf_rtc_timer.c.obj)
 .text.sys_clock_cycle_get_32
                0x00000000000116ae        0x8 zephyr/drivers/timer/libdrivers__timer.a(nrf_rtc_timer.c.obj)
                0x00000000000116ae                sys_clock_cycle_get_32
 .text.skip_ext_apis
                0x00000000000116b6       0x16 modules/nrf/subsys/fw_info/lib..__nrf__subsys__fw_info.a(fw_info.c.obj)
                0x00000000000116b6                skip_ext_apis
 .text.hw_cc3xx_init_internal
                0x00000000000116cc        0x4 modules/nrf/drivers/hw_cc3xx/lib..__nrf__drivers__hw_cc3xx.a(hw_cc3xx.c.obj)
 .text.hw_cc3xx_init
                0x00000000000116d0       0x12 modules/nrf/drivers/hw_cc3xx/lib..__nrf__drivers__hw_cc3xx.a(hw_cc3xx.c.obj)
 .text.boot_swap_info_off
                0x00000000000116e2        0xc modules/mcuboot/boot/bootutil/zephyr/libmcuboot_util.a(bootutil_public.c.obj)
                0x00000000000116e2                boot_swap_info_off
 .text.boot_magic_compatible_check
                0x00000000000116ee       0x1c modules/mcuboot/boot/bootutil/zephyr/libmcuboot_util.a(bootutil_public.c.obj)
                0x00000000000116ee                boot_magic_compatible_check
 .text.bootutil_buffer_is_erased
                0x000000000001170a       0x26 modules/mcuboot/boot/bootutil/zephyr/libmcuboot_util.a(bootutil_public.c.obj)
                0x000000000001170a                bootutil_buffer_is_erased
 .text.boot_read_flag
                0x0000000000011730       0x38 modules/mcuboot/boot/bootutil/zephyr/libmcuboot_util.a(bootutil_public.c.obj)
 .text.boot_write_trailer
                0x0000000000011768       0x58 modules/mcuboot/boot/bootutil/zephyr/libmcuboot_util.a(bootutil_public.c.obj)
                0x0000000000011768                boot_write_trailer
 .text.boot_write_trailer_flag
                0x00000000000117c0       0x14 modules/mcuboot/boot/bootutil/zephyr/libmcuboot_util.a(bootutil_public.c.obj)
                0x00000000000117c0                boot_write_trailer_flag
 .text.boot_write_image_ok
                0x00000000000117d4        0xe modules/mcuboot/boot/bootutil/zephyr/libmcuboot_util.a(bootutil_public.c.obj)
                0x00000000000117d4                boot_write_image_ok
 .text.boot_read_image_ok
                0x00000000000117e2        0xc modules/mcuboot/boot/bootutil/zephyr/libmcuboot_util.a(bootutil_public.c.obj)
                0x00000000000117e2                boot_read_image_ok
 .text.boot_read_swap_state_by_id
                0x00000000000117ee       0x28 modules/mcuboot/boot/bootutil/zephyr/libmcuboot_util.a(bootutil_public.c.obj)
                0x00000000000117ee                boot_read_swap_state_by_id
 .text.boot_write_swap_info
                0x0000000000011816       0x22 modules/mcuboot/boot/bootutil/zephyr/libmcuboot_util.a(bootutil_public.c.obj)
                0x0000000000011816                boot_write_swap_info
 .text.boot_write_copy_done
                0x0000000000011838       0x10 modules/mcuboot/boot/bootutil/zephyr/libmcuboot_util.a(bootutil_public.c.obj)
                0x0000000000011838                boot_write_copy_done
 .text.boot_set_next
                0x0000000000011848       0x7c modules/mcuboot/boot/bootutil/zephyr/libmcuboot_util.a(bootutil_public.c.obj)
                0x0000000000011848                boot_set_next
 .text.nrf91_errata_6
                0x00000000000118c4       0x1e modules/hal_nordic/modules/hal_nordic/nrfx/libmodules__hal_nordic__nrfx.a(system_nrf91.c.obj)
 .text.nrf91_errata_14
                0x00000000000118e2       0x24 modules/hal_nordic/modules/hal_nordic/nrfx/libmodules__hal_nordic__nrfx.a(system_nrf91.c.obj)
 .text.nrfx_isr
                0x0000000000011906        0x2 modules/hal_nordic/modules/hal_nordic/nrfx/libmodules__hal_nordic__nrfx.a(nrfx_glue.c.obj)
                0x0000000000011906                nrfx_isr
 .text.nrfx_busy_wait
                0x0000000000011908        0x4 modules/hal_nordic/modules/hal_nordic/nrfx/libmodules__hal_nordic__nrfx.a(nrfx_glue.c.obj)
                0x0000000000011908                nrfx_busy_wait
 .text.nrfx_gppi_channel_endpoints_setup
                0x000000000001190c        0xe modules/hal_nordic/modules/hal_nordic/nrfx/libmodules__hal_nordic__nrfx.a(nrfx_gppi_dppi.c.obj)
                0x000000000001190c                nrfx_gppi_channel_endpoints_setup
 .text.clock_stop
                0x000000000001191a       0xae modules/hal_nordic/modules/hal_nordic/nrfx/libmodules__hal_nordic__nrfx.a(nrfx_clock.c.obj)
 .text.nrfx_clock_stop
                0x00000000000119c8        0x4 modules/hal_nordic/modules/hal_nordic/nrfx/libmodules__hal_nordic__nrfx.a(nrfx_clock.c.obj)
                0x00000000000119c8                nrfx_clock_stop
 .text.nrf_gpio_reconfigure
                0x00000000000119cc       0x92 modules/hal_nordic/modules/hal_nordic/nrfx/libmodules__hal_nordic__nrfx.a(nrfx_gpiote.c.obj)
 .text.nrf_gpio_cfg_sense_set
                0x0000000000011a5e       0x1e modules/hal_nordic/modules/hal_nordic/nrfx/libmodules__hal_nordic__nrfx.a(nrfx_gpiote.c.obj)
 .text.nrfx_gpiote_pin_uninit
                0x0000000000011a7c        0x4 modules/hal_nordic/modules/hal_nordic/nrfx/libmodules__hal_nordic__nrfx.a(nrfx_gpiote.c.obj)
                0x0000000000011a7c                nrfx_gpiote_pin_uninit
 .text.nrfx_gpiote_trigger_disable
                0x0000000000011a80        0x4 modules/hal_nordic/modules/hal_nordic/nrfx/libmodules__hal_nordic__nrfx.a(nrfx_gpiote.c.obj)
                0x0000000000011a80                nrfx_gpiote_trigger_disable
 .text.nrfx_gpiote_in_event_get
                0x0000000000011a84        0x6 modules/hal_nordic/modules/hal_nordic/nrfx/libmodules__hal_nordic__nrfx.a(nrfx_gpiote.c.obj)
                0x0000000000011a84                nrfx_gpiote_in_event_get
 .text.nrfx_nvmc_flash_size_get
                0x0000000000011a8a        0x6 modules/hal_nordic/modules/hal_nordic/nrfx/libmodules__hal_nordic__nrfx.a(nrfx_nvmc.c.obj)
                0x0000000000011a8a                nrfx_nvmc_flash_size_get
 .text.nrfx_nvmc_flash_page_size_get
                0x0000000000011a90        0x6 modules/hal_nordic/modules/hal_nordic/nrfx/libmodules__hal_nordic__nrfx.a(nrfx_nvmc.c.obj)
                0x0000000000011a90                nrfx_nvmc_flash_page_size_get
 .text.nrfx_nvmc_flash_page_count_get
                0x0000000000011a96        0x6 modules/hal_nordic/modules/hal_nordic/nrfx/libmodules__hal_nordic__nrfx.a(nrfx_nvmc.c.obj)
                0x0000000000011a96                nrfx_nvmc_flash_page_count_get
 .text.__nrfy_internal_spim_event_handle
                0x0000000000011a9c       0x2a modules/hal_nordic/modules/hal_nordic/nrfx/libmodules__hal_nordic__nrfx.a(nrfx_spim.c.obj)
 .text.__nrfy_internal_spim_events_process
                0x0000000000011ac6       0x7c modules/hal_nordic/modules/hal_nordic/nrfx/libmodules__hal_nordic__nrfx.a(nrfx_spim.c.obj)
 .text.spim_abort
                0x0000000000011b42       0x2c modules/hal_nordic/modules/hal_nordic/nrfx/libmodules__hal_nordic__nrfx.a(nrfx_spim.c.obj)
 .text.zcbor_new_backup
                0x0000000000011b6e       0x3c modules/zcbor/libmodules__zcbor.a(zcbor_common.c.obj)
                0x0000000000011b6e                zcbor_new_backup
 .text.zcbor_process_backup
                0x0000000000011baa       0x8c modules/zcbor/libmodules__zcbor.a(zcbor_common.c.obj)
                0x0000000000011baa                zcbor_process_backup
 .text.zcbor_new_state
                0x0000000000011c36       0x4c modules/zcbor/libmodules__zcbor.a(zcbor_common.c.obj)
                0x0000000000011c36                zcbor_new_state
 .text.zcbor_header_len
                0x0000000000011c82       0x32 modules/zcbor/libmodules__zcbor.a(zcbor_common.c.obj)
                0x0000000000011c82                zcbor_header_len
 .text.zcbor_header_len_ptr
                0x0000000000011cb4       0x2c modules/zcbor/libmodules__zcbor.a(zcbor_common.c.obj)
                0x0000000000011cb4                zcbor_header_len_ptr
 .text.zcbor_error.isra.0
                0x0000000000011ce0        0x6 modules/zcbor/libmodules__zcbor.a(zcbor_decode.c.obj)
 .text.err_restore
                0x0000000000011ce6       0x10 modules/zcbor/libmodules__zcbor.a(zcbor_decode.c.obj)
 .text.initial_checks
                0x0000000000011cf6       0x1a modules/zcbor/libmodules__zcbor.a(zcbor_decode.c.obj)
 .text.type_check
                0x0000000000011d10       0x22 modules/zcbor/libmodules__zcbor.a(zcbor_decode.c.obj)
 .text.array_end_expect
                0x0000000000011d32       0x24 modules/zcbor/libmodules__zcbor.a(zcbor_decode.c.obj)
 .text.list_map_end_decode
                0x0000000000011d56       0x24 modules/zcbor/libmodules__zcbor.a(zcbor_decode.c.obj)
 .text.value_extract
                0x0000000000011d7a       0xda modules/zcbor/libmodules__zcbor.a(zcbor_decode.c.obj)
 .text.str_start_decode
                0x0000000000011e54       0x28 modules/zcbor/libmodules__zcbor.a(zcbor_decode.c.obj)
 .text.list_map_start_decode
                0x0000000000011e7c       0x4c modules/zcbor/libmodules__zcbor.a(zcbor_decode.c.obj)
 .text.str_start_decode_with_overflow_check
                0x0000000000011ec8       0x24 modules/zcbor/libmodules__zcbor.a(zcbor_decode.c.obj)
 .text.str_decode
                0x0000000000011eec       0x16 modules/zcbor/libmodules__zcbor.a(zcbor_decode.c.obj)
 .text.zcbor_uint_decode
                0x0000000000011f02       0x22 modules/zcbor/libmodules__zcbor.a(zcbor_decode.c.obj)
                0x0000000000011f02                zcbor_uint_decode
 .text.zcbor_uint32_decode
                0x0000000000011f24        0x6 modules/zcbor/libmodules__zcbor.a(zcbor_decode.c.obj)
                0x0000000000011f24                zcbor_uint32_decode
 .text.zcbor_size_decode
                0x0000000000011f2a        0x4 modules/zcbor/libmodules__zcbor.a(zcbor_decode.c.obj)
                0x0000000000011f2a                zcbor_size_decode
 .text.zcbor_bstr_decode
                0x0000000000011f2e        0x6 modules/zcbor/libmodules__zcbor.a(zcbor_decode.c.obj)
                0x0000000000011f2e                zcbor_bstr_decode
 .text.zcbor_tstr_decode
                0x0000000000011f34        0x6 modules/zcbor/libmodules__zcbor.a(zcbor_decode.c.obj)
                0x0000000000011f34                zcbor_tstr_decode
 .text.zcbor_map_start_decode
                0x0000000000011f3a       0x2c modules/zcbor/libmodules__zcbor.a(zcbor_decode.c.obj)
                0x0000000000011f3a                zcbor_map_start_decode
 .text.zcbor_array_at_end
                0x0000000000011f66       0x26 modules/zcbor/libmodules__zcbor.a(zcbor_decode.c.obj)
                0x0000000000011f66                zcbor_array_at_end
 .text.zcbor_map_end_decode
                0x0000000000011f8c        0x4 modules/zcbor/libmodules__zcbor.a(zcbor_decode.c.obj)
                0x0000000000011f8c                zcbor_map_end_decode
 .text.zcbor_simple_decode
                0x0000000000011f90       0x4a modules/zcbor/libmodules__zcbor.a(zcbor_decode.c.obj)
                0x0000000000011f90                zcbor_simple_decode
 .text.zcbor_bool_decode
                0x0000000000011fda       0x36 modules/zcbor/libmodules__zcbor.a(zcbor_decode.c.obj)
                0x0000000000011fda                zcbor_bool_decode
 .text.zcbor_tag_decode
                0x0000000000012010       0x2a modules/zcbor/libmodules__zcbor.a(zcbor_decode.c.obj)
                0x0000000000012010                zcbor_tag_decode
 .text.zcbor_any_skip
                0x000000000001203a      0x106 modules/zcbor/libmodules__zcbor.a(zcbor_decode.c.obj)
                0x000000000001203a                zcbor_any_skip
 .text.zcbor_error.isra.0
                0x0000000000012140        0x6 modules/zcbor/libmodules__zcbor.a(zcbor_encode.c.obj)
 .text.encode_header_byte
                0x0000000000012146       0x2a modules/zcbor/libmodules__zcbor.a(zcbor_encode.c.obj)
 .text.value_encode
                0x0000000000012170       0x20 modules/zcbor/libmodules__zcbor.a(zcbor_encode.c.obj)
 .text.str_encode
                0x0000000000012190       0x6e modules/zcbor/libmodules__zcbor.a(zcbor_encode.c.obj)
 .text.zcbor_int_encode
                0x00000000000121fe       0x46 modules/zcbor/libmodules__zcbor.a(zcbor_encode.c.obj)
                0x00000000000121fe                zcbor_int_encode
 .text.zcbor_uint_encode
                0x0000000000012244        0xa modules/zcbor/libmodules__zcbor.a(zcbor_encode.c.obj)
                0x0000000000012244                zcbor_uint_encode
 .text.zcbor_int32_put
                0x000000000001224e       0x14 modules/zcbor/libmodules__zcbor.a(zcbor_encode.c.obj)
                0x000000000001224e                zcbor_int32_put
 .text.zcbor_uint32_put
                0x0000000000012262       0x14 modules/zcbor/libmodules__zcbor.a(zcbor_encode.c.obj)
                0x0000000000012262                zcbor_uint32_put
 .text.zcbor_bstr_encode
                0x0000000000012276        0x6 modules/zcbor/libmodules__zcbor.a(zcbor_encode.c.obj)
                0x0000000000012276                zcbor_bstr_encode
 .text.zcbor_tstr_encode
                0x000000000001227c        0x6 modules/zcbor/libmodules__zcbor.a(zcbor_encode.c.obj)
                0x000000000001227c                zcbor_tstr_encode
 .text.zcbor_bstr_encode_ptr
                0x0000000000012282       0x12 modules/zcbor/libmodules__zcbor.a(zcbor_encode.c.obj)
                0x0000000000012282                zcbor_bstr_encode_ptr
 .text.zcbor_tstr_encode_ptr
                0x0000000000012294       0x12 modules/zcbor/libmodules__zcbor.a(zcbor_encode.c.obj)
                0x0000000000012294                zcbor_tstr_encode_ptr
 .text.zcbor_list_start_encode
                0x00000000000122a6        0x8 modules/zcbor/libmodules__zcbor.a(zcbor_encode.c.obj)
                0x00000000000122a6                zcbor_list_start_encode
 .text.zcbor_map_start_encode
                0x00000000000122ae        0x8 modules/zcbor/libmodules__zcbor.a(zcbor_encode.c.obj)
                0x00000000000122ae                zcbor_map_start_encode
 .text.zcbor_list_end_encode
                0x00000000000122b6        0x8 modules/zcbor/libmodules__zcbor.a(zcbor_encode.c.obj)
                0x00000000000122b6                zcbor_list_end_encode
 .text.zcbor_map_end_encode
                0x00000000000122be        0x4 modules/zcbor/libmodules__zcbor.a(zcbor_encode.c.obj)
                0x00000000000122be                zcbor_map_end_encode
 .text.zcbor_simple_encode
                0x00000000000122c2       0x24 modules/zcbor/libmodules__zcbor.a(zcbor_encode.c.obj)
                0x00000000000122c2                zcbor_simple_encode
 .text.zcbor_bool_put
                0x00000000000122e6       0x16 modules/zcbor/libmodules__zcbor.a(zcbor_encode.c.obj)
                0x00000000000122e6                zcbor_bool_put
 .text.zcbor_new_encode_state
                0x00000000000122fc       0x14 modules/zcbor/libmodules__zcbor.a(zcbor_encode.c.obj)
                0x00000000000122fc                zcbor_new_encode_state
 .text.z_impl_k_busy_wait
                0x0000000000012310        0x8 zephyr/kernel/libkernel.a(busy_wait.c.obj)
                0x0000000000012310                z_impl_k_busy_wait
 .text.z_device_state_init
                0x0000000000012318        0x2 zephyr/kernel/libkernel.a(device.c.obj)
                0x0000000000012318                z_device_state_init
 .text.z_impl_device_is_ready
                0x000000000001231a       0x16 zephyr/kernel/libkernel.a(device.c.obj)
                0x000000000001231a                z_impl_device_is_ready
 .text.arch_system_halt
                0x0000000000012330       0x10 zephyr/kernel/libkernel.a(fatal.c.obj)
                0x0000000000012330                arch_system_halt
 .text.k_sys_fatal_error_handler
                0x0000000000012340        0x6 zephyr/kernel/libkernel.a(fatal.c.obj)
                0x0000000000012340                k_sys_fatal_error_handler
 .text.do_device_init
                0x0000000000012346       0x30 zephyr/kernel/libkernel.a(init.c.obj)
 .text.z_early_memset
                0x0000000000012376        0x4 zephyr/kernel/libkernel.a(init.c.obj)
                0x0000000000012376                z_early_memset
 .text.z_early_memcpy
                0x000000000001237a        0x4 zephyr/kernel/libkernel.a(init.c.obj)
                0x000000000001237a                z_early_memcpy
 .text.z_init_static
                0x000000000001237e        0x2 zephyr/kernel/libkernel.a(init_static.c.obj)
                0x000000000001237e                z_init_static
 .text.create_free_list
                0x0000000000012380       0x34 zephyr/kernel/libkernel.a(mem_slab.c.obj)
 .text.k_mem_slab_init
                0x00000000000123b4       0x1c zephyr/kernel/libkernel.a(mem_slab.c.obj)
                0x00000000000123b4                k_mem_slab_init
 .text.k_mem_slab_free
                0x00000000000123d0       0x6e zephyr/kernel/libkernel.a(mem_slab.c.obj)
                0x00000000000123d0                k_mem_slab_free
 .text.idle     0x000000000001243e       0x16 zephyr/kernel/libkernel.a(idle.c.obj)
                0x000000000001243e                idle
 .text.adjust_owner_prio.isra.0
                0x0000000000012454       0x10 zephyr/kernel/libkernel.a(mutex.c.obj)
 .text.z_impl_k_mutex_init
                0x0000000000012464        0xe zephyr/kernel/libkernel.a(mutex.c.obj)
                0x0000000000012464                z_impl_k_mutex_init
 .text.z_impl_k_sem_init
                0x0000000000012472       0x18 zephyr/kernel/libkernel.a(sem.c.obj)
                0x0000000000012472                z_impl_k_sem_init
 .text.k_is_in_isr
                0x000000000001248a        0xc zephyr/kernel/libkernel.a(thread.c.obj)
                0x000000000001248a                k_is_in_isr
 .text.sys_dlist_remove
                0x0000000000012496       0x10 zephyr/kernel/libkernel.a(sched.c.obj)
 .text.unpend_thread_no_timeout
                0x00000000000124a6       0x14 zephyr/kernel/libkernel.a(sched.c.obj)
 .text.add_to_waitq_locked
                0x00000000000124ba       0x50 zephyr/kernel/libkernel.a(sched.c.obj)
 .text.z_ready_thread
                0x000000000001250a       0x1e zephyr/kernel/libkernel.a(sched.c.obj)
                0x000000000001250a                z_ready_thread
 .text.z_sched_wake_thread
                0x0000000000012528       0x3a zephyr/kernel/libkernel.a(sched.c.obj)
                0x0000000000012528                z_sched_wake_thread
 .text.z_thread_timeout
                0x0000000000012562        0x8 zephyr/kernel/libkernel.a(sched.c.obj)
                0x0000000000012562                z_thread_timeout
 .text.z_impl_k_sleep
                0x000000000001256a       0x32 zephyr/kernel/libkernel.a(sched.c.obj)
                0x000000000001256a                z_impl_k_sleep
 .text.next_timeout
                0x000000000001259c       0x32 zephyr/kernel/libkernel.a(timeout.c.obj)
 .text.z_abort_timeout
                0x00000000000125ce       0x42 zephyr/kernel/libkernel.a(timeout.c.obj)
                0x00000000000125ce                z_abort_timeout
 .text.sys_clock_tick_get_32
                0x0000000000012610        0x8 zephyr/kernel/libkernel.a(timeout.c.obj)
                0x0000000000012610                sys_clock_tick_get_32
 .text.z_impl_k_uptime_ticks
                0x0000000000012618        0x4 zephyr/kernel/libkernel.a(timeout.c.obj)
                0x0000000000012618                z_impl_k_uptime_ticks
 *(SORT_BY_ALIGNMENT(.TEXT.*))
 *(SORT_BY_ALIGNMENT(.gnu.linkonce.t.*))
 *(SORT_BY_ALIGNMENT(.glue_7t))
 .glue_7t       0x000000000001261c        0x0 linker stubs
 *(SORT_BY_ALIGNMENT(.glue_7))
 .glue_7        0x000000000001261c        0x0 linker stubs
 *(SORT_BY_ALIGNMENT(.vfp11_veneer))
 .vfp11_veneer  0x000000000001261c        0x0 linker stubs
 *(SORT_BY_ALIGNMENT(.v4_bx))
 .v4_bx         0x000000000001261c        0x0 linker stubs
                0x000000000001261c                . = ALIGN (0x4)
                0x000000000001261c                __text_region_end = .

.ARM.exidx      0x000000000001261c        0x8
                0x000000000001261c                __exidx_start = .
 *(SORT_BY_ALIGNMENT(.ARM.exidx*) SORT_BY_ALIGNMENT(gnu.linkonce.armexidx.*))
 .ARM.exidx     0x000000000001261c        0x8 c:/ncs/toolchains/0b393f9e1b/opt/zephyr-sdk/arm-zephyr-eabi/bin/../lib/gcc/arm-zephyr-eabi/12.2.0/thumb/v8-m.main/nofp\libgcc.a(_udivmoddi4.o)
                0x0000000000012624                __exidx_end = .
                0x0000000000012624                __rodata_region_start = .

initlevel       0x0000000000012624       0x68
                0x0000000000012624                __init_start = .
                0x0000000000012624                __init_EARLY_start = .
 *(SORT_BY_NAME(SORT_BY_ALIGNMENT(.z_init_EARLY?_*)))
 *(SORT_BY_NAME(SORT_BY_ALIGNMENT(.z_init_EARLY??_*)))
                0x0000000000012624                __init_PRE_KERNEL_1_start = .
 *(SORT_BY_NAME(SORT_BY_ALIGNMENT(.z_init_PRE_KERNEL_1?_*)))
 .z_init_PRE_KERNEL_10_0_
                0x0000000000012624        0x8 zephyr/soc/soc/nrf9151/libsoc__nordic.a(soc.c.obj)
 *(SORT_BY_NAME(SORT_BY_ALIGNMENT(.z_init_PRE_KERNEL_1??_*)))
 .z_init_PRE_KERNEL_130_00052_
                0x000000000001262c        0x8 zephyr/drivers/clock_control/libdrivers__clock_control.a(clock_control_nrf.c.obj)
 .z_init_PRE_KERNEL_130_0_
                0x0000000000012634        0x8 zephyr/kernel/libkernel.a(mem_slab.c.obj)
 .z_init_PRE_KERNEL_140_00008_
                0x000000000001263c        0x8 zephyr/drivers/gpio/libdrivers__gpio.a(gpio_nrfx.c.obj)